 
****************************************
Report : Scan path
Design : mor1kx_aes_soc
Version: S-2021.06-SP4
Date   : Thu Sep  3 12:49:55 2026
****************************************

========================================
TEST MODE: Internal_scan
VIEW     : Specification
========================================
No scan path defined in this mode.

 
****************************************
Report : Scan path
Design : mor1kx_aes_soc
Version: S-2021.06-SP4
Date   : Thu Sep  3 12:49:55 2026
****************************************

========================================
TEST MODE: Internal_scan
VIEW     : Existing DFT
========================================

========================================
AS SPECIFIED BY USER
========================================


========================================
AS BUILT BY insert_dft
========================================

Scan_path    Len   ScanDataIn  ScanDataOut ScanEnable  MasterClock SlaveClock
-----------  ----- ----------- ----------- ----------- ----------- -----------
I 1          1024  scan_in     scan_out    scan_en     clk         -

========================================
TEST MODE: Internal_scan
VIEW     : Existing DFT
========================================

========================================
AS SPECIFIED BY USER
========================================


========================================
AS BUILT BY insert_dft
========================================

Scan_path     Cell_#    Instance_name            Clocks
---------     ------    -------------            ------
I 1           0         u_aes_peripheral/key_reg_reg[0] clk 
              1         u_aes_peripheral/key_reg_reg[1]
              2         u_aes_peripheral/key_reg_reg[2]
              3         u_aes_peripheral/key_reg_reg[3]
              4         u_aes_peripheral/key_reg_reg[4]
              5         u_aes_peripheral/key_reg_reg[5]
              6         u_aes_peripheral/key_reg_reg[6]
              7         u_aes_peripheral/key_reg_reg[7]
              8         u_aes_peripheral/key_reg_reg[8]
              9         u_aes_peripheral/key_reg_reg[9]
              10        u_aes_peripheral/key_reg_reg[10]
              11        u_aes_peripheral/key_reg_reg[11]
              12        u_aes_peripheral/key_reg_reg[12]
              13        u_aes_peripheral/key_reg_reg[13]
              14        u_aes_peripheral/key_reg_reg[14]
              15        u_aes_peripheral/key_reg_reg[15]
              16        u_aes_peripheral/key_reg_reg[16]
              17        u_aes_peripheral/key_reg_reg[17]
              18        u_aes_peripheral/key_reg_reg[18]
              19        u_aes_peripheral/key_reg_reg[19]
              20        u_aes_peripheral/key_reg_reg[20]
              21        u_aes_peripheral/key_reg_reg[21]
              22        u_aes_peripheral/key_reg_reg[22]
              23        u_aes_peripheral/key_reg_reg[23]
              24        u_aes_peripheral/key_reg_reg[24]
              25        u_aes_peripheral/key_reg_reg[25]
              26        u_aes_peripheral/key_reg_reg[26]
              27        u_aes_peripheral/key_reg_reg[27]
              28        u_aes_peripheral/key_reg_reg[28]
              29        u_aes_peripheral/key_reg_reg[29]
              30        u_aes_peripheral/key_reg_reg[30]
              31        u_aes_peripheral/key_reg_reg[31]
              32        u_aes_peripheral/key_reg_reg[32]
              33        u_aes_peripheral/key_reg_reg[33]
              34        u_aes_peripheral/key_reg_reg[34]
              35        u_aes_peripheral/key_reg_reg[35]
              36        u_aes_peripheral/key_reg_reg[36]
              37        u_aes_peripheral/key_reg_reg[37]
              38        u_aes_peripheral/key_reg_reg[38]
              39        u_aes_peripheral/key_reg_reg[39]
              40        u_aes_peripheral/key_reg_reg[40]
              41        u_aes_peripheral/key_reg_reg[41]
              42        u_aes_peripheral/key_reg_reg[42]
              43        u_aes_peripheral/key_reg_reg[43]
              44        u_aes_peripheral/key_reg_reg[44]
              45        u_aes_peripheral/key_reg_reg[45]
              46        u_aes_peripheral/key_reg_reg[46]
              47        u_aes_peripheral/key_reg_reg[47]
              48        u_aes_peripheral/key_reg_reg[48]
              49        u_aes_peripheral/key_reg_reg[49]
              50        u_aes_peripheral/key_reg_reg[50]
              51        u_aes_peripheral/key_reg_reg[51]
              52        u_aes_peripheral/key_reg_reg[52]
              53        u_aes_peripheral/key_reg_reg[53]
              54        u_aes_peripheral/key_reg_reg[54]
              55        u_aes_peripheral/key_reg_reg[55]
              56        u_aes_peripheral/key_reg_reg[56]
              57        u_aes_peripheral/key_reg_reg[57]
              58        u_aes_peripheral/key_reg_reg[58]
              59        u_aes_peripheral/key_reg_reg[59]
              60        u_aes_peripheral/key_reg_reg[60]
              61        u_aes_peripheral/key_reg_reg[61]
              62        u_aes_peripheral/key_reg_reg[62]
              63        u_aes_peripheral/key_reg_reg[63]
              64        u_aes_peripheral/key_reg_reg[64]
              65        u_aes_peripheral/key_reg_reg[65]
              66        u_aes_peripheral/key_reg_reg[66]
              67        u_aes_peripheral/key_reg_reg[67]
              68        u_aes_peripheral/key_reg_reg[68]
              69        u_aes_peripheral/key_reg_reg[69]
              70        u_aes_peripheral/key_reg_reg[70]
              71        u_aes_peripheral/key_reg_reg[71]
              72        u_aes_peripheral/key_reg_reg[72]
              73        u_aes_peripheral/key_reg_reg[73]
              74        u_aes_peripheral/key_reg_reg[74]
              75        u_aes_peripheral/key_reg_reg[75]
              76        u_aes_peripheral/key_reg_reg[76]
              77        u_aes_peripheral/key_reg_reg[77]
              78        u_aes_peripheral/key_reg_reg[78]
              79        u_aes_peripheral/key_reg_reg[79]
              80        u_aes_peripheral/key_reg_reg[80]
              81        u_aes_peripheral/key_reg_reg[81]
              82        u_aes_peripheral/key_reg_reg[82]
              83        u_aes_peripheral/key_reg_reg[83]
              84        u_aes_peripheral/key_reg_reg[84]
              85        u_aes_peripheral/key_reg_reg[85]
              86        u_aes_peripheral/key_reg_reg[86]
              87        u_aes_peripheral/key_reg_reg[87]
              88        u_aes_peripheral/key_reg_reg[88]
              89        u_aes_peripheral/key_reg_reg[89]
              90        u_aes_peripheral/key_reg_reg[90]
              91        u_aes_peripheral/key_reg_reg[91]
              92        u_aes_peripheral/key_reg_reg[92]
              93        u_aes_peripheral/key_reg_reg[93]
              94        u_aes_peripheral/key_reg_reg[94]
              95        u_aes_peripheral/key_reg_reg[95]
              96        u_aes_peripheral/key_reg_reg[96]
              97        u_aes_peripheral/key_reg_reg[97]
              98        u_aes_peripheral/key_reg_reg[98]
              99        u_aes_peripheral/key_reg_reg[99]
              100       u_aes_peripheral/key_reg_reg[100]
              101       u_aes_peripheral/key_reg_reg[101]
              102       u_aes_peripheral/key_reg_reg[102]
              103       u_aes_peripheral/key_reg_reg[103]
              104       u_aes_peripheral/key_reg_reg[104]
              105       u_aes_peripheral/key_reg_reg[105]
              106       u_aes_peripheral/key_reg_reg[106]
              107       u_aes_peripheral/key_reg_reg[107]
              108       u_aes_peripheral/key_reg_reg[108]
              109       u_aes_peripheral/key_reg_reg[109]
              110       u_aes_peripheral/key_reg_reg[110]
              111       u_aes_peripheral/key_reg_reg[111]
              112       u_aes_peripheral/key_reg_reg[112]
              113       u_aes_peripheral/key_reg_reg[113]
              114       u_aes_peripheral/key_reg_reg[114]
              115       u_aes_peripheral/key_reg_reg[115]
              116       u_aes_peripheral/key_reg_reg[116]
              117       u_aes_peripheral/key_reg_reg[117]
              118       u_aes_peripheral/key_reg_reg[118]
              119       u_aes_peripheral/key_reg_reg[119]
              120       u_aes_peripheral/key_reg_reg[120]
              121       u_aes_peripheral/key_reg_reg[121]
              122       u_aes_peripheral/key_reg_reg[122]
              123       u_aes_peripheral/key_reg_reg[123]
              124       u_aes_peripheral/key_reg_reg[124]
              125       u_aes_peripheral/key_reg_reg[125]
              126       u_aes_peripheral/key_reg_reg[126]
              127       u_aes_peripheral/key_reg_reg[127]
              128       u_aes_peripheral/plaintext_reg_reg[0]
              129       u_aes_peripheral/plaintext_reg_reg[1]
              130       u_aes_peripheral/plaintext_reg_reg[2]
              131       u_aes_peripheral/plaintext_reg_reg[3]
              132       u_aes_peripheral/plaintext_reg_reg[4]
              133       u_aes_peripheral/plaintext_reg_reg[5]
              134       u_aes_peripheral/plaintext_reg_reg[6]
              135       u_aes_peripheral/plaintext_reg_reg[7]
              136       u_aes_peripheral/plaintext_reg_reg[8]
              137       u_aes_peripheral/plaintext_reg_reg[9]
              138       u_aes_peripheral/plaintext_reg_reg[10]
              139       u_aes_peripheral/plaintext_reg_reg[11]
              140       u_aes_peripheral/plaintext_reg_reg[12]
              141       u_aes_peripheral/plaintext_reg_reg[13]
              142       u_aes_peripheral/plaintext_reg_reg[14]
              143       u_aes_peripheral/plaintext_reg_reg[15]
              144       u_aes_peripheral/plaintext_reg_reg[16]
              145       u_aes_peripheral/plaintext_reg_reg[17]
              146       u_aes_peripheral/plaintext_reg_reg[18]
              147       u_aes_peripheral/plaintext_reg_reg[19]
              148       u_aes_peripheral/plaintext_reg_reg[20]
              149       u_aes_peripheral/plaintext_reg_reg[21]
              150       u_aes_peripheral/plaintext_reg_reg[22]
              151       u_aes_peripheral/plaintext_reg_reg[23]
              152       u_aes_peripheral/plaintext_reg_reg[24]
              153       u_aes_peripheral/plaintext_reg_reg[25]
              154       u_aes_peripheral/plaintext_reg_reg[26]
              155       u_aes_peripheral/plaintext_reg_reg[27]
              156       u_aes_peripheral/plaintext_reg_reg[28]
              157       u_aes_peripheral/plaintext_reg_reg[29]
              158       u_aes_peripheral/plaintext_reg_reg[30]
              159       u_aes_peripheral/plaintext_reg_reg[31]
              160       u_aes_peripheral/plaintext_reg_reg[32]
              161       u_aes_peripheral/plaintext_reg_reg[33]
              162       u_aes_peripheral/plaintext_reg_reg[34]
              163       u_aes_peripheral/plaintext_reg_reg[35]
              164       u_aes_peripheral/plaintext_reg_reg[36]
              165       u_aes_peripheral/plaintext_reg_reg[37]
              166       u_aes_peripheral/plaintext_reg_reg[38]
              167       u_aes_peripheral/plaintext_reg_reg[39]
              168       u_aes_peripheral/plaintext_reg_reg[40]
              169       u_aes_peripheral/plaintext_reg_reg[41]
              170       u_aes_peripheral/plaintext_reg_reg[42]
              171       u_aes_peripheral/plaintext_reg_reg[43]
              172       u_aes_peripheral/plaintext_reg_reg[44]
              173       u_aes_peripheral/plaintext_reg_reg[45]
              174       u_aes_peripheral/plaintext_reg_reg[46]
              175       u_aes_peripheral/plaintext_reg_reg[47]
              176       u_aes_peripheral/plaintext_reg_reg[48]
              177       u_aes_peripheral/plaintext_reg_reg[49]
              178       u_aes_peripheral/plaintext_reg_reg[50]
              179       u_aes_peripheral/plaintext_reg_reg[51]
              180       u_aes_peripheral/plaintext_reg_reg[52]
              181       u_aes_peripheral/plaintext_reg_reg[53]
              182       u_aes_peripheral/plaintext_reg_reg[54]
              183       u_aes_peripheral/plaintext_reg_reg[55]
              184       u_aes_peripheral/plaintext_reg_reg[56]
              185       u_aes_peripheral/plaintext_reg_reg[57]
              186       u_aes_peripheral/plaintext_reg_reg[58]
              187       u_aes_peripheral/plaintext_reg_reg[59]
              188       u_aes_peripheral/plaintext_reg_reg[60]
              189       u_aes_peripheral/plaintext_reg_reg[61]
              190       u_aes_peripheral/plaintext_reg_reg[62]
              191       u_aes_peripheral/plaintext_reg_reg[63]
              192       u_aes_peripheral/plaintext_reg_reg[64]
              193       u_aes_peripheral/plaintext_reg_reg[65]
              194       u_aes_peripheral/plaintext_reg_reg[66]
              195       u_aes_peripheral/plaintext_reg_reg[67]
              196       u_aes_peripheral/plaintext_reg_reg[68]
              197       u_aes_peripheral/plaintext_reg_reg[69]
              198       u_aes_peripheral/plaintext_reg_reg[70]
              199       u_aes_peripheral/plaintext_reg_reg[71]
              200       u_aes_peripheral/plaintext_reg_reg[72]
              201       u_aes_peripheral/plaintext_reg_reg[73]
              202       u_aes_peripheral/plaintext_reg_reg[74]
              203       u_aes_peripheral/plaintext_reg_reg[75]
              204       u_aes_peripheral/plaintext_reg_reg[76]
              205       u_aes_peripheral/plaintext_reg_reg[77]
              206       u_aes_peripheral/plaintext_reg_reg[78]
              207       u_aes_peripheral/plaintext_reg_reg[79]
              208       u_aes_peripheral/plaintext_reg_reg[80]
              209       u_aes_peripheral/plaintext_reg_reg[81]
              210       u_aes_peripheral/plaintext_reg_reg[82]
              211       u_aes_peripheral/plaintext_reg_reg[83]
              212       u_aes_peripheral/plaintext_reg_reg[84]
              213       u_aes_peripheral/plaintext_reg_reg[85]
              214       u_aes_peripheral/plaintext_reg_reg[86]
              215       u_aes_peripheral/plaintext_reg_reg[87]
              216       u_aes_peripheral/plaintext_reg_reg[88]
              217       u_aes_peripheral/plaintext_reg_reg[89]
              218       u_aes_peripheral/plaintext_reg_reg[90]
              219       u_aes_peripheral/plaintext_reg_reg[91]
              220       u_aes_peripheral/plaintext_reg_reg[92]
              221       u_aes_peripheral/plaintext_reg_reg[93]
              222       u_aes_peripheral/plaintext_reg_reg[94]
              223       u_aes_peripheral/plaintext_reg_reg[95]
              224       u_aes_peripheral/plaintext_reg_reg[96]
              225       u_aes_peripheral/plaintext_reg_reg[97]
              226       u_aes_peripheral/plaintext_reg_reg[98]
              227       u_aes_peripheral/plaintext_reg_reg[99]
              228       u_aes_peripheral/plaintext_reg_reg[100]
              229       u_aes_peripheral/plaintext_reg_reg[101]
              230       u_aes_peripheral/plaintext_reg_reg[102]
              231       u_aes_peripheral/plaintext_reg_reg[103]
              232       u_aes_peripheral/plaintext_reg_reg[104]
              233       u_aes_peripheral/plaintext_reg_reg[105]
              234       u_aes_peripheral/plaintext_reg_reg[106]
              235       u_aes_peripheral/plaintext_reg_reg[107]
              236       u_aes_peripheral/plaintext_reg_reg[108]
              237       u_aes_peripheral/plaintext_reg_reg[109]
              238       u_aes_peripheral/plaintext_reg_reg[110]
              239       u_aes_peripheral/plaintext_reg_reg[111]
              240       u_aes_peripheral/plaintext_reg_reg[112]
              241       u_aes_peripheral/plaintext_reg_reg[113]
              242       u_aes_peripheral/plaintext_reg_reg[114]
              243       u_aes_peripheral/plaintext_reg_reg[115]
              244       u_aes_peripheral/plaintext_reg_reg[116]
              245       u_aes_peripheral/plaintext_reg_reg[117]
              246       u_aes_peripheral/plaintext_reg_reg[118]
              247       u_aes_peripheral/plaintext_reg_reg[119]
              248       u_aes_peripheral/plaintext_reg_reg[120]
              249       u_aes_peripheral/plaintext_reg_reg[121]
              250       u_aes_peripheral/plaintext_reg_reg[122]
              251       u_aes_peripheral/plaintext_reg_reg[123]
              252       u_aes_peripheral/plaintext_reg_reg[124]
              253       u_aes_peripheral/plaintext_reg_reg[125]
              254       u_aes_peripheral/plaintext_reg_reg[126]
              255       u_aes_peripheral/plaintext_reg_reg[127]
              256       u_aes_peripheral/u_aes_round1/IARK_REG_reg[0]
              257       u_aes_peripheral/u_aes_round1/IARK_REG_reg[3]
              258       u_aes_peripheral/u_aes_round1/IARK_REG_reg[6]
              259       u_aes_peripheral/u_aes_round1/IARK_REG_reg[10]
              260       u_aes_peripheral/u_aes_round1/IARK_REG_reg[25]
              261       u_aes_peripheral/u_aes_round1/IARK_REG_reg[27]
              262       u_aes_peripheral/u_aes_round1/IARK_REG_reg[28]
              263       u_aes_peripheral/u_aes_round1/IARK_REG_reg[29]
              264       u_aes_peripheral/u_aes_round1/IARK_REG_reg[38]
              265       u_aes_peripheral/u_aes_round1/IARK_REG_reg[42]
              266       u_aes_peripheral/u_aes_round1/IARK_REG_reg[48]
              267       u_aes_peripheral/u_aes_round1/IARK_REG_reg[51]
              268       u_aes_peripheral/u_aes_round1/IARK_REG_reg[59]
              269       u_aes_peripheral/u_aes_round1/IARK_REG_reg[62]
              270       u_aes_peripheral/u_aes_round1/IARK_REG_reg[71]
              271       u_aes_peripheral/u_aes_round1/IARK_REG_reg[73]
              272       u_aes_peripheral/u_aes_round1/IARK_REG_reg[74]
              273       u_aes_peripheral/u_aes_round1/IARK_REG_reg[75]
              274       u_aes_peripheral/u_aes_round1/IARK_REG_reg[76]
              275       u_aes_peripheral/u_aes_round1/IARK_REG_reg[77]
              276       u_aes_peripheral/u_aes_round1/IARK_REG_reg[81]
              277       u_aes_peripheral/u_aes_round1/IARK_REG_reg[88]
              278       u_aes_peripheral/u_aes_round1/IARK_REG_reg[98]
              279       u_aes_peripheral/u_aes_round1/IARK_REG_reg[105]
              280       u_aes_peripheral/u_aes_round1/IARK_REG_reg[107]
              281       u_aes_peripheral/u_aes_round1/IARK_REG_reg[112]
              282       u_aes_peripheral/u_aes_round1/IARK_REG_reg[116]
              283       u_aes_peripheral/u_aes_round1/IARK_REG_reg[120]
              284       u_aes_peripheral/u_aes_round1/IARK_REG_reg[124]
              285       u_aes_peripheral/u_aes_round1/MC_REG_reg[0]
              286       u_aes_peripheral/u_aes_round1/MC_REG_reg[5]
              287       u_aes_peripheral/u_aes_round1/MC_REG_reg[10]
              288       u_aes_peripheral/u_aes_round1/MC_REG_reg[12]
              289       u_aes_peripheral/u_aes_round1/MC_REG_reg[16]
              290       u_aes_peripheral/u_aes_round1/MC_REG_reg[22]
              291       u_aes_peripheral/u_aes_round1/MC_REG_reg[23]
              292       u_aes_peripheral/u_aes_round1/MC_REG_reg[33]
              293       u_aes_peripheral/u_aes_round1/MC_REG_reg[35]
              294       u_aes_peripheral/u_aes_round1/MC_REG_reg[36]
              295       u_aes_peripheral/u_aes_round1/MC_REG_reg[41]
              296       u_aes_peripheral/u_aes_round1/MC_REG_reg[43]
              297       u_aes_peripheral/u_aes_round1/MC_REG_reg[44]
              298       u_aes_peripheral/u_aes_round1/MC_REG_reg[49]
              299       u_aes_peripheral/u_aes_round1/MC_REG_reg[58]
              300       u_aes_peripheral/u_aes_round1/MC_REG_reg[64]
              301       u_aes_peripheral/u_aes_round1/MC_REG_reg[65]
              302       u_aes_peripheral/u_aes_round1/MC_REG_reg[68]
              303       u_aes_peripheral/u_aes_round1/MC_REG_reg[74]
              304       u_aes_peripheral/u_aes_round1/MC_REG_reg[86]
              305       u_aes_peripheral/u_aes_round1/MC_REG_reg[92]
              306       u_aes_peripheral/u_aes_round1/MC_REG_reg[93]
              307       u_aes_peripheral/u_aes_round1/MC_REG_reg[94]
              308       u_aes_peripheral/u_aes_round1/MC_REG_reg[95]
              309       u_aes_peripheral/u_aes_round1/MC_REG_reg[104]
              310       u_aes_peripheral/u_aes_round1/MC_REG_reg[106]
              311       u_aes_peripheral/u_aes_round1/MC_REG_reg[108]
              312       u_aes_peripheral/u_aes_round1/MC_REG_reg[118]
              313       u_aes_peripheral/u_aes_round1/MC_REG_reg[119]
              314       u_aes_peripheral/u_aes_round1/MC_REG_reg[124]
              315       u_aes_peripheral/u_aes_round1/MC_REG_reg[125]
              316       u_aes_peripheral/u_aes_round1/SB_REG_reg[0]
              317       u_aes_peripheral/u_aes_round1/SB_REG_reg[3]
              318       u_aes_peripheral/u_aes_round1/SB_REG_reg[5]
              319       u_aes_peripheral/u_aes_round1/SB_REG_reg[10]
              320       u_aes_peripheral/u_aes_round1/SB_REG_reg[13]
              321       u_aes_peripheral/u_aes_round1/SB_REG_reg[19]
              322       u_aes_peripheral/u_aes_round1/SB_REG_reg[24]
              323       u_aes_peripheral/u_aes_round1/SB_REG_reg[25]
              324       u_aes_peripheral/u_aes_round1/SB_REG_reg[29]
              325       u_aes_peripheral/u_aes_round1/SB_REG_reg[31]
              326       u_aes_peripheral/u_aes_round1/SB_REG_reg[34]
              327       u_aes_peripheral/u_aes_round1/SB_REG_reg[35]
              328       u_aes_peripheral/u_aes_round1/SB_REG_reg[39]
              329       u_aes_peripheral/u_aes_round1/SB_REG_reg[46]
              330       u_aes_peripheral/u_aes_round1/SB_REG_reg[47]
              331       u_aes_peripheral/u_aes_round1/SB_REG_reg[51]
              332       u_aes_peripheral/u_aes_round1/SB_REG_reg[52]
              333       u_aes_peripheral/u_aes_round1/SB_REG_reg[56]
              334       u_aes_peripheral/u_aes_round1/SB_REG_reg[63]
              335       u_aes_peripheral/u_aes_round1/SB_REG_reg[67]
              336       u_aes_peripheral/u_aes_round1/SB_REG_reg[69]
              337       u_aes_peripheral/u_aes_round1/SB_REG_reg[70]
              338       u_aes_peripheral/u_aes_round1/SB_REG_reg[76]
              339       u_aes_peripheral/u_aes_round1/SB_REG_reg[77]
              340       u_aes_peripheral/u_aes_round1/SB_REG_reg[86]
              341       u_aes_peripheral/u_aes_round1/SB_REG_reg[90]
              342       u_aes_peripheral/u_aes_round1/SB_REG_reg[93]
              343       u_aes_peripheral/u_aes_round1/SB_REG_reg[100]
              344       u_aes_peripheral/u_aes_round1/SB_REG_reg[106]
              345       u_aes_peripheral/u_aes_round1/SB_REG_reg[110]
              346       u_aes_peripheral/u_aes_round1/SB_REG_reg[112]
              347       u_aes_peripheral/u_aes_round1/SB_REG_reg[117]
              348       u_aes_peripheral/u_aes_round1/SB_REG_reg[118]
              349       u_aes_peripheral/u_aes_round1/SB_REG_reg[124]
              350       u_aes_peripheral/u_aes_round1/SB_REG_reg[126]
              351       u_aes_peripheral/u_aes_round1/SR_REG_reg[1]
              352       u_aes_peripheral/u_aes_round1/SR_REG_reg[6]
              353       u_aes_peripheral/u_aes_round1/SR_REG_reg[20]
              354       u_aes_peripheral/u_aes_round1/SR_REG_reg[22]
              355       u_aes_peripheral/u_aes_round1/SR_REG_reg[28]
              356       u_aes_peripheral/u_aes_round1/SR_REG_reg[34]
              357       u_aes_peripheral/u_aes_round1/SR_REG_reg[40]
              358       u_aes_peripheral/u_aes_round1/SR_REG_reg[44]
              359       u_aes_peripheral/u_aes_round1/SR_REG_reg[50]
              360       u_aes_peripheral/u_aes_round1/SR_REG_reg[53]
              361       u_aes_peripheral/u_aes_round1/SR_REG_reg[56]
              362       u_aes_peripheral/u_aes_round1/SR_REG_reg[59]
              363       u_aes_peripheral/u_aes_round1/SR_REG_reg[63]
              364       u_aes_peripheral/u_aes_round1/SR_REG_reg[67]
              365       u_aes_peripheral/u_aes_round1/SR_REG_reg[70]
              366       u_aes_peripheral/u_aes_round1/SR_REG_reg[74]
              367       u_aes_peripheral/u_aes_round1/SR_REG_reg[78]
              368       u_aes_peripheral/u_aes_round1/SR_REG_reg[80]
              369       u_aes_peripheral/u_aes_round1/SR_REG_reg[81]
              370       u_aes_peripheral/u_aes_round1/SR_REG_reg[83]
              371       u_aes_peripheral/u_aes_round1/SR_REG_reg[84]
              372       u_aes_peripheral/u_aes_round1/SR_REG_reg[88]
              373       u_aes_peripheral/u_aes_round1/SR_REG_reg[93]
              374       u_aes_peripheral/u_aes_round1/SR_REG_reg[101]
              375       u_aes_peripheral/u_aes_round1/SR_REG_reg[103]
              376       u_aes_peripheral/u_aes_round1/SR_REG_reg[105]
              377       u_aes_peripheral/u_aes_round1/SR_REG_reg[109]
              378       u_aes_peripheral/u_aes_round1/SR_REG_reg[112]
              379       u_aes_peripheral/u_aes_round1/SR_REG_reg[120]
              380       u_aes_peripheral/u_aes_round1/SR_REG_reg[122]
              381       u_aes_peripheral/u_aes_round1/SR_REG_reg[123]
              382       u_aes_peripheral/u_aes_round1/SR_REG_reg[124]
              383       u_aes_peripheral/u_aes_round1/SR_REG_reg[125]
              384       u_aes_peripheral/u_aes_round1/valid_iark_reg
              385       u_aes_peripheral/u_aes_round1/valid_sb_reg
              386       u_aes_peripheral/u_aes_round1/valid_sr_reg
              387       u_mor1kx/mor1kx_cpu/cappuccino.mor1kx_cpu/mor1kx_ctrl_cappuccino/ctrl_stage_exceptions_reg
              388       u_mor1kx/mor1kx_cpu/cappuccino.mor1kx_cpu/mor1kx_ctrl_cappuccino/exception_pc_addr_reg[8]
              389       u_mor1kx/mor1kx_cpu/cappuccino.mor1kx_cpu/mor1kx_ctrl_cappuccino/exception_pc_addr_reg[9]
              390       u_mor1kx/mor1kx_cpu/cappuccino.mor1kx_cpu/mor1kx_ctrl_cappuccino/exception_pc_addr_reg[10]
              391       u_mor1kx/mor1kx_cpu/cappuccino.mor1kx_cpu/mor1kx_ctrl_cappuccino/exception_pc_addr_reg[11]
              392       u_mor1kx/mor1kx_cpu/cappuccino.mor1kx_cpu/mor1kx_ctrl_cappuccino/exception_pc_addr_reg[13]
              393       u_mor1kx/mor1kx_cpu/cappuccino.mor1kx_cpu/mor1kx_ctrl_cappuccino/exception_pc_addr_reg[14]
              394       u_mor1kx/mor1kx_cpu/cappuccino.mor1kx_cpu/mor1kx_ctrl_cappuccino/exception_pc_addr_reg[15]
              395       u_mor1kx/mor1kx_cpu/cappuccino.mor1kx_cpu/mor1kx_ctrl_cappuccino/exception_pc_addr_reg[16]
              396       u_mor1kx/mor1kx_cpu/cappuccino.mor1kx_cpu/mor1kx_ctrl_cappuccino/exception_pc_addr_reg[17]
              397       u_mor1kx/mor1kx_cpu/cappuccino.mor1kx_cpu/mor1kx_ctrl_cappuccino/exception_pc_addr_reg[18]
              398       u_mor1kx/mor1kx_cpu/cappuccino.mor1kx_cpu/mor1kx_ctrl_cappuccino/exception_pc_addr_reg[19]
              399       u_mor1kx/mor1kx_cpu/cappuccino.mor1kx_cpu/mor1kx_ctrl_cappuccino/exception_pc_addr_reg[20]
              400       u_mor1kx/mor1kx_cpu/cappuccino.mor1kx_cpu/mor1kx_ctrl_cappuccino/exception_pc_addr_reg[21]
              401       u_mor1kx/mor1kx_cpu/cappuccino.mor1kx_cpu/mor1kx_ctrl_cappuccino/exception_pc_addr_reg[22]
              402       u_mor1kx/mor1kx_cpu/cappuccino.mor1kx_cpu/mor1kx_ctrl_cappuccino/exception_pc_addr_reg[23]
              403       u_mor1kx/mor1kx_cpu/cappuccino.mor1kx_cpu/mor1kx_ctrl_cappuccino/exception_pc_addr_reg[24]
              404       u_mor1kx/mor1kx_cpu/cappuccino.mor1kx_cpu/mor1kx_ctrl_cappuccino/exception_pc_addr_reg[25]
              405       u_mor1kx/mor1kx_cpu/cappuccino.mor1kx_cpu/mor1kx_ctrl_cappuccino/exception_pc_addr_reg[26]
              406       u_mor1kx/mor1kx_cpu/cappuccino.mor1kx_cpu/mor1kx_ctrl_cappuccino/exception_pc_addr_reg[27]
              407       u_mor1kx/mor1kx_cpu/cappuccino.mor1kx_cpu/mor1kx_ctrl_cappuccino/exception_pc_addr_reg[28]
              408       u_mor1kx/mor1kx_cpu/cappuccino.mor1kx_cpu/mor1kx_ctrl_cappuccino/exception_pc_addr_reg[29]
              409       u_mor1kx/mor1kx_cpu/cappuccino.mor1kx_cpu/mor1kx_ctrl_cappuccino/exception_pc_addr_reg[30]
              410       u_mor1kx/mor1kx_cpu/cappuccino.mor1kx_cpu/mor1kx_ctrl_cappuccino/exception_pc_addr_reg[31]
              411       u_mor1kx/mor1kx_cpu/cappuccino.mor1kx_cpu/mor1kx_ctrl_cappuccino/spr_epcr_reg[0]
              412       u_mor1kx/mor1kx_cpu/cappuccino.mor1kx_cpu/mor1kx_ctrl_cappuccino/spr_epcr_reg[1]
              413       u_mor1kx/mor1kx_cpu/cappuccino.mor1kx_cpu/mor1kx_ctrl_cappuccino/spr_epcr_reg[2]
              414       u_mor1kx/mor1kx_cpu/cappuccino.mor1kx_cpu/mor1kx_ctrl_cappuccino/spr_epcr_reg[3]
              415       u_mor1kx/mor1kx_cpu/cappuccino.mor1kx_cpu/mor1kx_ctrl_cappuccino/spr_epcr_reg[4]
              416       u_mor1kx/mor1kx_cpu/cappuccino.mor1kx_cpu/mor1kx_ctrl_cappuccino/spr_epcr_reg[5]
              417       u_mor1kx/mor1kx_cpu/cappuccino.mor1kx_cpu/mor1kx_ctrl_cappuccino/spr_epcr_reg[6]
              418       u_mor1kx/mor1kx_cpu/cappuccino.mor1kx_cpu/mor1kx_ctrl_cappuccino/spr_epcr_reg[7]
              419       u_mor1kx/mor1kx_cpu/cappuccino.mor1kx_cpu/mor1kx_ctrl_cappuccino/spr_epcr_reg[8]
              420       u_mor1kx/mor1kx_cpu/cappuccino.mor1kx_cpu/mor1kx_ctrl_cappuccino/spr_epcr_reg[9]
              421       u_mor1kx/mor1kx_cpu/cappuccino.mor1kx_cpu/mor1kx_ctrl_cappuccino/spr_epcr_reg[10]
              422       u_mor1kx/mor1kx_cpu/cappuccino.mor1kx_cpu/mor1kx_ctrl_cappuccino/spr_epcr_reg[11]
              423       u_mor1kx/mor1kx_cpu/cappuccino.mor1kx_cpu/mor1kx_ctrl_cappuccino/spr_epcr_reg[12]
              424       u_mor1kx/mor1kx_cpu/cappuccino.mor1kx_cpu/mor1kx_ctrl_cappuccino/spr_epcr_reg[13]
              425       u_mor1kx/mor1kx_cpu/cappuccino.mor1kx_cpu/mor1kx_ctrl_cappuccino/spr_epcr_reg[14]
              426       u_mor1kx/mor1kx_cpu/cappuccino.mor1kx_cpu/mor1kx_ctrl_cappuccino/spr_epcr_reg[15]
              427       u_mor1kx/mor1kx_cpu/cappuccino.mor1kx_cpu/mor1kx_ctrl_cappuccino/spr_epcr_reg[16]
              428       u_mor1kx/mor1kx_cpu/cappuccino.mor1kx_cpu/mor1kx_ctrl_cappuccino/spr_epcr_reg[17]
              429       u_mor1kx/mor1kx_cpu/cappuccino.mor1kx_cpu/mor1kx_ctrl_cappuccino/spr_epcr_reg[18]
              430       u_mor1kx/mor1kx_cpu/cappuccino.mor1kx_cpu/mor1kx_ctrl_cappuccino/spr_epcr_reg[19]
              431       u_mor1kx/mor1kx_cpu/cappuccino.mor1kx_cpu/mor1kx_ctrl_cappuccino/spr_epcr_reg[20]
              432       u_mor1kx/mor1kx_cpu/cappuccino.mor1kx_cpu/mor1kx_ctrl_cappuccino/spr_epcr_reg[21]
              433       u_mor1kx/mor1kx_cpu/cappuccino.mor1kx_cpu/mor1kx_ctrl_cappuccino/spr_epcr_reg[22]
              434       u_mor1kx/mor1kx_cpu/cappuccino.mor1kx_cpu/mor1kx_ctrl_cappuccino/spr_epcr_reg[23]
              435       u_mor1kx/mor1kx_cpu/cappuccino.mor1kx_cpu/mor1kx_ctrl_cappuccino/spr_epcr_reg[24]
              436       u_mor1kx/mor1kx_cpu/cappuccino.mor1kx_cpu/mor1kx_ctrl_cappuccino/spr_epcr_reg[25]
              437       u_mor1kx/mor1kx_cpu/cappuccino.mor1kx_cpu/mor1kx_ctrl_cappuccino/spr_epcr_reg[26]
              438       u_mor1kx/mor1kx_cpu/cappuccino.mor1kx_cpu/mor1kx_ctrl_cappuccino/spr_epcr_reg[27]
              439       u_mor1kx/mor1kx_cpu/cappuccino.mor1kx_cpu/mor1kx_ctrl_cappuccino/spr_epcr_reg[28]
              440       u_mor1kx/mor1kx_cpu/cappuccino.mor1kx_cpu/mor1kx_ctrl_cappuccino/spr_epcr_reg[29]
              441       u_mor1kx/mor1kx_cpu/cappuccino.mor1kx_cpu/mor1kx_ctrl_cappuccino/spr_epcr_reg[30]
              442       u_mor1kx/mor1kx_cpu/cappuccino.mor1kx_cpu/mor1kx_ctrl_cappuccino/spr_epcr_reg[31]
              443       u_mor1kx/mor1kx_cpu/cappuccino.mor1kx_cpu/mor1kx_decode_execute_cappuccino/execute_immediate_o_reg[0]
              444       u_mor1kx/mor1kx_cpu/cappuccino.mor1kx_cpu/mor1kx_decode_execute_cappuccino/execute_immediate_o_reg[1]
              445       u_mor1kx/mor1kx_cpu/cappuccino.mor1kx_cpu/mor1kx_decode_execute_cappuccino/execute_immediate_o_reg[2]
              446       u_mor1kx/mor1kx_cpu/cappuccino.mor1kx_cpu/mor1kx_decode_execute_cappuccino/execute_immediate_o_reg[3]
              447       u_mor1kx/mor1kx_cpu/cappuccino.mor1kx_cpu/mor1kx_decode_execute_cappuccino/execute_immediate_o_reg[4]
              448       u_mor1kx/mor1kx_cpu/cappuccino.mor1kx_cpu/mor1kx_decode_execute_cappuccino/execute_immediate_o_reg[5]
              449       u_mor1kx/mor1kx_cpu/cappuccino.mor1kx_cpu/mor1kx_decode_execute_cappuccino/execute_immediate_o_reg[6]
              450       u_mor1kx/mor1kx_cpu/cappuccino.mor1kx_cpu/mor1kx_decode_execute_cappuccino/execute_immediate_o_reg[7]
              451       u_mor1kx/mor1kx_cpu/cappuccino.mor1kx_cpu/mor1kx_decode_execute_cappuccino/execute_immediate_o_reg[8]
              452       u_mor1kx/mor1kx_cpu/cappuccino.mor1kx_cpu/mor1kx_decode_execute_cappuccino/execute_immediate_o_reg[9]
              453       u_mor1kx/mor1kx_cpu/cappuccino.mor1kx_cpu/mor1kx_decode_execute_cappuccino/execute_immediate_o_reg[10]
              454       u_mor1kx/mor1kx_cpu/cappuccino.mor1kx_cpu/mor1kx_decode_execute_cappuccino/execute_immediate_o_reg[11]
              455       u_mor1kx/mor1kx_cpu/cappuccino.mor1kx_cpu/mor1kx_decode_execute_cappuccino/execute_immediate_o_reg[12]
              456       u_mor1kx/mor1kx_cpu/cappuccino.mor1kx_cpu/mor1kx_decode_execute_cappuccino/execute_immediate_o_reg[13]
              457       u_mor1kx/mor1kx_cpu/cappuccino.mor1kx_cpu/mor1kx_decode_execute_cappuccino/execute_immediate_o_reg[14]
              458       u_mor1kx/mor1kx_cpu/cappuccino.mor1kx_cpu/mor1kx_decode_execute_cappuccino/execute_immediate_o_reg[15]
              459       u_mor1kx/mor1kx_cpu/cappuccino.mor1kx_cpu/mor1kx_decode_execute_cappuccino/execute_immediate_o_reg[16]
              460       u_mor1kx/mor1kx_cpu/cappuccino.mor1kx_cpu/mor1kx_decode_execute_cappuccino/execute_immediate_o_reg[17]
              461       u_mor1kx/mor1kx_cpu/cappuccino.mor1kx_cpu/mor1kx_decode_execute_cappuccino/execute_immediate_o_reg[18]
              462       u_mor1kx/mor1kx_cpu/cappuccino.mor1kx_cpu/mor1kx_decode_execute_cappuccino/execute_immediate_o_reg[19]
              463       u_mor1kx/mor1kx_cpu/cappuccino.mor1kx_cpu/mor1kx_decode_execute_cappuccino/execute_immediate_o_reg[20]
              464       u_mor1kx/mor1kx_cpu/cappuccino.mor1kx_cpu/mor1kx_decode_execute_cappuccino/execute_immediate_o_reg[21]
              465       u_mor1kx/mor1kx_cpu/cappuccino.mor1kx_cpu/mor1kx_decode_execute_cappuccino/execute_immediate_o_reg[22]
              466       u_mor1kx/mor1kx_cpu/cappuccino.mor1kx_cpu/mor1kx_decode_execute_cappuccino/execute_immediate_o_reg[23]
              467       u_mor1kx/mor1kx_cpu/cappuccino.mor1kx_cpu/mor1kx_decode_execute_cappuccino/execute_immediate_o_reg[24]
              468       u_mor1kx/mor1kx_cpu/cappuccino.mor1kx_cpu/mor1kx_decode_execute_cappuccino/execute_immediate_o_reg[25]
              469       u_mor1kx/mor1kx_cpu/cappuccino.mor1kx_cpu/mor1kx_decode_execute_cappuccino/execute_immediate_o_reg[26]
              470       u_mor1kx/mor1kx_cpu/cappuccino.mor1kx_cpu/mor1kx_decode_execute_cappuccino/execute_immediate_o_reg[27]
              471       u_mor1kx/mor1kx_cpu/cappuccino.mor1kx_cpu/mor1kx_decode_execute_cappuccino/execute_immediate_o_reg[28]
              472       u_mor1kx/mor1kx_cpu/cappuccino.mor1kx_cpu/mor1kx_decode_execute_cappuccino/execute_immediate_o_reg[29]
              473       u_mor1kx/mor1kx_cpu/cappuccino.mor1kx_cpu/mor1kx_decode_execute_cappuccino/execute_immediate_o_reg[30]
              474       u_mor1kx/mor1kx_cpu/cappuccino.mor1kx_cpu/mor1kx_decode_execute_cappuccino/execute_immediate_o_reg[31]
              475       u_mor1kx/mor1kx_cpu/cappuccino.mor1kx_cpu/mor1kx_decode_execute_cappuccino/execute_immediate_sel_o_reg
              476       u_mor1kx/mor1kx_cpu/cappuccino.mor1kx_cpu/mor1kx_decode_execute_cappuccino/execute_jal_result_o_reg[0]
              477       u_mor1kx/mor1kx_cpu/cappuccino.mor1kx_cpu/mor1kx_decode_execute_cappuccino/execute_jal_result_o_reg[1]
              478       u_mor1kx/mor1kx_cpu/cappuccino.mor1kx_cpu/mor1kx_decode_execute_cappuccino/execute_jal_result_o_reg[2]
              479       u_mor1kx/mor1kx_cpu/cappuccino.mor1kx_cpu/mor1kx_decode_execute_cappuccino/execute_jal_result_o_reg[3]
              480       u_mor1kx/mor1kx_cpu/cappuccino.mor1kx_cpu/mor1kx_decode_execute_cappuccino/execute_jal_result_o_reg[4]
              481       u_mor1kx/mor1kx_cpu/cappuccino.mor1kx_cpu/mor1kx_decode_execute_cappuccino/execute_jal_result_o_reg[5]
              482       u_mor1kx/mor1kx_cpu/cappuccino.mor1kx_cpu/mor1kx_decode_execute_cappuccino/execute_jal_result_o_reg[6]
              483       u_mor1kx/mor1kx_cpu/cappuccino.mor1kx_cpu/mor1kx_decode_execute_cappuccino/execute_jal_result_o_reg[7]
              484       u_mor1kx/mor1kx_cpu/cappuccino.mor1kx_cpu/mor1kx_decode_execute_cappuccino/execute_jal_result_o_reg[8]
              485       u_mor1kx/mor1kx_cpu/cappuccino.mor1kx_cpu/mor1kx_decode_execute_cappuccino/execute_jal_result_o_reg[9]
              486       u_mor1kx/mor1kx_cpu/cappuccino.mor1kx_cpu/mor1kx_decode_execute_cappuccino/execute_jal_result_o_reg[10]
              487       u_mor1kx/mor1kx_cpu/cappuccino.mor1kx_cpu/mor1kx_decode_execute_cappuccino/execute_jal_result_o_reg[11]
              488       u_mor1kx/mor1kx_cpu/cappuccino.mor1kx_cpu/mor1kx_decode_execute_cappuccino/execute_jal_result_o_reg[12]
              489       u_mor1kx/mor1kx_cpu/cappuccino.mor1kx_cpu/mor1kx_decode_execute_cappuccino/execute_jal_result_o_reg[13]
              490       u_mor1kx/mor1kx_cpu/cappuccino.mor1kx_cpu/mor1kx_decode_execute_cappuccino/execute_jal_result_o_reg[14]
              491       u_mor1kx/mor1kx_cpu/cappuccino.mor1kx_cpu/mor1kx_decode_execute_cappuccino/execute_jal_result_o_reg[15]
              492       u_mor1kx/mor1kx_cpu/cappuccino.mor1kx_cpu/mor1kx_decode_execute_cappuccino/execute_jal_result_o_reg[16]
              493       u_mor1kx/mor1kx_cpu/cappuccino.mor1kx_cpu/mor1kx_decode_execute_cappuccino/execute_jal_result_o_reg[17]
              494       u_mor1kx/mor1kx_cpu/cappuccino.mor1kx_cpu/mor1kx_decode_execute_cappuccino/execute_jal_result_o_reg[18]
              495       u_mor1kx/mor1kx_cpu/cappuccino.mor1kx_cpu/mor1kx_decode_execute_cappuccino/execute_jal_result_o_reg[19]
              496       u_mor1kx/mor1kx_cpu/cappuccino.mor1kx_cpu/mor1kx_decode_execute_cappuccino/execute_jal_result_o_reg[20]
              497       u_mor1kx/mor1kx_cpu/cappuccino.mor1kx_cpu/mor1kx_decode_execute_cappuccino/execute_jal_result_o_reg[21]
              498       u_mor1kx/mor1kx_cpu/cappuccino.mor1kx_cpu/mor1kx_decode_execute_cappuccino/execute_jal_result_o_reg[22]
              499       u_mor1kx/mor1kx_cpu/cappuccino.mor1kx_cpu/mor1kx_decode_execute_cappuccino/execute_jal_result_o_reg[23]
              500       u_mor1kx/mor1kx_cpu/cappuccino.mor1kx_cpu/mor1kx_decode_execute_cappuccino/execute_jal_result_o_reg[24]
              501       u_mor1kx/mor1kx_cpu/cappuccino.mor1kx_cpu/mor1kx_decode_execute_cappuccino/execute_jal_result_o_reg[25]
              502       u_mor1kx/mor1kx_cpu/cappuccino.mor1kx_cpu/mor1kx_decode_execute_cappuccino/execute_jal_result_o_reg[26]
              503       u_mor1kx/mor1kx_cpu/cappuccino.mor1kx_cpu/mor1kx_decode_execute_cappuccino/execute_jal_result_o_reg[27]
              504       u_mor1kx/mor1kx_cpu/cappuccino.mor1kx_cpu/mor1kx_decode_execute_cappuccino/execute_jal_result_o_reg[28]
              505       u_mor1kx/mor1kx_cpu/cappuccino.mor1kx_cpu/mor1kx_decode_execute_cappuccino/execute_jal_result_o_reg[29]
              506       u_mor1kx/mor1kx_cpu/cappuccino.mor1kx_cpu/mor1kx_decode_execute_cappuccino/execute_jal_result_o_reg[30]
              507       u_mor1kx/mor1kx_cpu/cappuccino.mor1kx_cpu/mor1kx_decode_execute_cappuccino/execute_jal_result_o_reg[31]
              508       u_mor1kx/mor1kx_cpu/cappuccino.mor1kx_cpu/mor1kx_decode_execute_cappuccino/execute_lsu_length_o_reg[0]
              509       u_mor1kx/mor1kx_cpu/cappuccino.mor1kx_cpu/mor1kx_decode_execute_cappuccino/execute_lsu_length_o_reg[1]
              510       u_mor1kx/mor1kx_cpu/cappuccino.mor1kx_cpu/mor1kx_decode_execute_cappuccino/execute_lsu_zext_o_reg
              511       u_mor1kx/mor1kx_cpu/cappuccino.mor1kx_cpu/mor1kx_decode_execute_cappuccino/execute_mispredict_target_o_reg[0]
              512       u_mor1kx/mor1kx_cpu/cappuccino.mor1kx_cpu/mor1kx_decode_execute_cappuccino/execute_mispredict_target_o_reg[1]
              513       u_mor1kx/mor1kx_cpu/cappuccino.mor1kx_cpu/mor1kx_decode_execute_cappuccino/execute_mispredict_target_o_reg[2]
              514       u_mor1kx/mor1kx_cpu/cappuccino.mor1kx_cpu/mor1kx_decode_execute_cappuccino/execute_mispredict_target_o_reg[3]
              515       u_mor1kx/mor1kx_cpu/cappuccino.mor1kx_cpu/mor1kx_decode_execute_cappuccino/execute_mispredict_target_o_reg[4]
              516       u_mor1kx/mor1kx_cpu/cappuccino.mor1kx_cpu/mor1kx_decode_execute_cappuccino/execute_mispredict_target_o_reg[5]
              517       u_mor1kx/mor1kx_cpu/cappuccino.mor1kx_cpu/mor1kx_decode_execute_cappuccino/execute_mispredict_target_o_reg[6]
              518       u_mor1kx/mor1kx_cpu/cappuccino.mor1kx_cpu/mor1kx_decode_execute_cappuccino/execute_mispredict_target_o_reg[7]
              519       u_mor1kx/mor1kx_cpu/cappuccino.mor1kx_cpu/mor1kx_decode_execute_cappuccino/execute_mispredict_target_o_reg[8]
              520       u_mor1kx/mor1kx_cpu/cappuccino.mor1kx_cpu/mor1kx_decode_execute_cappuccino/execute_mispredict_target_o_reg[9]
              521       u_mor1kx/mor1kx_cpu/cappuccino.mor1kx_cpu/mor1kx_decode_execute_cappuccino/execute_mispredict_target_o_reg[10]
              522       u_mor1kx/mor1kx_cpu/cappuccino.mor1kx_cpu/mor1kx_decode_execute_cappuccino/execute_mispredict_target_o_reg[11]
              523       u_mor1kx/mor1kx_cpu/cappuccino.mor1kx_cpu/mor1kx_decode_execute_cappuccino/execute_mispredict_target_o_reg[12]
              524       u_mor1kx/mor1kx_cpu/cappuccino.mor1kx_cpu/mor1kx_decode_execute_cappuccino/execute_mispredict_target_o_reg[13]
              525       u_mor1kx/mor1kx_cpu/cappuccino.mor1kx_cpu/mor1kx_decode_execute_cappuccino/execute_mispredict_target_o_reg[14]
              526       u_mor1kx/mor1kx_cpu/cappuccino.mor1kx_cpu/mor1kx_decode_execute_cappuccino/execute_mispredict_target_o_reg[15]
              527       u_mor1kx/mor1kx_cpu/cappuccino.mor1kx_cpu/mor1kx_decode_execute_cappuccino/execute_mispredict_target_o_reg[16]
              528       u_mor1kx/mor1kx_cpu/cappuccino.mor1kx_cpu/mor1kx_decode_execute_cappuccino/execute_mispredict_target_o_reg[17]
              529       u_mor1kx/mor1kx_cpu/cappuccino.mor1kx_cpu/mor1kx_decode_execute_cappuccino/execute_mispredict_target_o_reg[18]
              530       u_mor1kx/mor1kx_cpu/cappuccino.mor1kx_cpu/mor1kx_decode_execute_cappuccino/execute_mispredict_target_o_reg[19]
              531       u_mor1kx/mor1kx_cpu/cappuccino.mor1kx_cpu/mor1kx_decode_execute_cappuccino/execute_mispredict_target_o_reg[20]
              532       u_mor1kx/mor1kx_cpu/cappuccino.mor1kx_cpu/mor1kx_decode_execute_cappuccino/execute_mispredict_target_o_reg[21]
              533       u_mor1kx/mor1kx_cpu/cappuccino.mor1kx_cpu/mor1kx_decode_execute_cappuccino/execute_mispredict_target_o_reg[22]
              534       u_mor1kx/mor1kx_cpu/cappuccino.mor1kx_cpu/mor1kx_decode_execute_cappuccino/execute_mispredict_target_o_reg[23]
              535       u_mor1kx/mor1kx_cpu/cappuccino.mor1kx_cpu/mor1kx_decode_execute_cappuccino/execute_mispredict_target_o_reg[24]
              536       u_mor1kx/mor1kx_cpu/cappuccino.mor1kx_cpu/mor1kx_decode_execute_cappuccino/execute_mispredict_target_o_reg[25]
              537       u_mor1kx/mor1kx_cpu/cappuccino.mor1kx_cpu/mor1kx_decode_execute_cappuccino/execute_mispredict_target_o_reg[26]
              538       u_mor1kx/mor1kx_cpu/cappuccino.mor1kx_cpu/mor1kx_decode_execute_cappuccino/execute_mispredict_target_o_reg[27]
              539       u_mor1kx/mor1kx_cpu/cappuccino.mor1kx_cpu/mor1kx_decode_execute_cappuccino/execute_mispredict_target_o_reg[28]
              540       u_mor1kx/mor1kx_cpu/cappuccino.mor1kx_cpu/mor1kx_decode_execute_cappuccino/execute_mispredict_target_o_reg[29]
              541       u_mor1kx/mor1kx_cpu/cappuccino.mor1kx_cpu/mor1kx_decode_execute_cappuccino/execute_mispredict_target_o_reg[30]
              542       u_mor1kx/mor1kx_cpu/cappuccino.mor1kx_cpu/mor1kx_decode_execute_cappuccino/execute_mispredict_target_o_reg[31]
              543       u_mor1kx/mor1kx_cpu/cappuccino.mor1kx_cpu/mor1kx_decode_execute_cappuccino/execute_opc_alu_o_reg[0]
              544       u_mor1kx/mor1kx_cpu/cappuccino.mor1kx_cpu/mor1kx_decode_execute_cappuccino/execute_opc_alu_o_reg[1]
              545       u_mor1kx/mor1kx_cpu/cappuccino.mor1kx_cpu/mor1kx_decode_execute_cappuccino/execute_opc_alu_o_reg[2]
              546       u_mor1kx/mor1kx_cpu/cappuccino.mor1kx_cpu/mor1kx_decode_execute_cappuccino/execute_opc_alu_o_reg[3]
              547       u_mor1kx/mor1kx_cpu/cappuccino.mor1kx_cpu/mor1kx_decode_execute_cappuccino/execute_opc_alu_secondary_o_reg[0]
              548       u_mor1kx/mor1kx_cpu/cappuccino.mor1kx_cpu/mor1kx_decode_execute_cappuccino/execute_opc_alu_secondary_o_reg[1]
              549       u_mor1kx/mor1kx_cpu/cappuccino.mor1kx_cpu/mor1kx_decode_execute_cappuccino/execute_opc_alu_secondary_o_reg[2]
              550       u_mor1kx/mor1kx_cpu/cappuccino.mor1kx_cpu/mor1kx_decode_execute_cappuccino/execute_opc_alu_secondary_o_reg[3]
              551       u_mor1kx/mor1kx_cpu/cappuccino.mor1kx_cpu/mor1kx_decode_execute_cappuccino/execute_predicted_flag_o_reg
              552       u_mor1kx/mor1kx_cpu/cappuccino.mor1kx_cpu/mor1kx_decode_execute_cappuccino/execute_rfd_adr_o_reg[0]
              553       u_mor1kx/mor1kx_cpu/cappuccino.mor1kx_cpu/mor1kx_decode_execute_cappuccino/execute_rfd_adr_o_reg[1]
              554       u_mor1kx/mor1kx_cpu/cappuccino.mor1kx_cpu/mor1kx_decode_execute_cappuccino/execute_rfd_adr_o_reg[2]
              555       u_mor1kx/mor1kx_cpu/cappuccino.mor1kx_cpu/mor1kx_decode_execute_cappuccino/execute_rfd_adr_o_reg[3]
              556       u_mor1kx/mor1kx_cpu/cappuccino.mor1kx_cpu/mor1kx_decode_execute_cappuccino/execute_rfd_adr_o_reg[4]
              557       u_mor1kx/mor1kx_cpu/cappuccino.mor1kx_cpu/mor1kx_decode_execute_cappuccino/pc_execute_o_reg[0]
              558       u_mor1kx/mor1kx_cpu/cappuccino.mor1kx_cpu/mor1kx_decode_execute_cappuccino/pc_execute_o_reg[1]
              559       u_mor1kx/mor1kx_cpu/cappuccino.mor1kx_cpu/mor1kx_decode_execute_cappuccino/pc_execute_o_reg[2]
              560       u_mor1kx/mor1kx_cpu/cappuccino.mor1kx_cpu/mor1kx_decode_execute_cappuccino/pc_execute_o_reg[3]
              561       u_mor1kx/mor1kx_cpu/cappuccino.mor1kx_cpu/mor1kx_decode_execute_cappuccino/pc_execute_o_reg[4]
              562       u_mor1kx/mor1kx_cpu/cappuccino.mor1kx_cpu/mor1kx_decode_execute_cappuccino/pc_execute_o_reg[5]
              563       u_mor1kx/mor1kx_cpu/cappuccino.mor1kx_cpu/mor1kx_decode_execute_cappuccino/pc_execute_o_reg[6]
              564       u_mor1kx/mor1kx_cpu/cappuccino.mor1kx_cpu/mor1kx_decode_execute_cappuccino/pc_execute_o_reg[7]
              565       u_mor1kx/mor1kx_cpu/cappuccino.mor1kx_cpu/mor1kx_decode_execute_cappuccino/pc_execute_o_reg[8]
              566       u_mor1kx/mor1kx_cpu/cappuccino.mor1kx_cpu/mor1kx_decode_execute_cappuccino/pc_execute_o_reg[9]
              567       u_mor1kx/mor1kx_cpu/cappuccino.mor1kx_cpu/mor1kx_decode_execute_cappuccino/pc_execute_o_reg[10]
              568       u_mor1kx/mor1kx_cpu/cappuccino.mor1kx_cpu/mor1kx_decode_execute_cappuccino/pc_execute_o_reg[11]
              569       u_mor1kx/mor1kx_cpu/cappuccino.mor1kx_cpu/mor1kx_decode_execute_cappuccino/pc_execute_o_reg[12]
              570       u_mor1kx/mor1kx_cpu/cappuccino.mor1kx_cpu/mor1kx_decode_execute_cappuccino/pc_execute_o_reg[13]
              571       u_mor1kx/mor1kx_cpu/cappuccino.mor1kx_cpu/mor1kx_decode_execute_cappuccino/pc_execute_o_reg[14]
              572       u_mor1kx/mor1kx_cpu/cappuccino.mor1kx_cpu/mor1kx_decode_execute_cappuccino/pc_execute_o_reg[15]
              573       u_mor1kx/mor1kx_cpu/cappuccino.mor1kx_cpu/mor1kx_decode_execute_cappuccino/pc_execute_o_reg[16]
              574       u_mor1kx/mor1kx_cpu/cappuccino.mor1kx_cpu/mor1kx_decode_execute_cappuccino/pc_execute_o_reg[17]
              575       u_mor1kx/mor1kx_cpu/cappuccino.mor1kx_cpu/mor1kx_decode_execute_cappuccino/pc_execute_o_reg[18]
              576       u_mor1kx/mor1kx_cpu/cappuccino.mor1kx_cpu/mor1kx_decode_execute_cappuccino/pc_execute_o_reg[19]
              577       u_mor1kx/mor1kx_cpu/cappuccino.mor1kx_cpu/mor1kx_decode_execute_cappuccino/pc_execute_o_reg[20]
              578       u_mor1kx/mor1kx_cpu/cappuccino.mor1kx_cpu/mor1kx_decode_execute_cappuccino/pc_execute_o_reg[21]
              579       u_mor1kx/mor1kx_cpu/cappuccino.mor1kx_cpu/mor1kx_decode_execute_cappuccino/pc_execute_o_reg[22]
              580       u_mor1kx/mor1kx_cpu/cappuccino.mor1kx_cpu/mor1kx_decode_execute_cappuccino/pc_execute_o_reg[23]
              581       u_mor1kx/mor1kx_cpu/cappuccino.mor1kx_cpu/mor1kx_decode_execute_cappuccino/pc_execute_o_reg[24]
              582       u_mor1kx/mor1kx_cpu/cappuccino.mor1kx_cpu/mor1kx_decode_execute_cappuccino/pc_execute_o_reg[25]
              583       u_mor1kx/mor1kx_cpu/cappuccino.mor1kx_cpu/mor1kx_decode_execute_cappuccino/pc_execute_o_reg[26]
              584       u_mor1kx/mor1kx_cpu/cappuccino.mor1kx_cpu/mor1kx_decode_execute_cappuccino/pc_execute_o_reg[27]
              585       u_mor1kx/mor1kx_cpu/cappuccino.mor1kx_cpu/mor1kx_decode_execute_cappuccino/pc_execute_o_reg[28]
              586       u_mor1kx/mor1kx_cpu/cappuccino.mor1kx_cpu/mor1kx_decode_execute_cappuccino/pc_execute_o_reg[29]
              587       u_mor1kx/mor1kx_cpu/cappuccino.mor1kx_cpu/mor1kx_decode_execute_cappuccino/pc_execute_o_reg[30]
              588       u_mor1kx/mor1kx_cpu/cappuccino.mor1kx_cpu/mor1kx_decode_execute_cappuccino/pc_execute_o_reg[31]
              589       u_mor1kx/mor1kx_cpu/cappuccino.mor1kx_cpu/mor1kx_execute_ctrl_cappuccino/ctrl_alu_result_o_reg[0]
              590       u_mor1kx/mor1kx_cpu/cappuccino.mor1kx_cpu/mor1kx_execute_ctrl_cappuccino/ctrl_alu_result_o_reg[1]
              591       u_mor1kx/mor1kx_cpu/cappuccino.mor1kx_cpu/mor1kx_execute_ctrl_cappuccino/ctrl_alu_result_o_reg[2]
              592       u_mor1kx/mor1kx_cpu/cappuccino.mor1kx_cpu/mor1kx_execute_ctrl_cappuccino/ctrl_alu_result_o_reg[3]
              593       u_mor1kx/mor1kx_cpu/cappuccino.mor1kx_cpu/mor1kx_execute_ctrl_cappuccino/ctrl_alu_result_o_reg[4]
              594       u_mor1kx/mor1kx_cpu/cappuccino.mor1kx_cpu/mor1kx_execute_ctrl_cappuccino/ctrl_alu_result_o_reg[5]
              595       u_mor1kx/mor1kx_cpu/cappuccino.mor1kx_cpu/mor1kx_execute_ctrl_cappuccino/ctrl_alu_result_o_reg[6]
              596       u_mor1kx/mor1kx_cpu/cappuccino.mor1kx_cpu/mor1kx_execute_ctrl_cappuccino/ctrl_alu_result_o_reg[7]
              597       u_mor1kx/mor1kx_cpu/cappuccino.mor1kx_cpu/mor1kx_execute_ctrl_cappuccino/ctrl_alu_result_o_reg[8]
              598       u_mor1kx/mor1kx_cpu/cappuccino.mor1kx_cpu/mor1kx_execute_ctrl_cappuccino/ctrl_alu_result_o_reg[9]
              599       u_mor1kx/mor1kx_cpu/cappuccino.mor1kx_cpu/mor1kx_execute_ctrl_cappuccino/ctrl_alu_result_o_reg[10]
              600       u_mor1kx/mor1kx_cpu/cappuccino.mor1kx_cpu/mor1kx_execute_ctrl_cappuccino/ctrl_alu_result_o_reg[11]
              601       u_mor1kx/mor1kx_cpu/cappuccino.mor1kx_cpu/mor1kx_execute_ctrl_cappuccino/ctrl_alu_result_o_reg[12]
              602       u_mor1kx/mor1kx_cpu/cappuccino.mor1kx_cpu/mor1kx_execute_ctrl_cappuccino/ctrl_alu_result_o_reg[13]
              603       u_mor1kx/mor1kx_cpu/cappuccino.mor1kx_cpu/mor1kx_execute_ctrl_cappuccino/ctrl_alu_result_o_reg[14]
              604       u_mor1kx/mor1kx_cpu/cappuccino.mor1kx_cpu/mor1kx_execute_ctrl_cappuccino/ctrl_alu_result_o_reg[15]
              605       u_mor1kx/mor1kx_cpu/cappuccino.mor1kx_cpu/mor1kx_execute_ctrl_cappuccino/ctrl_alu_result_o_reg[16]
              606       u_mor1kx/mor1kx_cpu/cappuccino.mor1kx_cpu/mor1kx_execute_ctrl_cappuccino/ctrl_alu_result_o_reg[17]
              607       u_mor1kx/mor1kx_cpu/cappuccino.mor1kx_cpu/mor1kx_execute_ctrl_cappuccino/ctrl_alu_result_o_reg[18]
              608       u_mor1kx/mor1kx_cpu/cappuccino.mor1kx_cpu/mor1kx_execute_ctrl_cappuccino/ctrl_alu_result_o_reg[19]
              609       u_mor1kx/mor1kx_cpu/cappuccino.mor1kx_cpu/mor1kx_execute_ctrl_cappuccino/ctrl_alu_result_o_reg[20]
              610       u_mor1kx/mor1kx_cpu/cappuccino.mor1kx_cpu/mor1kx_execute_ctrl_cappuccino/ctrl_alu_result_o_reg[21]
              611       u_mor1kx/mor1kx_cpu/cappuccino.mor1kx_cpu/mor1kx_execute_ctrl_cappuccino/ctrl_alu_result_o_reg[22]
              612       u_mor1kx/mor1kx_cpu/cappuccino.mor1kx_cpu/mor1kx_execute_ctrl_cappuccino/ctrl_alu_result_o_reg[23]
              613       u_mor1kx/mor1kx_cpu/cappuccino.mor1kx_cpu/mor1kx_execute_ctrl_cappuccino/ctrl_alu_result_o_reg[24]
              614       u_mor1kx/mor1kx_cpu/cappuccino.mor1kx_cpu/mor1kx_execute_ctrl_cappuccino/ctrl_alu_result_o_reg[25]
              615       u_mor1kx/mor1kx_cpu/cappuccino.mor1kx_cpu/mor1kx_execute_ctrl_cappuccino/ctrl_alu_result_o_reg[26]
              616       u_mor1kx/mor1kx_cpu/cappuccino.mor1kx_cpu/mor1kx_execute_ctrl_cappuccino/ctrl_alu_result_o_reg[27]
              617       u_mor1kx/mor1kx_cpu/cappuccino.mor1kx_cpu/mor1kx_execute_ctrl_cappuccino/ctrl_alu_result_o_reg[28]
              618       u_mor1kx/mor1kx_cpu/cappuccino.mor1kx_cpu/mor1kx_execute_ctrl_cappuccino/ctrl_alu_result_o_reg[29]
              619       u_mor1kx/mor1kx_cpu/cappuccino.mor1kx_cpu/mor1kx_execute_ctrl_cappuccino/ctrl_alu_result_o_reg[30]
              620       u_mor1kx/mor1kx_cpu/cappuccino.mor1kx_cpu/mor1kx_execute_ctrl_cappuccino/ctrl_alu_result_o_reg[31]
              621       u_mor1kx/mor1kx_cpu/cappuccino.mor1kx_cpu/mor1kx_execute_ctrl_cappuccino/ctrl_lsu_adr_o_reg[0]
              622       u_mor1kx/mor1kx_cpu/cappuccino.mor1kx_cpu/mor1kx_execute_ctrl_cappuccino/ctrl_lsu_adr_o_reg[1]
              623       u_mor1kx/mor1kx_cpu/cappuccino.mor1kx_cpu/mor1kx_execute_ctrl_cappuccino/ctrl_lsu_adr_o_reg[2]
              624       u_mor1kx/mor1kx_cpu/cappuccino.mor1kx_cpu/mor1kx_execute_ctrl_cappuccino/ctrl_lsu_adr_o_reg[3]
              625       u_mor1kx/mor1kx_cpu/cappuccino.mor1kx_cpu/mor1kx_execute_ctrl_cappuccino/ctrl_lsu_adr_o_reg[4]
              626       u_mor1kx/mor1kx_cpu/cappuccino.mor1kx_cpu/mor1kx_execute_ctrl_cappuccino/ctrl_lsu_adr_o_reg[5]
              627       u_mor1kx/mor1kx_cpu/cappuccino.mor1kx_cpu/mor1kx_execute_ctrl_cappuccino/ctrl_lsu_adr_o_reg[6]
              628       u_mor1kx/mor1kx_cpu/cappuccino.mor1kx_cpu/mor1kx_execute_ctrl_cappuccino/ctrl_lsu_adr_o_reg[7]
              629       u_mor1kx/mor1kx_cpu/cappuccino.mor1kx_cpu/mor1kx_execute_ctrl_cappuccino/ctrl_lsu_adr_o_reg[8]
              630       u_mor1kx/mor1kx_cpu/cappuccino.mor1kx_cpu/mor1kx_execute_ctrl_cappuccino/ctrl_lsu_adr_o_reg[9]
              631       u_mor1kx/mor1kx_cpu/cappuccino.mor1kx_cpu/mor1kx_execute_ctrl_cappuccino/ctrl_lsu_adr_o_reg[10]
              632       u_mor1kx/mor1kx_cpu/cappuccino.mor1kx_cpu/mor1kx_execute_ctrl_cappuccino/ctrl_lsu_adr_o_reg[11]
              633       u_mor1kx/mor1kx_cpu/cappuccino.mor1kx_cpu/mor1kx_execute_ctrl_cappuccino/ctrl_lsu_adr_o_reg[12]
              634       u_mor1kx/mor1kx_cpu/cappuccino.mor1kx_cpu/mor1kx_execute_ctrl_cappuccino/ctrl_lsu_adr_o_reg[13]
              635       u_mor1kx/mor1kx_cpu/cappuccino.mor1kx_cpu/mor1kx_execute_ctrl_cappuccino/ctrl_lsu_adr_o_reg[14]
              636       u_mor1kx/mor1kx_cpu/cappuccino.mor1kx_cpu/mor1kx_execute_ctrl_cappuccino/ctrl_lsu_adr_o_reg[15]
              637       u_mor1kx/mor1kx_cpu/cappuccino.mor1kx_cpu/mor1kx_execute_ctrl_cappuccino/ctrl_lsu_adr_o_reg[16]
              638       u_mor1kx/mor1kx_cpu/cappuccino.mor1kx_cpu/mor1kx_execute_ctrl_cappuccino/ctrl_lsu_adr_o_reg[17]
              639       u_mor1kx/mor1kx_cpu/cappuccino.mor1kx_cpu/mor1kx_execute_ctrl_cappuccino/ctrl_lsu_adr_o_reg[18]
              640       u_mor1kx/mor1kx_cpu/cappuccino.mor1kx_cpu/mor1kx_execute_ctrl_cappuccino/ctrl_lsu_adr_o_reg[19]
              641       u_mor1kx/mor1kx_cpu/cappuccino.mor1kx_cpu/mor1kx_execute_ctrl_cappuccino/ctrl_lsu_adr_o_reg[20]
              642       u_mor1kx/mor1kx_cpu/cappuccino.mor1kx_cpu/mor1kx_execute_ctrl_cappuccino/ctrl_lsu_adr_o_reg[21]
              643       u_mor1kx/mor1kx_cpu/cappuccino.mor1kx_cpu/mor1kx_execute_ctrl_cappuccino/ctrl_lsu_adr_o_reg[22]
              644       u_mor1kx/mor1kx_cpu/cappuccino.mor1kx_cpu/mor1kx_execute_ctrl_cappuccino/ctrl_lsu_adr_o_reg[23]
              645       u_mor1kx/mor1kx_cpu/cappuccino.mor1kx_cpu/mor1kx_execute_ctrl_cappuccino/ctrl_lsu_adr_o_reg[24]
              646       u_mor1kx/mor1kx_cpu/cappuccino.mor1kx_cpu/mor1kx_execute_ctrl_cappuccino/ctrl_lsu_adr_o_reg[25]
              647       u_mor1kx/mor1kx_cpu/cappuccino.mor1kx_cpu/mor1kx_execute_ctrl_cappuccino/ctrl_lsu_adr_o_reg[26]
              648       u_mor1kx/mor1kx_cpu/cappuccino.mor1kx_cpu/mor1kx_execute_ctrl_cappuccino/ctrl_lsu_adr_o_reg[27]
              649       u_mor1kx/mor1kx_cpu/cappuccino.mor1kx_cpu/mor1kx_execute_ctrl_cappuccino/ctrl_lsu_adr_o_reg[28]
              650       u_mor1kx/mor1kx_cpu/cappuccino.mor1kx_cpu/mor1kx_execute_ctrl_cappuccino/ctrl_lsu_adr_o_reg[29]
              651       u_mor1kx/mor1kx_cpu/cappuccino.mor1kx_cpu/mor1kx_execute_ctrl_cappuccino/ctrl_lsu_adr_o_reg[30]
              652       u_mor1kx/mor1kx_cpu/cappuccino.mor1kx_cpu/mor1kx_execute_ctrl_cappuccino/ctrl_lsu_adr_o_reg[31]
              653       u_mor1kx/mor1kx_cpu/cappuccino.mor1kx_cpu/mor1kx_execute_ctrl_cappuccino/ctrl_lsu_length_o_reg[0]
              654       u_mor1kx/mor1kx_cpu/cappuccino.mor1kx_cpu/mor1kx_execute_ctrl_cappuccino/ctrl_lsu_length_o_reg[1]
              655       u_mor1kx/mor1kx_cpu/cappuccino.mor1kx_cpu/mor1kx_execute_ctrl_cappuccino/ctrl_lsu_zext_o_reg
              656       u_mor1kx/mor1kx_cpu/cappuccino.mor1kx_cpu/mor1kx_execute_ctrl_cappuccino/ctrl_rfb_o_reg[0]
              657       u_mor1kx/mor1kx_cpu/cappuccino.mor1kx_cpu/mor1kx_execute_ctrl_cappuccino/ctrl_rfb_o_reg[1]
              658       u_mor1kx/mor1kx_cpu/cappuccino.mor1kx_cpu/mor1kx_execute_ctrl_cappuccino/ctrl_rfb_o_reg[2]
              659       u_mor1kx/mor1kx_cpu/cappuccino.mor1kx_cpu/mor1kx_execute_ctrl_cappuccino/ctrl_rfb_o_reg[3]
              660       u_mor1kx/mor1kx_cpu/cappuccino.mor1kx_cpu/mor1kx_execute_ctrl_cappuccino/ctrl_rfb_o_reg[4]
              661       u_mor1kx/mor1kx_cpu/cappuccino.mor1kx_cpu/mor1kx_execute_ctrl_cappuccino/ctrl_rfb_o_reg[5]
              662       u_mor1kx/mor1kx_cpu/cappuccino.mor1kx_cpu/mor1kx_execute_ctrl_cappuccino/ctrl_rfb_o_reg[6]
              663       u_mor1kx/mor1kx_cpu/cappuccino.mor1kx_cpu/mor1kx_execute_ctrl_cappuccino/ctrl_rfb_o_reg[7]
              664       u_mor1kx/mor1kx_cpu/cappuccino.mor1kx_cpu/mor1kx_execute_ctrl_cappuccino/ctrl_rfb_o_reg[8]
              665       u_mor1kx/mor1kx_cpu/cappuccino.mor1kx_cpu/mor1kx_execute_ctrl_cappuccino/ctrl_rfb_o_reg[9]
              666       u_mor1kx/mor1kx_cpu/cappuccino.mor1kx_cpu/mor1kx_execute_ctrl_cappuccino/ctrl_rfb_o_reg[10]
              667       u_mor1kx/mor1kx_cpu/cappuccino.mor1kx_cpu/mor1kx_execute_ctrl_cappuccino/ctrl_rfb_o_reg[11]
              668       u_mor1kx/mor1kx_cpu/cappuccino.mor1kx_cpu/mor1kx_execute_ctrl_cappuccino/ctrl_rfb_o_reg[12]
              669       u_mor1kx/mor1kx_cpu/cappuccino.mor1kx_cpu/mor1kx_execute_ctrl_cappuccino/ctrl_rfb_o_reg[13]
              670       u_mor1kx/mor1kx_cpu/cappuccino.mor1kx_cpu/mor1kx_execute_ctrl_cappuccino/ctrl_rfb_o_reg[14]
              671       u_mor1kx/mor1kx_cpu/cappuccino.mor1kx_cpu/mor1kx_execute_ctrl_cappuccino/ctrl_rfb_o_reg[15]
              672       u_mor1kx/mor1kx_cpu/cappuccino.mor1kx_cpu/mor1kx_execute_ctrl_cappuccino/ctrl_rfb_o_reg[16]
              673       u_mor1kx/mor1kx_cpu/cappuccino.mor1kx_cpu/mor1kx_execute_ctrl_cappuccino/ctrl_rfb_o_reg[17]
              674       u_mor1kx/mor1kx_cpu/cappuccino.mor1kx_cpu/mor1kx_execute_ctrl_cappuccino/ctrl_rfb_o_reg[18]
              675       u_mor1kx/mor1kx_cpu/cappuccino.mor1kx_cpu/mor1kx_execute_ctrl_cappuccino/ctrl_rfb_o_reg[19]
              676       u_mor1kx/mor1kx_cpu/cappuccino.mor1kx_cpu/mor1kx_execute_ctrl_cappuccino/ctrl_rfb_o_reg[20]
              677       u_mor1kx/mor1kx_cpu/cappuccino.mor1kx_cpu/mor1kx_execute_ctrl_cappuccino/ctrl_rfb_o_reg[21]
              678       u_mor1kx/mor1kx_cpu/cappuccino.mor1kx_cpu/mor1kx_execute_ctrl_cappuccino/ctrl_rfb_o_reg[22]
              679       u_mor1kx/mor1kx_cpu/cappuccino.mor1kx_cpu/mor1kx_execute_ctrl_cappuccino/ctrl_rfb_o_reg[23]
              680       u_mor1kx/mor1kx_cpu/cappuccino.mor1kx_cpu/mor1kx_execute_ctrl_cappuccino/ctrl_rfb_o_reg[24]
              681       u_mor1kx/mor1kx_cpu/cappuccino.mor1kx_cpu/mor1kx_execute_ctrl_cappuccino/ctrl_rfb_o_reg[25]
              682       u_mor1kx/mor1kx_cpu/cappuccino.mor1kx_cpu/mor1kx_execute_ctrl_cappuccino/ctrl_rfb_o_reg[26]
              683       u_mor1kx/mor1kx_cpu/cappuccino.mor1kx_cpu/mor1kx_execute_ctrl_cappuccino/ctrl_rfb_o_reg[27]
              684       u_mor1kx/mor1kx_cpu/cappuccino.mor1kx_cpu/mor1kx_execute_ctrl_cappuccino/ctrl_rfb_o_reg[28]
              685       u_mor1kx/mor1kx_cpu/cappuccino.mor1kx_cpu/mor1kx_execute_ctrl_cappuccino/ctrl_rfb_o_reg[29]
              686       u_mor1kx/mor1kx_cpu/cappuccino.mor1kx_cpu/mor1kx_execute_ctrl_cappuccino/ctrl_rfb_o_reg[30]
              687       u_mor1kx/mor1kx_cpu/cappuccino.mor1kx_cpu/mor1kx_execute_ctrl_cappuccino/ctrl_rfb_o_reg[31]
              688       u_mor1kx/mor1kx_cpu/cappuccino.mor1kx_cpu/mor1kx_execute_ctrl_cappuccino/ctrl_rfd_adr_o_reg[0]
              689       u_mor1kx/mor1kx_cpu/cappuccino.mor1kx_cpu/mor1kx_execute_ctrl_cappuccino/ctrl_rfd_adr_o_reg[1]
              690       u_mor1kx/mor1kx_cpu/cappuccino.mor1kx_cpu/mor1kx_execute_ctrl_cappuccino/ctrl_rfd_adr_o_reg[2]
              691       u_mor1kx/mor1kx_cpu/cappuccino.mor1kx_cpu/mor1kx_execute_ctrl_cappuccino/ctrl_rfd_adr_o_reg[3]
              692       u_mor1kx/mor1kx_cpu/cappuccino.mor1kx_cpu/mor1kx_execute_ctrl_cappuccino/ctrl_rfd_adr_o_reg[4]
              693       u_mor1kx/mor1kx_cpu/cappuccino.mor1kx_cpu/mor1kx_execute_ctrl_cappuccino/wb_rfd_adr_o_reg[0]
              694       u_mor1kx/mor1kx_cpu/cappuccino.mor1kx_cpu/mor1kx_execute_ctrl_cappuccino/wb_rfd_adr_o_reg[1]
              695       u_mor1kx/mor1kx_cpu/cappuccino.mor1kx_cpu/mor1kx_execute_ctrl_cappuccino/wb_rfd_adr_o_reg[2]
              696       u_mor1kx/mor1kx_cpu/cappuccino.mor1kx_cpu/mor1kx_execute_ctrl_cappuccino/wb_rfd_adr_o_reg[3]
              697       u_mor1kx/mor1kx_cpu/cappuccino.mor1kx_cpu/mor1kx_execute_ctrl_cappuccino/wb_rfd_adr_o_reg[4]
              698       u_mor1kx/mor1kx_cpu/cappuccino.mor1kx_cpu/mor1kx_fetch_cappuccino/exception_while_tlb_reload_reg
              699       u_mor1kx/mor1kx_cpu/cappuccino.mor1kx_cpu/mor1kx_fetch_cappuccino/ibus_ack_reg
              700       u_mor1kx/mor1kx_cpu/cappuccino.mor1kx_cpu/mor1kx_fetch_cappuccino/ibus_adr_reg[0]
              701       u_mor1kx/mor1kx_cpu/cappuccino.mor1kx_cpu/mor1kx_fetch_cappuccino/ibus_adr_reg[1]
              702       u_mor1kx/mor1kx_cpu/cappuccino.mor1kx_cpu/mor1kx_fetch_cappuccino/ibus_adr_reg[2]
              703       u_mor1kx/mor1kx_cpu/cappuccino.mor1kx_cpu/mor1kx_fetch_cappuccino/ibus_adr_reg[3]
              704       u_mor1kx/mor1kx_cpu/cappuccino.mor1kx_cpu/mor1kx_fetch_cappuccino/ibus_adr_reg[4]
              705       u_mor1kx/mor1kx_cpu/cappuccino.mor1kx_cpu/mor1kx_fetch_cappuccino/ibus_adr_reg[5]
              706       u_mor1kx/mor1kx_cpu/cappuccino.mor1kx_cpu/mor1kx_fetch_cappuccino/ibus_adr_reg[6]
              707       u_mor1kx/mor1kx_cpu/cappuccino.mor1kx_cpu/mor1kx_fetch_cappuccino/ibus_adr_reg[7]
              708       u_mor1kx/mor1kx_cpu/cappuccino.mor1kx_cpu/mor1kx_fetch_cappuccino/ibus_adr_reg[8]
              709       u_mor1kx/mor1kx_cpu/cappuccino.mor1kx_cpu/mor1kx_fetch_cappuccino/ibus_adr_reg[9]
              710       u_mor1kx/mor1kx_cpu/cappuccino.mor1kx_cpu/mor1kx_fetch_cappuccino/ibus_adr_reg[10]
              711       u_mor1kx/mor1kx_cpu/cappuccino.mor1kx_cpu/mor1kx_fetch_cappuccino/ibus_adr_reg[11]
              712       u_mor1kx/mor1kx_cpu/cappuccino.mor1kx_cpu/mor1kx_fetch_cappuccino/ibus_adr_reg[12]
              713       u_mor1kx/mor1kx_cpu/cappuccino.mor1kx_cpu/mor1kx_fetch_cappuccino/ibus_adr_reg[13]
              714       u_mor1kx/mor1kx_cpu/cappuccino.mor1kx_cpu/mor1kx_fetch_cappuccino/ibus_adr_reg[14]
              715       u_mor1kx/mor1kx_cpu/cappuccino.mor1kx_cpu/mor1kx_fetch_cappuccino/ibus_adr_reg[15]
              716       u_mor1kx/mor1kx_cpu/cappuccino.mor1kx_cpu/mor1kx_fetch_cappuccino/ibus_adr_reg[16]
              717       u_mor1kx/mor1kx_cpu/cappuccino.mor1kx_cpu/mor1kx_fetch_cappuccino/ibus_adr_reg[17]
              718       u_mor1kx/mor1kx_cpu/cappuccino.mor1kx_cpu/mor1kx_fetch_cappuccino/ibus_adr_reg[18]
              719       u_mor1kx/mor1kx_cpu/cappuccino.mor1kx_cpu/mor1kx_fetch_cappuccino/ibus_adr_reg[19]
              720       u_mor1kx/mor1kx_cpu/cappuccino.mor1kx_cpu/mor1kx_fetch_cappuccino/ibus_adr_reg[20]
              721       u_mor1kx/mor1kx_cpu/cappuccino.mor1kx_cpu/mor1kx_fetch_cappuccino/ibus_adr_reg[21]
              722       u_mor1kx/mor1kx_cpu/cappuccino.mor1kx_cpu/mor1kx_fetch_cappuccino/ibus_adr_reg[22]
              723       u_mor1kx/mor1kx_cpu/cappuccino.mor1kx_cpu/mor1kx_fetch_cappuccino/ibus_adr_reg[23]
              724       u_mor1kx/mor1kx_cpu/cappuccino.mor1kx_cpu/mor1kx_fetch_cappuccino/ibus_adr_reg[24]
              725       u_mor1kx/mor1kx_cpu/cappuccino.mor1kx_cpu/mor1kx_fetch_cappuccino/ibus_adr_reg[25]
              726       u_mor1kx/mor1kx_cpu/cappuccino.mor1kx_cpu/mor1kx_fetch_cappuccino/ibus_adr_reg[26]
              727       u_mor1kx/mor1kx_cpu/cappuccino.mor1kx_cpu/mor1kx_fetch_cappuccino/ibus_adr_reg[27]
              728       u_mor1kx/mor1kx_cpu/cappuccino.mor1kx_cpu/mor1kx_fetch_cappuccino/ibus_adr_reg[28]
              729       u_mor1kx/mor1kx_cpu/cappuccino.mor1kx_cpu/mor1kx_fetch_cappuccino/ibus_adr_reg[29]
              730       u_mor1kx/mor1kx_cpu/cappuccino.mor1kx_cpu/mor1kx_fetch_cappuccino/ibus_adr_reg[30]
              731       u_mor1kx/mor1kx_cpu/cappuccino.mor1kx_cpu/mor1kx_fetch_cappuccino/ibus_adr_reg[31]
              732       u_mor1kx/mor1kx_cpu/cappuccino.mor1kx_cpu/mor1kx_fetch_cappuccino/ibus_dat_reg[0]
              733       u_mor1kx/mor1kx_cpu/cappuccino.mor1kx_cpu/mor1kx_fetch_cappuccino/ibus_dat_reg[1]
              734       u_mor1kx/mor1kx_cpu/cappuccino.mor1kx_cpu/mor1kx_fetch_cappuccino/ibus_dat_reg[2]
              735       u_mor1kx/mor1kx_cpu/cappuccino.mor1kx_cpu/mor1kx_fetch_cappuccino/ibus_dat_reg[3]
              736       u_mor1kx/mor1kx_cpu/cappuccino.mor1kx_cpu/mor1kx_fetch_cappuccino/ibus_dat_reg[4]
              737       u_mor1kx/mor1kx_cpu/cappuccino.mor1kx_cpu/mor1kx_fetch_cappuccino/ibus_dat_reg[5]
              738       u_mor1kx/mor1kx_cpu/cappuccino.mor1kx_cpu/mor1kx_fetch_cappuccino/ibus_dat_reg[6]
              739       u_mor1kx/mor1kx_cpu/cappuccino.mor1kx_cpu/mor1kx_fetch_cappuccino/ibus_dat_reg[7]
              740       u_mor1kx/mor1kx_cpu/cappuccino.mor1kx_cpu/mor1kx_fetch_cappuccino/ibus_dat_reg[8]
              741       u_mor1kx/mor1kx_cpu/cappuccino.mor1kx_cpu/mor1kx_fetch_cappuccino/ibus_dat_reg[9]
              742       u_mor1kx/mor1kx_cpu/cappuccino.mor1kx_cpu/mor1kx_fetch_cappuccino/ibus_dat_reg[10]
              743       u_mor1kx/mor1kx_cpu/cappuccino.mor1kx_cpu/mor1kx_fetch_cappuccino/ibus_dat_reg[11]
              744       u_mor1kx/mor1kx_cpu/cappuccino.mor1kx_cpu/mor1kx_fetch_cappuccino/ibus_dat_reg[12]
              745       u_mor1kx/mor1kx_cpu/cappuccino.mor1kx_cpu/mor1kx_fetch_cappuccino/ibus_dat_reg[13]
              746       u_mor1kx/mor1kx_cpu/cappuccino.mor1kx_cpu/mor1kx_fetch_cappuccino/ibus_dat_reg[14]
              747       u_mor1kx/mor1kx_cpu/cappuccino.mor1kx_cpu/mor1kx_fetch_cappuccino/ibus_dat_reg[15]
              748       u_mor1kx/mor1kx_cpu/cappuccino.mor1kx_cpu/mor1kx_fetch_cappuccino/ibus_dat_reg[16]
              749       u_mor1kx/mor1kx_cpu/cappuccino.mor1kx_cpu/mor1kx_fetch_cappuccino/ibus_dat_reg[17]
              750       u_mor1kx/mor1kx_cpu/cappuccino.mor1kx_cpu/mor1kx_fetch_cappuccino/ibus_dat_reg[18]
              751       u_mor1kx/mor1kx_cpu/cappuccino.mor1kx_cpu/mor1kx_fetch_cappuccino/ibus_dat_reg[19]
              752       u_mor1kx/mor1kx_cpu/cappuccino.mor1kx_cpu/mor1kx_fetch_cappuccino/ibus_dat_reg[20]
              753       u_mor1kx/mor1kx_cpu/cappuccino.mor1kx_cpu/mor1kx_fetch_cappuccino/ibus_dat_reg[21]
              754       u_mor1kx/mor1kx_cpu/cappuccino.mor1kx_cpu/mor1kx_fetch_cappuccino/ibus_dat_reg[22]
              755       u_mor1kx/mor1kx_cpu/cappuccino.mor1kx_cpu/mor1kx_fetch_cappuccino/ibus_dat_reg[23]
              756       u_mor1kx/mor1kx_cpu/cappuccino.mor1kx_cpu/mor1kx_fetch_cappuccino/ibus_dat_reg[24]
              757       u_mor1kx/mor1kx_cpu/cappuccino.mor1kx_cpu/mor1kx_fetch_cappuccino/ibus_dat_reg[25]
              758       u_mor1kx/mor1kx_cpu/cappuccino.mor1kx_cpu/mor1kx_fetch_cappuccino/ibus_dat_reg[26]
              759       u_mor1kx/mor1kx_cpu/cappuccino.mor1kx_cpu/mor1kx_fetch_cappuccino/ibus_dat_reg[27]
              760       u_mor1kx/mor1kx_cpu/cappuccino.mor1kx_cpu/mor1kx_fetch_cappuccino/ibus_dat_reg[28]
              761       u_mor1kx/mor1kx_cpu/cappuccino.mor1kx_cpu/mor1kx_fetch_cappuccino/ibus_dat_reg[29]
              762       u_mor1kx/mor1kx_cpu/cappuccino.mor1kx_cpu/mor1kx_fetch_cappuccino/ibus_dat_reg[30]
              763       u_mor1kx/mor1kx_cpu/cappuccino.mor1kx_cpu/mor1kx_fetch_cappuccino/ibus_dat_reg[31]
              764       u_mor1kx/mor1kx_cpu/cappuccino.mor1kx_cpu/mor1kx_fetch_cappuccino/pc_decode_o_reg[0]
              765       u_mor1kx/mor1kx_cpu/cappuccino.mor1kx_cpu/mor1kx_fetch_cappuccino/pc_decode_o_reg[1]
              766       u_mor1kx/mor1kx_cpu/cappuccino.mor1kx_cpu/mor1kx_fetch_cappuccino/pc_decode_o_reg[2]
              767       u_mor1kx/mor1kx_cpu/cappuccino.mor1kx_cpu/mor1kx_fetch_cappuccino/pc_decode_o_reg[3]
              768       u_mor1kx/mor1kx_cpu/cappuccino.mor1kx_cpu/mor1kx_fetch_cappuccino/pc_decode_o_reg[4]
              769       u_mor1kx/mor1kx_cpu/cappuccino.mor1kx_cpu/mor1kx_fetch_cappuccino/pc_decode_o_reg[5]
              770       u_mor1kx/mor1kx_cpu/cappuccino.mor1kx_cpu/mor1kx_fetch_cappuccino/pc_decode_o_reg[6]
              771       u_mor1kx/mor1kx_cpu/cappuccino.mor1kx_cpu/mor1kx_fetch_cappuccino/pc_decode_o_reg[7]
              772       u_mor1kx/mor1kx_cpu/cappuccino.mor1kx_cpu/mor1kx_fetch_cappuccino/pc_decode_o_reg[8]
              773       u_mor1kx/mor1kx_cpu/cappuccino.mor1kx_cpu/mor1kx_fetch_cappuccino/pc_decode_o_reg[9]
              774       u_mor1kx/mor1kx_cpu/cappuccino.mor1kx_cpu/mor1kx_fetch_cappuccino/pc_decode_o_reg[10]
              775       u_mor1kx/mor1kx_cpu/cappuccino.mor1kx_cpu/mor1kx_fetch_cappuccino/pc_decode_o_reg[11]
              776       u_mor1kx/mor1kx_cpu/cappuccino.mor1kx_cpu/mor1kx_fetch_cappuccino/pc_decode_o_reg[12]
              777       u_mor1kx/mor1kx_cpu/cappuccino.mor1kx_cpu/mor1kx_fetch_cappuccino/pc_decode_o_reg[13]
              778       u_mor1kx/mor1kx_cpu/cappuccino.mor1kx_cpu/mor1kx_fetch_cappuccino/pc_decode_o_reg[14]
              779       u_mor1kx/mor1kx_cpu/cappuccino.mor1kx_cpu/mor1kx_fetch_cappuccino/pc_decode_o_reg[15]
              780       u_mor1kx/mor1kx_cpu/cappuccino.mor1kx_cpu/mor1kx_fetch_cappuccino/pc_decode_o_reg[16]
              781       u_mor1kx/mor1kx_cpu/cappuccino.mor1kx_cpu/mor1kx_fetch_cappuccino/pc_decode_o_reg[17]
              782       u_mor1kx/mor1kx_cpu/cappuccino.mor1kx_cpu/mor1kx_fetch_cappuccino/pc_decode_o_reg[18]
              783       u_mor1kx/mor1kx_cpu/cappuccino.mor1kx_cpu/mor1kx_fetch_cappuccino/pc_decode_o_reg[19]
              784       u_mor1kx/mor1kx_cpu/cappuccino.mor1kx_cpu/mor1kx_fetch_cappuccino/pc_decode_o_reg[20]
              785       u_mor1kx/mor1kx_cpu/cappuccino.mor1kx_cpu/mor1kx_fetch_cappuccino/pc_decode_o_reg[21]
              786       u_mor1kx/mor1kx_cpu/cappuccino.mor1kx_cpu/mor1kx_fetch_cappuccino/pc_decode_o_reg[22]
              787       u_mor1kx/mor1kx_cpu/cappuccino.mor1kx_cpu/mor1kx_fetch_cappuccino/pc_decode_o_reg[23]
              788       u_mor1kx/mor1kx_cpu/cappuccino.mor1kx_cpu/mor1kx_fetch_cappuccino/pc_decode_o_reg[24]
              789       u_mor1kx/mor1kx_cpu/cappuccino.mor1kx_cpu/mor1kx_fetch_cappuccino/pc_decode_o_reg[25]
              790       u_mor1kx/mor1kx_cpu/cappuccino.mor1kx_cpu/mor1kx_fetch_cappuccino/pc_decode_o_reg[26]
              791       u_mor1kx/mor1kx_cpu/cappuccino.mor1kx_cpu/mor1kx_fetch_cappuccino/pc_decode_o_reg[27]
              792       u_mor1kx/mor1kx_cpu/cappuccino.mor1kx_cpu/mor1kx_fetch_cappuccino/pc_decode_o_reg[28]
              793       u_mor1kx/mor1kx_cpu/cappuccino.mor1kx_cpu/mor1kx_fetch_cappuccino/pc_decode_o_reg[29]
              794       u_mor1kx/mor1kx_cpu/cappuccino.mor1kx_cpu/mor1kx_fetch_cappuccino/pc_decode_o_reg[30]
              795       u_mor1kx/mor1kx_cpu/cappuccino.mor1kx_cpu/mor1kx_fetch_cappuccino/pc_decode_o_reg[31]
              796       u_mor1kx/mor1kx_cpu/cappuccino.mor1kx_cpu/mor1kx_lsu_cappuccino/atomic_addr_reg[2]
              797       u_mor1kx/mor1kx_cpu/cappuccino.mor1kx_cpu/mor1kx_lsu_cappuccino/atomic_addr_reg[3]
              798       u_mor1kx/mor1kx_cpu/cappuccino.mor1kx_cpu/mor1kx_lsu_cappuccino/atomic_addr_reg[4]
              799       u_mor1kx/mor1kx_cpu/cappuccino.mor1kx_cpu/mor1kx_lsu_cappuccino/atomic_addr_reg[5]
              800       u_mor1kx/mor1kx_cpu/cappuccino.mor1kx_cpu/mor1kx_lsu_cappuccino/atomic_addr_reg[6]
              801       u_mor1kx/mor1kx_cpu/cappuccino.mor1kx_cpu/mor1kx_lsu_cappuccino/atomic_addr_reg[7]
              802       u_mor1kx/mor1kx_cpu/cappuccino.mor1kx_cpu/mor1kx_lsu_cappuccino/atomic_addr_reg[8]
              803       u_mor1kx/mor1kx_cpu/cappuccino.mor1kx_cpu/mor1kx_lsu_cappuccino/atomic_addr_reg[9]
              804       u_mor1kx/mor1kx_cpu/cappuccino.mor1kx_cpu/mor1kx_lsu_cappuccino/atomic_addr_reg[10]
              805       u_mor1kx/mor1kx_cpu/cappuccino.mor1kx_cpu/mor1kx_lsu_cappuccino/atomic_addr_reg[11]
              806       u_mor1kx/mor1kx_cpu/cappuccino.mor1kx_cpu/mor1kx_lsu_cappuccino/atomic_addr_reg[12]
              807       u_mor1kx/mor1kx_cpu/cappuccino.mor1kx_cpu/mor1kx_lsu_cappuccino/atomic_addr_reg[13]
              808       u_mor1kx/mor1kx_cpu/cappuccino.mor1kx_cpu/mor1kx_lsu_cappuccino/atomic_addr_reg[14]
              809       u_mor1kx/mor1kx_cpu/cappuccino.mor1kx_cpu/mor1kx_lsu_cappuccino/atomic_addr_reg[15]
              810       u_mor1kx/mor1kx_cpu/cappuccino.mor1kx_cpu/mor1kx_lsu_cappuccino/atomic_addr_reg[16]
              811       u_mor1kx/mor1kx_cpu/cappuccino.mor1kx_cpu/mor1kx_lsu_cappuccino/atomic_addr_reg[17]
              812       u_mor1kx/mor1kx_cpu/cappuccino.mor1kx_cpu/mor1kx_lsu_cappuccino/atomic_addr_reg[18]
              813       u_mor1kx/mor1kx_cpu/cappuccino.mor1kx_cpu/mor1kx_lsu_cappuccino/atomic_addr_reg[19]
              814       u_mor1kx/mor1kx_cpu/cappuccino.mor1kx_cpu/mor1kx_lsu_cappuccino/atomic_addr_reg[20]
              815       u_mor1kx/mor1kx_cpu/cappuccino.mor1kx_cpu/mor1kx_lsu_cappuccino/atomic_addr_reg[21]
              816       u_mor1kx/mor1kx_cpu/cappuccino.mor1kx_cpu/mor1kx_lsu_cappuccino/atomic_addr_reg[22]
              817       u_mor1kx/mor1kx_cpu/cappuccino.mor1kx_cpu/mor1kx_lsu_cappuccino/atomic_addr_reg[23]
              818       u_mor1kx/mor1kx_cpu/cappuccino.mor1kx_cpu/mor1kx_lsu_cappuccino/atomic_addr_reg[24]
              819       u_mor1kx/mor1kx_cpu/cappuccino.mor1kx_cpu/mor1kx_lsu_cappuccino/atomic_addr_reg[25]
              820       u_mor1kx/mor1kx_cpu/cappuccino.mor1kx_cpu/mor1kx_lsu_cappuccino/atomic_addr_reg[26]
              821       u_mor1kx/mor1kx_cpu/cappuccino.mor1kx_cpu/mor1kx_lsu_cappuccino/atomic_addr_reg[27]
              822       u_mor1kx/mor1kx_cpu/cappuccino.mor1kx_cpu/mor1kx_lsu_cappuccino/atomic_addr_reg[28]
              823       u_mor1kx/mor1kx_cpu/cappuccino.mor1kx_cpu/mor1kx_lsu_cappuccino/atomic_addr_reg[29]
              824       u_mor1kx/mor1kx_cpu/cappuccino.mor1kx_cpu/mor1kx_lsu_cappuccino/atomic_addr_reg[30]
              825       u_mor1kx/mor1kx_cpu/cappuccino.mor1kx_cpu/mor1kx_lsu_cappuccino/atomic_addr_reg[31]
              826       u_mor1kx/mor1kx_cpu/cappuccino.mor1kx_cpu/mor1kx_lsu_cappuccino/atomic_gen.atomic_flag_clear_reg
              827       u_mor1kx/mor1kx_cpu/cappuccino.mor1kx_cpu/mor1kx_lsu_cappuccino/atomic_gen.atomic_flag_set_reg
              828       u_mor1kx/mor1kx_cpu/cappuccino.mor1kx_cpu/mor1kx_lsu_cappuccino/dbus_ack_reg
              829       u_mor1kx/mor1kx_cpu/cappuccino.mor1kx_cpu/mor1kx_lsu_cappuccino/dbus_adr_reg[0]
              830       u_mor1kx/mor1kx_cpu/cappuccino.mor1kx_cpu/mor1kx_lsu_cappuccino/dbus_adr_reg[1]
              831       u_mor1kx/mor1kx_cpu/cappuccino.mor1kx_cpu/mor1kx_lsu_cappuccino/dbus_adr_reg[2]
              832       u_mor1kx/mor1kx_cpu/cappuccino.mor1kx_cpu/mor1kx_lsu_cappuccino/dbus_adr_reg[3]
              833       u_mor1kx/mor1kx_cpu/cappuccino.mor1kx_cpu/mor1kx_lsu_cappuccino/dbus_adr_reg[4]
              834       u_mor1kx/mor1kx_cpu/cappuccino.mor1kx_cpu/mor1kx_lsu_cappuccino/dbus_adr_reg[5]
              835       u_mor1kx/mor1kx_cpu/cappuccino.mor1kx_cpu/mor1kx_lsu_cappuccino/dbus_adr_reg[6]
              836       u_mor1kx/mor1kx_cpu/cappuccino.mor1kx_cpu/mor1kx_lsu_cappuccino/dbus_adr_reg[7]
              837       u_mor1kx/mor1kx_cpu/cappuccino.mor1kx_cpu/mor1kx_lsu_cappuccino/dbus_adr_reg[8]
              838       u_mor1kx/mor1kx_cpu/cappuccino.mor1kx_cpu/mor1kx_lsu_cappuccino/dbus_adr_reg[9]
              839       u_mor1kx/mor1kx_cpu/cappuccino.mor1kx_cpu/mor1kx_lsu_cappuccino/dbus_adr_reg[10]
              840       u_mor1kx/mor1kx_cpu/cappuccino.mor1kx_cpu/mor1kx_lsu_cappuccino/dbus_adr_reg[11]
              841       u_mor1kx/mor1kx_cpu/cappuccino.mor1kx_cpu/mor1kx_lsu_cappuccino/dbus_adr_reg[12]
              842       u_mor1kx/mor1kx_cpu/cappuccino.mor1kx_cpu/mor1kx_lsu_cappuccino/dbus_adr_reg[13]
              843       u_mor1kx/mor1kx_cpu/cappuccino.mor1kx_cpu/mor1kx_lsu_cappuccino/dbus_adr_reg[14]
              844       u_mor1kx/mor1kx_cpu/cappuccino.mor1kx_cpu/mor1kx_lsu_cappuccino/dbus_adr_reg[15]
              845       u_mor1kx/mor1kx_cpu/cappuccino.mor1kx_cpu/mor1kx_lsu_cappuccino/dbus_adr_reg[16]
              846       u_mor1kx/mor1kx_cpu/cappuccino.mor1kx_cpu/mor1kx_lsu_cappuccino/dbus_adr_reg[17]
              847       u_mor1kx/mor1kx_cpu/cappuccino.mor1kx_cpu/mor1kx_lsu_cappuccino/dbus_adr_reg[18]
              848       u_mor1kx/mor1kx_cpu/cappuccino.mor1kx_cpu/mor1kx_lsu_cappuccino/dbus_adr_reg[19]
              849       u_mor1kx/mor1kx_cpu/cappuccino.mor1kx_cpu/mor1kx_lsu_cappuccino/dbus_adr_reg[20]
              850       u_mor1kx/mor1kx_cpu/cappuccino.mor1kx_cpu/mor1kx_lsu_cappuccino/dbus_adr_reg[21]
              851       u_mor1kx/mor1kx_cpu/cappuccino.mor1kx_cpu/mor1kx_lsu_cappuccino/dbus_adr_reg[22]
              852       u_mor1kx/mor1kx_cpu/cappuccino.mor1kx_cpu/mor1kx_lsu_cappuccino/dbus_adr_reg[23]
              853       u_mor1kx/mor1kx_cpu/cappuccino.mor1kx_cpu/mor1kx_lsu_cappuccino/dbus_adr_reg[24]
              854       u_mor1kx/mor1kx_cpu/cappuccino.mor1kx_cpu/mor1kx_lsu_cappuccino/dbus_adr_reg[25]
              855       u_mor1kx/mor1kx_cpu/cappuccino.mor1kx_cpu/mor1kx_lsu_cappuccino/dbus_adr_reg[26]
              856       u_mor1kx/mor1kx_cpu/cappuccino.mor1kx_cpu/mor1kx_lsu_cappuccino/dbus_adr_reg[27]
              857       u_mor1kx/mor1kx_cpu/cappuccino.mor1kx_cpu/mor1kx_lsu_cappuccino/dbus_adr_reg[28]
              858       u_mor1kx/mor1kx_cpu/cappuccino.mor1kx_cpu/mor1kx_lsu_cappuccino/dbus_adr_reg[29]
              859       u_mor1kx/mor1kx_cpu/cappuccino.mor1kx_cpu/mor1kx_lsu_cappuccino/dbus_adr_reg[30]
              860       u_mor1kx/mor1kx_cpu/cappuccino.mor1kx_cpu/mor1kx_lsu_cappuccino/dbus_adr_reg[31]
              861       u_mor1kx/mor1kx_cpu/cappuccino.mor1kx_cpu/mor1kx_lsu_cappuccino/dbus_bsel_o_reg[0]
              862       u_mor1kx/mor1kx_cpu/cappuccino.mor1kx_cpu/mor1kx_lsu_cappuccino/dbus_bsel_o_reg[1]
              863       u_mor1kx/mor1kx_cpu/cappuccino.mor1kx_cpu/mor1kx_lsu_cappuccino/dbus_bsel_o_reg[2]
              864       u_mor1kx/mor1kx_cpu/cappuccino.mor1kx_cpu/mor1kx_lsu_cappuccino/dbus_bsel_o_reg[3]
              865       u_mor1kx/mor1kx_cpu/cappuccino.mor1kx_cpu/mor1kx_lsu_cappuccino/dbus_dat_reg[0]
              866       u_mor1kx/mor1kx_cpu/cappuccino.mor1kx_cpu/mor1kx_lsu_cappuccino/dbus_dat_reg[1]
              867       u_mor1kx/mor1kx_cpu/cappuccino.mor1kx_cpu/mor1kx_lsu_cappuccino/dbus_dat_reg[2]
              868       u_mor1kx/mor1kx_cpu/cappuccino.mor1kx_cpu/mor1kx_lsu_cappuccino/dbus_dat_reg[3]
              869       u_mor1kx/mor1kx_cpu/cappuccino.mor1kx_cpu/mor1kx_lsu_cappuccino/dbus_dat_reg[4]
              870       u_mor1kx/mor1kx_cpu/cappuccino.mor1kx_cpu/mor1kx_lsu_cappuccino/dbus_dat_reg[5]
              871       u_mor1kx/mor1kx_cpu/cappuccino.mor1kx_cpu/mor1kx_lsu_cappuccino/dbus_dat_reg[6]
              872       u_mor1kx/mor1kx_cpu/cappuccino.mor1kx_cpu/mor1kx_lsu_cappuccino/dbus_dat_reg[7]
              873       u_mor1kx/mor1kx_cpu/cappuccino.mor1kx_cpu/mor1kx_lsu_cappuccino/dbus_dat_reg[8]
              874       u_mor1kx/mor1kx_cpu/cappuccino.mor1kx_cpu/mor1kx_lsu_cappuccino/dbus_dat_reg[9]
              875       u_mor1kx/mor1kx_cpu/cappuccino.mor1kx_cpu/mor1kx_lsu_cappuccino/dbus_dat_reg[10]
              876       u_mor1kx/mor1kx_cpu/cappuccino.mor1kx_cpu/mor1kx_lsu_cappuccino/dbus_dat_reg[11]
              877       u_mor1kx/mor1kx_cpu/cappuccino.mor1kx_cpu/mor1kx_lsu_cappuccino/dbus_dat_reg[12]
              878       u_mor1kx/mor1kx_cpu/cappuccino.mor1kx_cpu/mor1kx_lsu_cappuccino/dbus_dat_reg[13]
              879       u_mor1kx/mor1kx_cpu/cappuccino.mor1kx_cpu/mor1kx_lsu_cappuccino/dbus_dat_reg[14]
              880       u_mor1kx/mor1kx_cpu/cappuccino.mor1kx_cpu/mor1kx_lsu_cappuccino/dbus_dat_reg[15]
              881       u_mor1kx/mor1kx_cpu/cappuccino.mor1kx_cpu/mor1kx_lsu_cappuccino/dbus_dat_reg[16]
              882       u_mor1kx/mor1kx_cpu/cappuccino.mor1kx_cpu/mor1kx_lsu_cappuccino/dbus_dat_reg[17]
              883       u_mor1kx/mor1kx_cpu/cappuccino.mor1kx_cpu/mor1kx_lsu_cappuccino/dbus_dat_reg[18]
              884       u_mor1kx/mor1kx_cpu/cappuccino.mor1kx_cpu/mor1kx_lsu_cappuccino/dbus_dat_reg[19]
              885       u_mor1kx/mor1kx_cpu/cappuccino.mor1kx_cpu/mor1kx_lsu_cappuccino/dbus_dat_reg[20]
              886       u_mor1kx/mor1kx_cpu/cappuccino.mor1kx_cpu/mor1kx_lsu_cappuccino/dbus_dat_reg[21]
              887       u_mor1kx/mor1kx_cpu/cappuccino.mor1kx_cpu/mor1kx_lsu_cappuccino/dbus_dat_reg[22]
              888       u_mor1kx/mor1kx_cpu/cappuccino.mor1kx_cpu/mor1kx_lsu_cappuccino/dbus_dat_reg[23]
              889       u_mor1kx/mor1kx_cpu/cappuccino.mor1kx_cpu/mor1kx_lsu_cappuccino/dbus_dat_reg[24]
              890       u_mor1kx/mor1kx_cpu/cappuccino.mor1kx_cpu/mor1kx_lsu_cappuccino/dbus_dat_reg[25]
              891       u_mor1kx/mor1kx_cpu/cappuccino.mor1kx_cpu/mor1kx_lsu_cappuccino/dbus_dat_reg[26]
              892       u_mor1kx/mor1kx_cpu/cappuccino.mor1kx_cpu/mor1kx_lsu_cappuccino/dbus_dat_reg[27]
              893       u_mor1kx/mor1kx_cpu/cappuccino.mor1kx_cpu/mor1kx_lsu_cappuccino/dbus_dat_reg[28]
              894       u_mor1kx/mor1kx_cpu/cappuccino.mor1kx_cpu/mor1kx_lsu_cappuccino/dbus_dat_reg[29]
              895       u_mor1kx/mor1kx_cpu/cappuccino.mor1kx_cpu/mor1kx_lsu_cappuccino/dbus_dat_reg[30]
              896       u_mor1kx/mor1kx_cpu/cappuccino.mor1kx_cpu/mor1kx_lsu_cappuccino/dbus_dat_reg[31]
              897       u_mor1kx/mor1kx_cpu/cappuccino.mor1kx_cpu/mor1kx_lsu_cappuccino/dbus_req_o_reg
              898       u_mor1kx/mor1kx_cpu/cappuccino.mor1kx_cpu/mor1kx_lsu_cappuccino/dbus_we_reg
              899       u_mor1kx/mor1kx_cpu/cappuccino.mor1kx_cpu/mor1kx_lsu_cappuccino/last_write_reg
              900       u_mor1kx/mor1kx_cpu/cappuccino.mor1kx_cpu/mor1kx_lsu_cappuccino/tlb_reload_done_reg
              901       u_mor1kx/mor1kx_cpu/cappuccino.mor1kx_cpu/mor1kx_lsu_cappuccino/write_done_reg
              902       u_mor1kx/mor1kx_cpu/cappuccino.mor1kx_cpu/mor1kx_rf_cappuccino/ctrl_hazard_a_reg
              903       u_mor1kx/mor1kx_cpu/cappuccino.mor1kx_cpu/mor1kx_rf_cappuccino/ctrl_hazard_b_reg
              904       u_mor1kx/mor1kx_cpu/cappuccino.mor1kx_cpu/mor1kx_rf_cappuccino/ctrl_hazard_result_r_reg[0]
              905       u_mor1kx/mor1kx_cpu/cappuccino.mor1kx_cpu/mor1kx_rf_cappuccino/ctrl_hazard_result_r_reg[1]
              906       u_mor1kx/mor1kx_cpu/cappuccino.mor1kx_cpu/mor1kx_rf_cappuccino/ctrl_hazard_result_r_reg[2]
              907       u_mor1kx/mor1kx_cpu/cappuccino.mor1kx_cpu/mor1kx_rf_cappuccino/ctrl_hazard_result_r_reg[3]
              908       u_mor1kx/mor1kx_cpu/cappuccino.mor1kx_cpu/mor1kx_rf_cappuccino/ctrl_hazard_result_r_reg[4]
              909       u_mor1kx/mor1kx_cpu/cappuccino.mor1kx_cpu/mor1kx_rf_cappuccino/ctrl_hazard_result_r_reg[5]
              910       u_mor1kx/mor1kx_cpu/cappuccino.mor1kx_cpu/mor1kx_rf_cappuccino/ctrl_hazard_result_r_reg[6]
              911       u_mor1kx/mor1kx_cpu/cappuccino.mor1kx_cpu/mor1kx_rf_cappuccino/ctrl_hazard_result_r_reg[7]
              912       u_mor1kx/mor1kx_cpu/cappuccino.mor1kx_cpu/mor1kx_rf_cappuccino/ctrl_hazard_result_r_reg[8]
              913       u_mor1kx/mor1kx_cpu/cappuccino.mor1kx_cpu/mor1kx_rf_cappuccino/ctrl_hazard_result_r_reg[9]
              914       u_mor1kx/mor1kx_cpu/cappuccino.mor1kx_cpu/mor1kx_rf_cappuccino/ctrl_hazard_result_r_reg[10]
              915       u_mor1kx/mor1kx_cpu/cappuccino.mor1kx_cpu/mor1kx_rf_cappuccino/ctrl_hazard_result_r_reg[11]
              916       u_mor1kx/mor1kx_cpu/cappuccino.mor1kx_cpu/mor1kx_rf_cappuccino/ctrl_hazard_result_r_reg[12]
              917       u_mor1kx/mor1kx_cpu/cappuccino.mor1kx_cpu/mor1kx_rf_cappuccino/ctrl_hazard_result_r_reg[13]
              918       u_mor1kx/mor1kx_cpu/cappuccino.mor1kx_cpu/mor1kx_rf_cappuccino/ctrl_hazard_result_r_reg[14]
              919       u_mor1kx/mor1kx_cpu/cappuccino.mor1kx_cpu/mor1kx_rf_cappuccino/ctrl_hazard_result_r_reg[15]
              920       u_mor1kx/mor1kx_cpu/cappuccino.mor1kx_cpu/mor1kx_rf_cappuccino/ctrl_hazard_result_r_reg[16]
              921       u_mor1kx/mor1kx_cpu/cappuccino.mor1kx_cpu/mor1kx_rf_cappuccino/ctrl_hazard_result_r_reg[17]
              922       u_mor1kx/mor1kx_cpu/cappuccino.mor1kx_cpu/mor1kx_rf_cappuccino/ctrl_hazard_result_r_reg[18]
              923       u_mor1kx/mor1kx_cpu/cappuccino.mor1kx_cpu/mor1kx_rf_cappuccino/ctrl_hazard_result_r_reg[19]
              924       u_mor1kx/mor1kx_cpu/cappuccino.mor1kx_cpu/mor1kx_rf_cappuccino/ctrl_hazard_result_r_reg[20]
              925       u_mor1kx/mor1kx_cpu/cappuccino.mor1kx_cpu/mor1kx_rf_cappuccino/ctrl_hazard_result_r_reg[21]
              926       u_mor1kx/mor1kx_cpu/cappuccino.mor1kx_cpu/mor1kx_rf_cappuccino/ctrl_hazard_result_r_reg[22]
              927       u_mor1kx/mor1kx_cpu/cappuccino.mor1kx_cpu/mor1kx_rf_cappuccino/ctrl_hazard_result_r_reg[23]
              928       u_mor1kx/mor1kx_cpu/cappuccino.mor1kx_cpu/mor1kx_rf_cappuccino/ctrl_hazard_result_r_reg[24]
              929       u_mor1kx/mor1kx_cpu/cappuccino.mor1kx_cpu/mor1kx_rf_cappuccino/ctrl_hazard_result_r_reg[25]
              930       u_mor1kx/mor1kx_cpu/cappuccino.mor1kx_cpu/mor1kx_rf_cappuccino/ctrl_hazard_result_r_reg[26]
              931       u_mor1kx/mor1kx_cpu/cappuccino.mor1kx_cpu/mor1kx_rf_cappuccino/ctrl_hazard_result_r_reg[27]
              932       u_mor1kx/mor1kx_cpu/cappuccino.mor1kx_cpu/mor1kx_rf_cappuccino/ctrl_hazard_result_r_reg[28]
              933       u_mor1kx/mor1kx_cpu/cappuccino.mor1kx_cpu/mor1kx_rf_cappuccino/ctrl_hazard_result_r_reg[29]
              934       u_mor1kx/mor1kx_cpu/cappuccino.mor1kx_cpu/mor1kx_rf_cappuccino/ctrl_hazard_result_r_reg[30]
              935       u_mor1kx/mor1kx_cpu/cappuccino.mor1kx_cpu/mor1kx_rf_cappuccino/ctrl_hazard_result_r_reg[31]
              936       u_mor1kx/mor1kx_cpu/cappuccino.mor1kx_cpu/mor1kx_rf_cappuccino/execute_hazard_a_reg
              937       u_mor1kx/mor1kx_cpu/cappuccino.mor1kx_cpu/mor1kx_rf_cappuccino/execute_hazard_b_reg
              938       u_mor1kx/mor1kx_cpu/cappuccino.mor1kx_cpu/mor1kx_rf_cappuccino/execute_hazard_result_r_reg[0]
              939       u_mor1kx/mor1kx_cpu/cappuccino.mor1kx_cpu/mor1kx_rf_cappuccino/execute_hazard_result_r_reg[1]
              940       u_mor1kx/mor1kx_cpu/cappuccino.mor1kx_cpu/mor1kx_rf_cappuccino/execute_hazard_result_r_reg[2]
              941       u_mor1kx/mor1kx_cpu/cappuccino.mor1kx_cpu/mor1kx_rf_cappuccino/execute_hazard_result_r_reg[3]
              942       u_mor1kx/mor1kx_cpu/cappuccino.mor1kx_cpu/mor1kx_rf_cappuccino/execute_hazard_result_r_reg[4]
              943       u_mor1kx/mor1kx_cpu/cappuccino.mor1kx_cpu/mor1kx_rf_cappuccino/execute_hazard_result_r_reg[5]
              944       u_mor1kx/mor1kx_cpu/cappuccino.mor1kx_cpu/mor1kx_rf_cappuccino/execute_hazard_result_r_reg[6]
              945       u_mor1kx/mor1kx_cpu/cappuccino.mor1kx_cpu/mor1kx_rf_cappuccino/execute_hazard_result_r_reg[7]
              946       u_mor1kx/mor1kx_cpu/cappuccino.mor1kx_cpu/mor1kx_rf_cappuccino/execute_hazard_result_r_reg[8]
              947       u_mor1kx/mor1kx_cpu/cappuccino.mor1kx_cpu/mor1kx_rf_cappuccino/execute_hazard_result_r_reg[9]
              948       u_mor1kx/mor1kx_cpu/cappuccino.mor1kx_cpu/mor1kx_rf_cappuccino/execute_hazard_result_r_reg[10]
              949       u_mor1kx/mor1kx_cpu/cappuccino.mor1kx_cpu/mor1kx_rf_cappuccino/execute_hazard_result_r_reg[11]
              950       u_mor1kx/mor1kx_cpu/cappuccino.mor1kx_cpu/mor1kx_rf_cappuccino/execute_hazard_result_r_reg[12]
              951       u_mor1kx/mor1kx_cpu/cappuccino.mor1kx_cpu/mor1kx_rf_cappuccino/execute_hazard_result_r_reg[13]
              952       u_mor1kx/mor1kx_cpu/cappuccino.mor1kx_cpu/mor1kx_rf_cappuccino/execute_hazard_result_r_reg[14]
              953       u_mor1kx/mor1kx_cpu/cappuccino.mor1kx_cpu/mor1kx_rf_cappuccino/execute_hazard_result_r_reg[15]
              954       u_mor1kx/mor1kx_cpu/cappuccino.mor1kx_cpu/mor1kx_rf_cappuccino/execute_hazard_result_r_reg[16]
              955       u_mor1kx/mor1kx_cpu/cappuccino.mor1kx_cpu/mor1kx_rf_cappuccino/execute_hazard_result_r_reg[17]
              956       u_mor1kx/mor1kx_cpu/cappuccino.mor1kx_cpu/mor1kx_rf_cappuccino/execute_hazard_result_r_reg[18]
              957       u_mor1kx/mor1kx_cpu/cappuccino.mor1kx_cpu/mor1kx_rf_cappuccino/execute_hazard_result_r_reg[19]
              958       u_mor1kx/mor1kx_cpu/cappuccino.mor1kx_cpu/mor1kx_rf_cappuccino/execute_hazard_result_r_reg[20]
              959       u_mor1kx/mor1kx_cpu/cappuccino.mor1kx_cpu/mor1kx_rf_cappuccino/execute_hazard_result_r_reg[21]
              960       u_mor1kx/mor1kx_cpu/cappuccino.mor1kx_cpu/mor1kx_rf_cappuccino/execute_hazard_result_r_reg[22]
              961       u_mor1kx/mor1kx_cpu/cappuccino.mor1kx_cpu/mor1kx_rf_cappuccino/execute_hazard_result_r_reg[23]
              962       u_mor1kx/mor1kx_cpu/cappuccino.mor1kx_cpu/mor1kx_rf_cappuccino/execute_hazard_result_r_reg[24]
              963       u_mor1kx/mor1kx_cpu/cappuccino.mor1kx_cpu/mor1kx_rf_cappuccino/execute_hazard_result_r_reg[25]
              964       u_mor1kx/mor1kx_cpu/cappuccino.mor1kx_cpu/mor1kx_rf_cappuccino/execute_hazard_result_r_reg[26]
              965       u_mor1kx/mor1kx_cpu/cappuccino.mor1kx_cpu/mor1kx_rf_cappuccino/execute_hazard_result_r_reg[27]
              966       u_mor1kx/mor1kx_cpu/cappuccino.mor1kx_cpu/mor1kx_rf_cappuccino/execute_hazard_result_r_reg[28]
              967       u_mor1kx/mor1kx_cpu/cappuccino.mor1kx_cpu/mor1kx_rf_cappuccino/execute_hazard_result_r_reg[29]
              968       u_mor1kx/mor1kx_cpu/cappuccino.mor1kx_cpu/mor1kx_rf_cappuccino/execute_hazard_result_r_reg[30]
              969       u_mor1kx/mor1kx_cpu/cappuccino.mor1kx_cpu/mor1kx_rf_cappuccino/execute_hazard_result_r_reg[31]
              970       u_mor1kx/mor1kx_cpu/cappuccino.mor1kx_cpu/mor1kx_rf_cappuccino/execute_rfa_reg[0]
              971       u_mor1kx/mor1kx_cpu/cappuccino.mor1kx_cpu/mor1kx_rf_cappuccino/execute_rfa_reg[1]
              972       u_mor1kx/mor1kx_cpu/cappuccino.mor1kx_cpu/mor1kx_rf_cappuccino/execute_rfa_reg[2]
              973       u_mor1kx/mor1kx_cpu/cappuccino.mor1kx_cpu/mor1kx_rf_cappuccino/execute_rfa_reg[3]
              974       u_mor1kx/mor1kx_cpu/cappuccino.mor1kx_cpu/mor1kx_rf_cappuccino/execute_rfa_reg[4]
              975       u_mor1kx/mor1kx_cpu/cappuccino.mor1kx_cpu/mor1kx_rf_cappuccino/execute_rfa_reg[5]
              976       u_mor1kx/mor1kx_cpu/cappuccino.mor1kx_cpu/mor1kx_rf_cappuccino/execute_rfa_reg[6]
              977       u_mor1kx/mor1kx_cpu/cappuccino.mor1kx_cpu/mor1kx_rf_cappuccino/execute_rfa_reg[7]
              978       u_mor1kx/mor1kx_cpu/cappuccino.mor1kx_cpu/mor1kx_rf_cappuccino/execute_rfa_reg[8]
              979       u_mor1kx/mor1kx_cpu/cappuccino.mor1kx_cpu/mor1kx_rf_cappuccino/execute_rfa_reg[9]
              980       u_mor1kx/mor1kx_cpu/cappuccino.mor1kx_cpu/mor1kx_rf_cappuccino/execute_rfa_reg[10]
              981       u_mor1kx/mor1kx_cpu/cappuccino.mor1kx_cpu/mor1kx_rf_cappuccino/execute_rfa_reg[11]
              982       u_mor1kx/mor1kx_cpu/cappuccino.mor1kx_cpu/mor1kx_rf_cappuccino/execute_rfa_reg[12]
              983       u_mor1kx/mor1kx_cpu/cappuccino.mor1kx_cpu/mor1kx_rf_cappuccino/execute_rfa_reg[13]
              984       u_mor1kx/mor1kx_cpu/cappuccino.mor1kx_cpu/mor1kx_rf_cappuccino/execute_rfa_reg[14]
              985       u_mor1kx/mor1kx_cpu/cappuccino.mor1kx_cpu/mor1kx_rf_cappuccino/execute_rfa_reg[15]
              986       u_mor1kx/mor1kx_cpu/cappuccino.mor1kx_cpu/mor1kx_rf_cappuccino/execute_rfa_reg[16]
              987       u_mor1kx/mor1kx_cpu/cappuccino.mor1kx_cpu/mor1kx_rf_cappuccino/execute_rfa_reg[17]
              988       u_mor1kx/mor1kx_cpu/cappuccino.mor1kx_cpu/mor1kx_rf_cappuccino/execute_rfa_reg[18]
              989       u_mor1kx/mor1kx_cpu/cappuccino.mor1kx_cpu/mor1kx_rf_cappuccino/execute_rfa_reg[19]
              990       u_mor1kx/mor1kx_cpu/cappuccino.mor1kx_cpu/mor1kx_rf_cappuccino/execute_rfa_reg[20]
              991       u_mor1kx/mor1kx_cpu/cappuccino.mor1kx_cpu/mor1kx_rf_cappuccino/execute_rfa_reg[21]
              992       u_mor1kx/mor1kx_cpu/cappuccino.mor1kx_cpu/mor1kx_rf_cappuccino/execute_rfa_reg[22]
              993       u_mor1kx/mor1kx_cpu/cappuccino.mor1kx_cpu/mor1kx_rf_cappuccino/execute_rfa_reg[23]
              994       u_mor1kx/mor1kx_cpu/cappuccino.mor1kx_cpu/mor1kx_rf_cappuccino/execute_rfa_reg[24]
              995       u_mor1kx/mor1kx_cpu/cappuccino.mor1kx_cpu/mor1kx_rf_cappuccino/execute_rfa_reg[25]
              996       u_mor1kx/mor1kx_cpu/cappuccino.mor1kx_cpu/mor1kx_rf_cappuccino/execute_rfa_reg[26]
              997       u_mor1kx/mor1kx_cpu/cappuccino.mor1kx_cpu/mor1kx_rf_cappuccino/execute_rfa_reg[27]
              998       u_mor1kx/mor1kx_cpu/cappuccino.mor1kx_cpu/mor1kx_rf_cappuccino/execute_rfa_reg[28]
              999       u_mor1kx/mor1kx_cpu/cappuccino.mor1kx_cpu/mor1kx_rf_cappuccino/execute_rfa_reg[29]
              1000      u_mor1kx/mor1kx_cpu/cappuccino.mor1kx_cpu/mor1kx_rf_cappuccino/execute_rfa_reg[30]
              1001      u_mor1kx/mor1kx_cpu/cappuccino.mor1kx_cpu/mor1kx_rf_cappuccino/execute_rfa_reg[31]
              1002      u_mor1kx/mor1kx_cpu/cappuccino.mor1kx_cpu/mor1kx_rf_cappuccino/execute_rfb_reg[0]
              1003      u_mor1kx/mor1kx_cpu/cappuccino.mor1kx_cpu/mor1kx_rf_cappuccino/execute_rfb_reg[1]
              1004      u_mor1kx/mor1kx_cpu/cappuccino.mor1kx_cpu/mor1kx_rf_cappuccino/execute_rfb_reg[10]
              1005      u_mor1kx/mor1kx_cpu/cappuccino.mor1kx_cpu/mor1kx_rf_cappuccino/execute_rfb_reg[11]
              1006      u_mor1kx/mor1kx_cpu/cappuccino.mor1kx_cpu/mor1kx_rf_cappuccino/execute_rfb_reg[12]
              1007      u_mor1kx/mor1kx_cpu/cappuccino.mor1kx_cpu/mor1kx_rf_cappuccino/execute_rfb_reg[13]
              1008      u_mor1kx/mor1kx_cpu/cappuccino.mor1kx_cpu/mor1kx_rf_cappuccino/execute_rfb_reg[14]
              1009      u_mor1kx/mor1kx_cpu/cappuccino.mor1kx_cpu/mor1kx_rf_cappuccino/execute_rfb_reg[15]
              1010      u_mor1kx/mor1kx_cpu/cappuccino.mor1kx_cpu/mor1kx_rf_cappuccino/execute_rfb_reg[16]
              1011      u_mor1kx/mor1kx_cpu/cappuccino.mor1kx_cpu/mor1kx_rf_cappuccino/execute_rfb_reg[17]
              1012      u_mor1kx/mor1kx_cpu/cappuccino.mor1kx_cpu/mor1kx_rf_cappuccino/execute_rfb_reg[18]
              1013      u_mor1kx/mor1kx_cpu/cappuccino.mor1kx_cpu/mor1kx_rf_cappuccino/execute_rfb_reg[19]
              1014      u_mor1kx/mor1kx_cpu/cappuccino.mor1kx_cpu/mor1kx_rf_cappuccino/execute_rfb_reg[20]
              1015      u_mor1kx/mor1kx_cpu/cappuccino.mor1kx_cpu/mor1kx_rf_cappuccino/execute_rfb_reg[21]
              1016      u_mor1kx/mor1kx_cpu/cappuccino.mor1kx_cpu/mor1kx_rf_cappuccino/execute_rfb_reg[22]
              1017      u_mor1kx/mor1kx_cpu/cappuccino.mor1kx_cpu/mor1kx_rf_cappuccino/execute_rfb_reg[23]
              1018      u_mor1kx/mor1kx_cpu/cappuccino.mor1kx_cpu/mor1kx_rf_cappuccino/execute_rfb_reg[24]
              1019      u_mor1kx/mor1kx_cpu/cappuccino.mor1kx_cpu/mor1kx_rf_cappuccino/execute_rfb_reg[25]
              1020      u_mor1kx/mor1kx_cpu/cappuccino.mor1kx_cpu/mor1kx_rf_cappuccino/execute_rfb_reg[26]
              1021      u_mor1kx/mor1kx_cpu/cappuccino.mor1kx_cpu/mor1kx_rf_cappuccino/execute_rfb_reg[27]
              1022      u_mor1kx/mor1kx_cpu/cappuccino.mor1kx_cpu/mor1kx_rf_cappuccino/execute_rfb_reg[28]
              1023      u_aes_peripheral/u_aes_round1/done_reg_reg

1
