 
****************************************
Report : Scan path
Design : extra_exp_top
Version: S-2021.06-SP4
Date   : Fri Sep  4 01:42:51 2026
****************************************

========================================
TEST MODE: Internal_scan
VIEW     : Specification
========================================
No scan path defined in this mode.

 
****************************************
Report : Scan path
Design : extra_exp_top
Version: S-2021.06-SP4
Date   : Fri Sep  4 01:42:51 2026
****************************************

========================================
TEST MODE: Internal_scan
VIEW     : Existing DFT
========================================

========================================
AS SPECIFIED BY USER
========================================


========================================
AS BUILT BY insert_dft
========================================

Scan_path    Len   ScanDataIn  ScanDataOut ScanEnable  MasterClock SlaveClock
-----------  ----- ----------- ----------- ----------- ----------- -----------
I 1          256   scan_in     scan_out    scan_en     clk         -

========================================
TEST MODE: Internal_scan
VIEW     : Existing DFT
========================================

========================================
AS SPECIFIED BY USER
========================================


========================================
AS BUILT BY insert_dft
========================================

Scan_path     Cell_#    Instance_name            Clocks
---------     ------    -------------            ------
I 1           0         aes_core/MC_REG_reg[18]  clk 
              1         aes_core/STATE_REG_reg[0]
              2         aes_core/STATE_REG_reg[1]
              3         aes_core/STATE_REG_reg[2]
              4         aes_core/STATE_REG_reg[3]
              5         aes_core/STATE_REG_reg[4]
              6         aes_core/STATE_REG_reg[5]
              7         aes_core/STATE_REG_reg[6]
              8         aes_core/STATE_REG_reg[7]
              9         aes_core/STATE_REG_reg[8]
              10        aes_core/STATE_REG_reg[9]
              11        aes_core/STATE_REG_reg[10]
              12        aes_core/STATE_REG_reg[11]
              13        aes_core/STATE_REG_reg[12]
              14        aes_core/STATE_REG_reg[13]
              15        aes_core/STATE_REG_reg[14]
              16        aes_core/STATE_REG_reg[15]
              17        aes_core/STATE_REG_reg[16]
              18        aes_core/STATE_REG_reg[17]
              19        aes_core/STATE_REG_reg[18]
              20        aes_core/STATE_REG_reg[19]
              21        aes_core/STATE_REG_reg[20]
              22        aes_core/STATE_REG_reg[21]
              23        aes_core/STATE_REG_reg[22]
              24        aes_core/STATE_REG_reg[23]
              25        aes_core/STATE_REG_reg[24]
              26        aes_core/STATE_REG_reg[25]
              27        aes_core/STATE_REG_reg[26]
              28        aes_core/STATE_REG_reg[27]
              29        aes_core/STATE_REG_reg[28]
              30        aes_core/STATE_REG_reg[29]
              31        aes_core/STATE_REG_reg[30]
              32        aes_core/STATE_REG_reg[31]
              33        aes_core/STATE_REG_reg[32]
              34        aes_core/STATE_REG_reg[33]
              35        aes_core/STATE_REG_reg[34]
              36        aes_core/STATE_REG_reg[35]
              37        aes_core/STATE_REG_reg[36]
              38        aes_core/STATE_REG_reg[37]
              39        aes_core/STATE_REG_reg[38]
              40        aes_core/STATE_REG_reg[39]
              41        aes_core/STATE_REG_reg[40]
              42        aes_core/STATE_REG_reg[41]
              43        aes_core/STATE_REG_reg[42]
              44        aes_core/STATE_REG_reg[43]
              45        aes_core/STATE_REG_reg[44]
              46        aes_core/STATE_REG_reg[45]
              47        aes_core/STATE_REG_reg[46]
              48        aes_core/STATE_REG_reg[47]
              49        aes_core/STATE_REG_reg[48]
              50        aes_core/STATE_REG_reg[49]
              51        aes_core/STATE_REG_reg[50]
              52        aes_core/STATE_REG_reg[51]
              53        aes_core/STATE_REG_reg[52]
              54        aes_core/STATE_REG_reg[53]
              55        aes_core/STATE_REG_reg[54]
              56        aes_core/STATE_REG_reg[55]
              57        aes_core/STATE_REG_reg[56]
              58        aes_core/STATE_REG_reg[57]
              59        aes_core/STATE_REG_reg[58]
              60        aes_core/STATE_REG_reg[59]
              61        aes_core/STATE_REG_reg[60]
              62        aes_core/STATE_REG_reg[61]
              63        aes_core/STATE_REG_reg[62]
              64        aes_core/STATE_REG_reg[63]
              65        aes_core/STATE_REG_reg[64]
              66        aes_core/STATE_REG_reg[65]
              67        aes_core/STATE_REG_reg[66]
              68        aes_core/STATE_REG_reg[67]
              69        aes_core/STATE_REG_reg[68]
              70        aes_core/STATE_REG_reg[69]
              71        aes_core/STATE_REG_reg[70]
              72        aes_core/STATE_REG_reg[71]
              73        aes_core/STATE_REG_reg[72]
              74        aes_core/STATE_REG_reg[73]
              75        aes_core/STATE_REG_reg[74]
              76        aes_core/STATE_REG_reg[75]
              77        aes_core/STATE_REG_reg[76]
              78        aes_core/STATE_REG_reg[77]
              79        aes_core/STATE_REG_reg[78]
              80        aes_core/STATE_REG_reg[79]
              81        aes_core/STATE_REG_reg[80]
              82        aes_core/STATE_REG_reg[81]
              83        aes_core/STATE_REG_reg[82]
              84        aes_core/STATE_REG_reg[83]
              85        aes_core/STATE_REG_reg[84]
              86        aes_core/STATE_REG_reg[85]
              87        aes_core/STATE_REG_reg[86]
              88        aes_core/STATE_REG_reg[87]
              89        aes_core/STATE_REG_reg[88]
              90        aes_core/STATE_REG_reg[89]
              91        aes_core/STATE_REG_reg[90]
              92        aes_core/STATE_REG_reg[91]
              93        aes_core/STATE_REG_reg[92]
              94        aes_core/STATE_REG_reg[93]
              95        aes_core/STATE_REG_reg[94]
              96        aes_core/STATE_REG_reg[95]
              97        aes_core/STATE_REG_reg[96]
              98        aes_core/STATE_REG_reg[97]
              99        aes_core/STATE_REG_reg[98]
              100       aes_core/STATE_REG_reg[99]
              101       aes_core/STATE_REG_reg[100]
              102       aes_core/STATE_REG_reg[101]
              103       aes_core/STATE_REG_reg[102]
              104       aes_core/STATE_REG_reg[103]
              105       aes_core/STATE_REG_reg[104]
              106       aes_core/STATE_REG_reg[105]
              107       aes_core/STATE_REG_reg[106]
              108       aes_core/STATE_REG_reg[107]
              109       aes_core/STATE_REG_reg[108]
              110       aes_core/STATE_REG_reg[109]
              111       aes_core/STATE_REG_reg[110]
              112       aes_core/STATE_REG_reg[111]
              113       aes_core/STATE_REG_reg[112]
              114       aes_core/STATE_REG_reg[113]
              115       aes_core/STATE_REG_reg[114]
              116       aes_core/STATE_REG_reg[115]
              117       aes_core/STATE_REG_reg[116]
              118       aes_core/STATE_REG_reg[117]
              119       aes_core/STATE_REG_reg[118]
              120       aes_core/STATE_REG_reg[119]
              121       aes_core/STATE_REG_reg[120]
              122       aes_core/STATE_REG_reg[121]
              123       aes_core/STATE_REG_reg[122]
              124       aes_core/STATE_REG_reg[123]
              125       aes_core/STATE_REG_reg[124]
              126       aes_core/STATE_REG_reg[125]
              127       aes_core/STATE_REG_reg[126]
              128       decoy_bank/data_control_decoy_reg_reg[0]
              129       decoy_bank/data_control_decoy_reg_reg[1]
              130       decoy_bank/data_control_decoy_reg_reg[2]
              131       decoy_bank/data_control_decoy_reg_reg[3]
              132       decoy_bank/data_control_decoy_reg_reg[4]
              133       decoy_bank/data_control_decoy_reg_reg[5]
              134       decoy_bank/data_control_decoy_reg_reg[6]
              135       decoy_bank/data_control_decoy_reg_reg[7]
              136       decoy_bank/data_control_decoy_reg_reg[8]
              137       decoy_bank/data_control_decoy_reg_reg[9]
              138       decoy_bank/data_control_decoy_reg_reg[10]
              139       decoy_bank/data_control_decoy_reg_reg[11]
              140       decoy_bank/data_control_decoy_reg_reg[12]
              141       decoy_bank/data_control_decoy_reg_reg[13]
              142       decoy_bank/data_control_decoy_reg_reg[14]
              143       decoy_bank/data_control_decoy_reg_reg[15]
              144       decoy_bank/data_control_decoy_reg_reg[16]
              145       decoy_bank/data_control_decoy_reg_reg[17]
              146       decoy_bank/data_control_decoy_reg_reg[18]
              147       decoy_bank/data_control_decoy_reg_reg[19]
              148       decoy_bank/data_control_decoy_reg_reg[20]
              149       decoy_bank/data_control_decoy_reg_reg[21]
              150       decoy_bank/data_control_decoy_reg_reg[22]
              151       decoy_bank/data_control_decoy_reg_reg[23]
              152       decoy_bank/data_control_decoy_reg_reg[24]
              153       decoy_bank/data_control_decoy_reg_reg[25]
              154       decoy_bank/data_control_decoy_reg_reg[26]
              155       decoy_bank/data_control_decoy_reg_reg[27]
              156       decoy_bank/data_control_decoy_reg_reg[28]
              157       decoy_bank/data_control_decoy_reg_reg[29]
              158       decoy_bank/data_control_decoy_reg_reg[30]
              159       decoy_bank/data_control_decoy_reg_reg[31]
              160       decoy_bank/data_control_decoy_reg_reg[32]
              161       decoy_bank/data_control_decoy_reg_reg[33]
              162       decoy_bank/data_control_decoy_reg_reg[34]
              163       decoy_bank/data_control_decoy_reg_reg[35]
              164       decoy_bank/data_control_decoy_reg_reg[36]
              165       decoy_bank/data_control_decoy_reg_reg[37]
              166       decoy_bank/data_control_decoy_reg_reg[38]
              167       decoy_bank/data_control_decoy_reg_reg[39]
              168       decoy_bank/data_control_decoy_reg_reg[40]
              169       decoy_bank/data_control_decoy_reg_reg[41]
              170       decoy_bank/data_control_decoy_reg_reg[42]
              171       decoy_bank/data_control_decoy_reg_reg[43]
              172       decoy_bank/data_control_decoy_reg_reg[44]
              173       decoy_bank/data_control_decoy_reg_reg[45]
              174       decoy_bank/data_control_decoy_reg_reg[46]
              175       decoy_bank/data_control_decoy_reg_reg[47]
              176       decoy_bank/data_control_decoy_reg_reg[48]
              177       decoy_bank/data_control_decoy_reg_reg[49]
              178       decoy_bank/data_control_decoy_reg_reg[50]
              179       decoy_bank/data_control_decoy_reg_reg[51]
              180       decoy_bank/data_control_decoy_reg_reg[52]
              181       decoy_bank/data_control_decoy_reg_reg[53]
              182       decoy_bank/data_control_decoy_reg_reg[54]
              183       decoy_bank/data_control_decoy_reg_reg[55]
              184       decoy_bank/data_control_decoy_reg_reg[56]
              185       decoy_bank/data_control_decoy_reg_reg[57]
              186       decoy_bank/data_control_decoy_reg_reg[58]
              187       decoy_bank/data_control_decoy_reg_reg[59]
              188       decoy_bank/data_control_decoy_reg_reg[60]
              189       decoy_bank/data_control_decoy_reg_reg[61]
              190       decoy_bank/data_control_decoy_reg_reg[62]
              191       decoy_bank/data_control_decoy_reg_reg[63]
              192       decoy_bank/data_control_decoy_reg_reg[64]
              193       decoy_bank/data_control_decoy_reg_reg[65]
              194       decoy_bank/data_control_decoy_reg_reg[66]
              195       decoy_bank/data_control_decoy_reg_reg[67]
              196       decoy_bank/data_control_decoy_reg_reg[68]
              197       decoy_bank/data_control_decoy_reg_reg[69]
              198       decoy_bank/data_control_decoy_reg_reg[70]
              199       decoy_bank/data_control_decoy_reg_reg[71]
              200       decoy_bank/data_control_decoy_reg_reg[72]
              201       decoy_bank/data_control_decoy_reg_reg[73]
              202       decoy_bank/data_control_decoy_reg_reg[74]
              203       decoy_bank/data_control_decoy_reg_reg[75]
              204       decoy_bank/data_control_decoy_reg_reg[76]
              205       decoy_bank/data_control_decoy_reg_reg[77]
              206       decoy_bank/data_control_decoy_reg_reg[78]
              207       decoy_bank/data_control_decoy_reg_reg[79]
              208       decoy_bank/data_control_decoy_reg_reg[80]
              209       decoy_bank/data_control_decoy_reg_reg[81]
              210       decoy_bank/data_control_decoy_reg_reg[82]
              211       decoy_bank/data_control_decoy_reg_reg[83]
              212       decoy_bank/data_control_decoy_reg_reg[84]
              213       decoy_bank/data_control_decoy_reg_reg[85]
              214       decoy_bank/data_control_decoy_reg_reg[86]
              215       decoy_bank/data_control_decoy_reg_reg[87]
              216       decoy_bank/data_control_decoy_reg_reg[88]
              217       decoy_bank/data_control_decoy_reg_reg[89]
              218       decoy_bank/data_control_decoy_reg_reg[90]
              219       decoy_bank/data_control_decoy_reg_reg[91]
              220       decoy_bank/data_control_decoy_reg_reg[92]
              221       decoy_bank/data_control_decoy_reg_reg[93]
              222       decoy_bank/data_control_decoy_reg_reg[94]
              223       decoy_bank/data_control_decoy_reg_reg[95]
              224       decoy_bank/data_control_decoy_reg_reg[96]
              225       decoy_bank/data_control_decoy_reg_reg[97]
              226       decoy_bank/data_control_decoy_reg_reg[98]
              227       decoy_bank/data_control_decoy_reg_reg[99]
              228       decoy_bank/data_control_decoy_reg_reg[100]
              229       decoy_bank/data_control_decoy_reg_reg[101]
              230       decoy_bank/data_control_decoy_reg_reg[102]
              231       decoy_bank/data_control_decoy_reg_reg[103]
              232       decoy_bank/data_control_decoy_reg_reg[104]
              233       decoy_bank/data_control_decoy_reg_reg[105]
              234       decoy_bank/data_control_decoy_reg_reg[106]
              235       decoy_bank/data_control_decoy_reg_reg[107]
              236       decoy_bank/data_control_decoy_reg_reg[108]
              237       decoy_bank/data_control_decoy_reg_reg[109]
              238       decoy_bank/data_control_decoy_reg_reg[110]
              239       decoy_bank/data_control_decoy_reg_reg[111]
              240       decoy_bank/data_control_decoy_reg_reg[112]
              241       decoy_bank/data_control_decoy_reg_reg[113]
              242       decoy_bank/data_control_decoy_reg_reg[114]
              243       decoy_bank/data_control_decoy_reg_reg[115]
              244       decoy_bank/data_control_decoy_reg_reg[116]
              245       decoy_bank/data_control_decoy_reg_reg[117]
              246       decoy_bank/data_control_decoy_reg_reg[118]
              247       decoy_bank/data_control_decoy_reg_reg[119]
              248       decoy_bank/status_control_decoy_reg_reg[0]
              249       decoy_bank/status_control_decoy_reg_reg[1]
              250       decoy_bank/status_control_decoy_reg_reg[2]
              251       decoy_bank/status_control_decoy_reg_reg[3]
              252       decoy_bank/status_control_decoy_reg_reg[4]
              253       decoy_bank/status_control_decoy_reg_reg[5]
              254       decoy_bank/status_control_decoy_reg_reg[6]
              255       decoy_bank/status_control_decoy_reg_reg[7]

1
