sequential_count=4157
u_mor1kx/bus_gen.ibus_bridge/b3_read_bursting.bursting_reg
u_mor1kx/bus_gen.ibus_bridge/b3_read_bursting.burst_wrap_start_reg[24]
u_mor1kx/bus_gen.ibus_bridge/b3_read_bursting.burst_wrap_start_reg[1]
u_mor1kx/bus_gen.ibus_bridge/b3_read_bursting.burst_wrap_start_reg[2]
u_mor1kx/bus_gen.ibus_bridge/b3_read_bursting.burst_wrap_start_reg[3]
u_mor1kx/bus_gen.ibus_bridge/b3_read_bursting.burst_wrap_start_reg[4]
u_mor1kx/bus_gen.ibus_bridge/b3_read_bursting.burst_wrap_start_reg[5]
u_mor1kx/bus_gen.ibus_bridge/b3_read_bursting.burst_wrap_start_reg[6]
u_mor1kx/bus_gen.ibus_bridge/b3_read_bursting.burst_wrap_start_reg[7]
u_mor1kx/bus_gen.ibus_bridge/b3_read_bursting.burst_wrap_start_reg[8]
u_mor1kx/bus_gen.ibus_bridge/b3_read_bursting.burst_wrap_start_reg[9]
u_mor1kx/bus_gen.ibus_bridge/b3_read_bursting.burst_wrap_start_reg[10]
u_mor1kx/bus_gen.ibus_bridge/b3_read_bursting.burst_wrap_start_reg[11]
u_mor1kx/bus_gen.ibus_bridge/b3_read_bursting.burst_wrap_start_reg[12]
u_mor1kx/bus_gen.ibus_bridge/b3_read_bursting.burst_wrap_start_reg[13]
u_mor1kx/bus_gen.ibus_bridge/b3_read_bursting.burst_wrap_start_reg[14]
u_mor1kx/bus_gen.ibus_bridge/b3_read_bursting.burst_wrap_start_reg[15]
u_mor1kx/bus_gen.ibus_bridge/b3_read_bursting.burst_wrap_start_reg[16]
u_mor1kx/bus_gen.ibus_bridge/b3_read_bursting.burst_wrap_start_reg[17]
u_mor1kx/bus_gen.ibus_bridge/b3_read_bursting.burst_wrap_start_reg[18]
u_mor1kx/bus_gen.ibus_bridge/b3_read_bursting.burst_wrap_start_reg[19]
u_mor1kx/bus_gen.ibus_bridge/b3_read_bursting.burst_wrap_start_reg[20]
u_mor1kx/bus_gen.ibus_bridge/b3_read_bursting.burst_wrap_start_reg[21]
u_mor1kx/bus_gen.ibus_bridge/b3_read_bursting.burst_wrap_start_reg[22]
u_mor1kx/bus_gen.ibus_bridge/b3_read_bursting.burst_wrap_start_reg[23]
u_mor1kx/bus_gen.ibus_bridge/b3_read_bursting.burst_wrap_start_reg[25]
u_mor1kx/bus_gen.ibus_bridge/b3_read_bursting.burst_wrap_start_reg[26]
u_mor1kx/bus_gen.ibus_bridge/b3_read_bursting.burst_wrap_start_reg[27]
u_mor1kx/bus_gen.ibus_bridge/b3_read_bursting.burst_wrap_start_reg[28]
u_mor1kx/bus_gen.ibus_bridge/b3_read_bursting.burst_wrap_start_reg[29]
u_mor1kx/bus_gen.ibus_bridge/b3_read_bursting.burst_address_reg[31]
u_mor1kx/bus_gen.ibus_bridge/b3_read_bursting.burst_address_reg[30]
u_mor1kx/bus_gen.ibus_bridge/b3_read_bursting.burst_address_reg[29]
u_mor1kx/bus_gen.ibus_bridge/b3_read_bursting.burst_address_reg[28]
u_mor1kx/bus_gen.ibus_bridge/b3_read_bursting.burst_address_reg[27]
u_mor1kx/bus_gen.ibus_bridge/b3_read_bursting.burst_address_reg[26]
u_mor1kx/bus_gen.ibus_bridge/b3_read_bursting.burst_address_reg[25]
u_mor1kx/bus_gen.ibus_bridge/b3_read_bursting.burst_address_reg[24]
u_mor1kx/bus_gen.ibus_bridge/b3_read_bursting.burst_address_reg[23]
u_mor1kx/bus_gen.ibus_bridge/b3_read_bursting.burst_address_reg[22]
u_mor1kx/bus_gen.ibus_bridge/b3_read_bursting.burst_address_reg[21]
u_mor1kx/bus_gen.ibus_bridge/b3_read_bursting.burst_address_reg[20]
u_mor1kx/bus_gen.ibus_bridge/b3_read_bursting.burst_address_reg[19]
u_mor1kx/bus_gen.ibus_bridge/b3_read_bursting.burst_address_reg[18]
u_mor1kx/bus_gen.ibus_bridge/b3_read_bursting.burst_address_reg[17]
u_mor1kx/bus_gen.ibus_bridge/b3_read_bursting.burst_address_reg[16]
u_mor1kx/bus_gen.ibus_bridge/b3_read_bursting.burst_address_reg[15]
u_mor1kx/bus_gen.ibus_bridge/b3_read_bursting.burst_address_reg[14]
u_mor1kx/bus_gen.ibus_bridge/b3_read_bursting.burst_address_reg[13]
u_mor1kx/bus_gen.ibus_bridge/b3_read_bursting.burst_address_reg[12]
u_mor1kx/bus_gen.ibus_bridge/b3_read_bursting.burst_address_reg[11]
u_mor1kx/bus_gen.ibus_bridge/b3_read_bursting.burst_address_reg[10]
u_mor1kx/bus_gen.ibus_bridge/b3_read_bursting.burst_address_reg[9]
u_mor1kx/bus_gen.ibus_bridge/b3_read_bursting.burst_address_reg[8]
u_mor1kx/bus_gen.ibus_bridge/b3_read_bursting.burst_address_reg[7]
u_mor1kx/bus_gen.ibus_bridge/b3_read_bursting.burst_address_reg[6]
u_mor1kx/bus_gen.ibus_bridge/b3_read_bursting.burst_address_reg[5]
u_mor1kx/bus_gen.ibus_bridge/b3_read_bursting.burst_address_reg[4]
u_mor1kx/bus_gen.ibus_bridge/b3_read_bursting.burst_address_reg[3]
u_mor1kx/bus_gen.ibus_bridge/b3_read_bursting.burst_address_reg[2]
u_mor1kx/bus_gen.ibus_bridge/b3_read_bursting.burst_wrap_start_reg[0]
u_mor1kx/bus_gen.dbus_bridge/classic.cycle_end_reg
u_mor1kx/mor1kx_cpu/cappuccino.mor1kx_cpu/mor1kx_fetch_cappuccino/decode_insn_o_reg[26]
u_mor1kx/mor1kx_cpu/cappuccino.mor1kx_cpu/mor1kx_fetch_cappuccino/decode_insn_o_reg[28]
u_mor1kx/mor1kx_cpu/cappuccino.mor1kx_cpu/mor1kx_fetch_cappuccino/state_reg[1]
u_mor1kx/mor1kx_cpu/cappuccino.mor1kx_cpu/mor1kx_fetch_cappuccino/nop_ack_reg
u_mor1kx/mor1kx_cpu/cappuccino.mor1kx_cpu/mor1kx_fetch_cappuccino/flush_reg
u_mor1kx/mor1kx_cpu/cappuccino.mor1kx_cpu/mor1kx_fetch_cappuccino/decode_insn_o_reg[11]
u_mor1kx/mor1kx_cpu/cappuccino.mor1kx_cpu/mor1kx_fetch_cappuccino/decode_insn_o_reg[12]
u_mor1kx/mor1kx_cpu/cappuccino.mor1kx_cpu/mor1kx_fetch_cappuccino/decode_insn_o_reg[13]
u_mor1kx/mor1kx_cpu/cappuccino.mor1kx_cpu/mor1kx_fetch_cappuccino/decode_insn_o_reg[14]
u_mor1kx/mor1kx_cpu/cappuccino.mor1kx_cpu/mor1kx_fetch_cappuccino/decode_insn_o_reg[15]
u_mor1kx/mor1kx_cpu/cappuccino.mor1kx_cpu/mor1kx_fetch_cappuccino/decode_insn_o_reg[16]
u_mor1kx/mor1kx_cpu/cappuccino.mor1kx_cpu/mor1kx_fetch_cappuccino/decode_insn_o_reg[17]
u_mor1kx/mor1kx_cpu/cappuccino.mor1kx_cpu/mor1kx_fetch_cappuccino/decode_insn_o_reg[18]
u_mor1kx/mor1kx_cpu/cappuccino.mor1kx_cpu/mor1kx_fetch_cappuccino/decode_insn_o_reg[19]
u_mor1kx/mor1kx_cpu/cappuccino.mor1kx_cpu/mor1kx_fetch_cappuccino/decode_insn_o_reg[20]
u_mor1kx/mor1kx_cpu/cappuccino.mor1kx_cpu/mor1kx_fetch_cappuccino/fetching_mispredicted_branch_reg
u_mor1kx/mor1kx_cpu/cappuccino.mor1kx_cpu/mor1kx_fetch_cappuccino/fetch_exception_taken_o_reg
u_mor1kx/mor1kx_cpu/cappuccino.mor1kx_cpu/mor1kx_fetch_cappuccino/decode_except_ibus_err_o_reg
u_mor1kx/mor1kx_cpu/cappuccino.mor1kx_cpu/mor1kx_fetch_cappuccino/imem_err_reg
u_mor1kx/mor1kx_cpu/cappuccino.mor1kx_cpu/mor1kx_fetch_cappuccino/decode_except_ipagefault_o_reg
u_mor1kx/mor1kx_cpu/cappuccino.mor1kx_cpu/mor1kx_fetch_cappuccino/decode_except_itlb_miss_o_reg
u_mor1kx/mor1kx_cpu/cappuccino.mor1kx_cpu/mor1kx_fetch_cappuccino/ctrl_branch_exception_r_reg
u_mor1kx/mor1kx_cpu/cappuccino.mor1kx_cpu/mor1kx_decode_execute_cappuccino/execute_adder_do_carry_o_reg
u_mor1kx/mor1kx_cpu/cappuccino.mor1kx_cpu/mor1kx_decode_execute_cappuccino/execute_op_add_o_reg
u_mor1kx/mor1kx_cpu/cappuccino.mor1kx_cpu/mor1kx_decode_execute_cappuccino/execute_op_alu_o_reg
u_mor1kx/mor1kx_cpu/cappuccino.mor1kx_cpu/mor1kx_decode_execute_cappuccino/execute_op_branch_o_reg
u_mor1kx/mor1kx_cpu/cappuccino.mor1kx_cpu/mor1kx_decode_execute_cappuccino/execute_op_div_o_reg
u_mor1kx/mor1kx_cpu/cappuccino.mor1kx_cpu/mor1kx_decode_execute_cappuccino/execute_op_div_unsigned_o_reg
u_mor1kx/mor1kx_cpu/cappuccino.mor1kx_cpu/mor1kx_decode_execute_cappuccino/execute_op_ffl1_o_reg
u_mor1kx/mor1kx_cpu/cappuccino.mor1kx_cpu/mor1kx_decode_execute_cappuccino/execute_op_jal_o_reg
u_mor1kx/mor1kx_cpu/cappuccino.mor1kx_cpu/mor1kx_decode_execute_cappuccino/execute_op_lsu_atomic_o_reg
u_mor1kx/mor1kx_cpu/cappuccino.mor1kx_cpu/mor1kx_decode_execute_cappuccino/execute_op_lsu_load_o_reg
u_mor1kx/mor1kx_cpu/cappuccino.mor1kx_cpu/mor1kx_decode_execute_cappuccino/execute_op_lsu_store_o_reg
u_mor1kx/mor1kx_cpu/cappuccino.mor1kx_cpu/mor1kx_decode_execute_cappuccino/execute_op_mfspr_o_reg
u_mor1kx/mor1kx_cpu/cappuccino.mor1kx_cpu/mor1kx_decode_execute_cappuccino/execute_op_movhi_o_reg
u_mor1kx/mor1kx_cpu/cappuccino.mor1kx_cpu/mor1kx_decode_execute_cappuccino/execute_op_msync_o_reg
u_mor1kx/mor1kx_cpu/cappuccino.mor1kx_cpu/mor1kx_decode_execute_cappuccino/execute_op_mul_o_reg
u_mor1kx/mor1kx_cpu/cappuccino.mor1kx_cpu/mor1kx_decode_execute_cappuccino/execute_op_mul_unsigned_o_reg
u_mor1kx/mor1kx_cpu/cappuccino.mor1kx_cpu/mor1kx_decode_execute_cappuccino/execute_op_setflag_o_reg
u_mor1kx/mor1kx_cpu/cappuccino.mor1kx_cpu/mor1kx_decode_execute_cappuccino/execute_op_shift_o_reg
u_mor1kx/mor1kx_cpu/cappuccino.mor1kx_cpu/mor1kx_decode_execute_cappuccino/execute_rf_wb_o_reg
u_mor1kx/mor1kx_cpu/cappuccino.mor1kx_cpu/mor1kx_decode_execute_cappuccino/execute_op_brcond_o_reg
u_mor1kx/mor1kx_cpu/cappuccino.mor1kx_cpu/mor1kx_decode_execute_cappuccino/execute_op_jr_o_reg
u_mor1kx/mor1kx_cpu/cappuccino.mor1kx_cpu/mor1kx_decode_execute_cappuccino/execute_op_ext_o_reg
u_mor1kx/mor1kx_cpu/cappuccino.mor1kx_cpu/mor1kx_decode_execute_cappuccino/execute_op_mtspr_o_reg
u_mor1kx/mor1kx_cpu/cappuccino.mor1kx_cpu/mor1kx_decode_execute_cappuccino/decode_valid_o_reg
u_mor1kx/mor1kx_cpu/cappuccino.mor1kx_cpu/mor1kx_decode_execute_cappuccino/execute_except_ipagefault_o_reg
u_mor1kx/mor1kx_cpu/cappuccino.mor1kx_cpu/mor1kx_decode_execute_cappuccino/execute_except_itlb_miss_o_reg
u_mor1kx/mor1kx_cpu/cappuccino.mor1kx_cpu/mor1kx_decode_execute_cappuccino/execute_except_ibus_err_o_reg
u_mor1kx/mor1kx_cpu/cappuccino.mor1kx_cpu/mor1kx_decode_execute_cappuccino/execute_except_illegal_o_reg
u_mor1kx/mor1kx_cpu/cappuccino.mor1kx_cpu/mor1kx_decode_execute_cappuccino/execute_adder_do_sub_o_reg
u_mor1kx/mor1kx_cpu/cappuccino.mor1kx_cpu/mor1kx_lsu_cappuccino/store_buffer_write_pending_reg
u_mor1kx/mor1kx_cpu/cappuccino.mor1kx_cpu/mor1kx_lsu_cappuccino/store_buffer_err_o_reg
u_mor1kx/mor1kx_cpu/cappuccino.mor1kx_cpu/mor1kx_lsu_cappuccino/atomic_reserve_reg
u_mor1kx/mor1kx_cpu/cappuccino.mor1kx_cpu/mor1kx_lsu_cappuccino/except_dbus_reg
u_mor1kx/mor1kx_cpu/cappuccino.mor1kx_cpu/mor1kx_lsu_cappuccino/access_done_reg
u_mor1kx/mor1kx_cpu/cappuccino.mor1kx_cpu/mor1kx_lsu_cappuccino/dbus_err_reg
u_mor1kx/mor1kx_cpu/cappuccino.mor1kx_cpu/mor1kx_rf_cappuccino/wb_hazard_a_reg
u_mor1kx/mor1kx_cpu/cappuccino.mor1kx_cpu/mor1kx_rf_cappuccino/wb_hazard_b_reg
u_mor1kx/mor1kx_cpu/cappuccino.mor1kx_cpu/mor1kx_execute_ctrl_cappuccino/ctrl_carry_set_o_reg
u_mor1kx/mor1kx_cpu/cappuccino.mor1kx_cpu/mor1kx_execute_ctrl_cappuccino/ctrl_flag_clear_o_reg
u_mor1kx/mor1kx_cpu/cappuccino.mor1kx_cpu/mor1kx_execute_ctrl_cappuccino/wb_rf_wb_o_reg
u_mor1kx/mor1kx_cpu/cappuccino.mor1kx_cpu/mor1kx_execute_ctrl_cappuccino/ctrl_op_rfe_o_reg
u_mor1kx/mor1kx_cpu/cappuccino.mor1kx_cpu/mor1kx_execute_ctrl_cappuccino/ctrl_except_align_o_reg
u_mor1kx/mor1kx_cpu/cappuccino.mor1kx_cpu/mor1kx_execute_ctrl_cappuccino/ctrl_except_dbus_o_reg
u_mor1kx/mor1kx_cpu/cappuccino.mor1kx_cpu/mor1kx_execute_ctrl_cappuccino/ctrl_except_trap_o_reg
u_mor1kx/mor1kx_cpu/cappuccino.mor1kx_cpu/mor1kx_execute_ctrl_cappuccino/ctrl_except_syscall_o_reg
u_mor1kx/mor1kx_cpu/cappuccino.mor1kx_cpu/mor1kx_execute_ctrl_cappuccino/ctrl_except_illegal_o_reg
u_mor1kx/mor1kx_cpu/cappuccino.mor1kx_cpu/mor1kx_execute_ctrl_cappuccino/ctrl_except_ibus_align_o_reg
u_mor1kx/mor1kx_cpu/cappuccino.mor1kx_cpu/mor1kx_execute_ctrl_cappuccino/ctrl_except_ipagefault_o_reg
u_mor1kx/mor1kx_cpu/cappuccino.mor1kx_cpu/mor1kx_execute_ctrl_cappuccino/ctrl_except_itlb_miss_o_reg
u_mor1kx/mor1kx_cpu/cappuccino.mor1kx_cpu/mor1kx_execute_ctrl_cappuccino/ctrl_except_ibus_err_o_reg
u_mor1kx/mor1kx_cpu/cappuccino.mor1kx_cpu/mor1kx_execute_ctrl_cappuccino/ctrl_except_dpagefault_o_reg
u_mor1kx/mor1kx_cpu/cappuccino.mor1kx_cpu/mor1kx_execute_ctrl_cappuccino/ctrl_except_dtlb_miss_o_reg
u_mor1kx/mor1kx_cpu/cappuccino.mor1kx_cpu/mor1kx_ctrl_cappuccino/ctrl_delay_slot_reg
u_mor1kx/mor1kx_cpu/cappuccino.mor1kx_cpu/mor1kx_ctrl_cappuccino/spr_esr_reg[1]
u_mor1kx/mor1kx_cpu/cappuccino.mor1kx_cpu/mor1kx_ctrl_cappuccino/spr_esr_reg[10]
u_mor1kx/mor1kx_cpu/cappuccino.mor1kx_cpu/mor1kx_ctrl_cappuccino/spr_esr_reg[14]
u_mor1kx/mor1kx_cpu/cappuccino.mor1kx_cpu/mor1kx_ctrl_cappuccino/spr_sr_reg[0]
u_mor1kx/mor1kx_cpu/cappuccino.mor1kx_cpu/mor1kx_ctrl_cappuccino/execute_delay_slot_reg
u_mor1kx/mor1kx_cpu/cappuccino.mor1kx_cpu/mor1kx_ctrl_cappuccino/spr_esr_reg[2]
u_mor1kx/mor1kx_cpu/cappuccino.mor1kx_cpu/mor1kx_ctrl_cappuccino/spr_esr_reg[3]
u_mor1kx/mor1kx_cpu/cappuccino.mor1kx_cpu/mor1kx_ctrl_cappuccino/spr_esr_reg[4]
u_mor1kx/mor1kx_cpu/cappuccino.mor1kx_cpu/mor1kx_ctrl_cappuccino/spr_esr_reg[5]
u_mor1kx/mor1kx_cpu/cappuccino.mor1kx_cpu/mor1kx_ctrl_cappuccino/spr_esr_reg[6]
u_mor1kx/mor1kx_cpu/cappuccino.mor1kx_cpu/mor1kx_ctrl_cappuccino/spr_esr_reg[7]
u_mor1kx/mor1kx_cpu/cappuccino.mor1kx_cpu/mor1kx_ctrl_cappuccino/spr_esr_reg[8]
u_mor1kx/mor1kx_cpu/cappuccino.mor1kx_cpu/mor1kx_ctrl_cappuccino/spr_esr_reg[11]
u_mor1kx/mor1kx_cpu/cappuccino.mor1kx_cpu/mor1kx_ctrl_cappuccino/spr_esr_reg[12]
u_mor1kx/mor1kx_cpu/cappuccino.mor1kx_cpu/mor1kx_ctrl_cappuccino/spr_esr_reg[13]
u_mor1kx/mor1kx_cpu/cappuccino.mor1kx_cpu/mor1kx_ctrl_cappuccino/spr_sr_reg[14]
u_mor1kx/mor1kx_cpu/cappuccino.mor1kx_cpu/mor1kx_ctrl_cappuccino/spr_sr_reg[2]
u_mor1kx/mor1kx_cpu/cappuccino.mor1kx_cpu/mor1kx_ctrl_cappuccino/spr_sr_reg[3]
u_mor1kx/mor1kx_cpu/cappuccino.mor1kx_cpu/mor1kx_ctrl_cappuccino/spr_sr_reg[4]
u_mor1kx/mor1kx_cpu/cappuccino.mor1kx_cpu/mor1kx_ctrl_cappuccino/spr_sr_reg[5]
u_mor1kx/mor1kx_cpu/cappuccino.mor1kx_cpu/mor1kx_ctrl_cappuccino/spr_sr_reg[6]
u_mor1kx/mor1kx_cpu/cappuccino.mor1kx_cpu/mor1kx_ctrl_cappuccino/spr_sr_reg[7]
u_mor1kx/mor1kx_cpu/cappuccino.mor1kx_cpu/mor1kx_ctrl_cappuccino/spr_sr_reg[8]
u_mor1kx/mor1kx_cpu/cappuccino.mor1kx_cpu/mor1kx_ctrl_cappuccino/spr_sr_reg[11]
u_mor1kx/mor1kx_cpu/cappuccino.mor1kx_cpu/mor1kx_ctrl_cappuccino/spr_sr_reg[12]
u_mor1kx/mor1kx_cpu/cappuccino.mor1kx_cpu/mor1kx_ctrl_cappuccino/spr_sr_reg[13]
u_mor1kx/mor1kx_cpu/cappuccino.mor1kx_cpu/mor1kx_ctrl_cappuccino/spr_esr_reg[0]
u_mor1kx/mor1kx_cpu/cappuccino.mor1kx_cpu/mor1kx_ctrl_cappuccino/spr_sr_reg[10]
u_mor1kx/mor1kx_cpu/cappuccino.mor1kx_cpu/mor1kx_ctrl_cappuccino/spr_esr_reg[15]
u_mor1kx/mor1kx_cpu/cappuccino.mor1kx_cpu/mor1kx_ctrl_cappuccino/spr_evbar_reg[13]
u_mor1kx/mor1kx_cpu/cappuccino.mor1kx_cpu/mor1kx_ctrl_cappuccino/spr_evbar_reg[14]
u_mor1kx/mor1kx_cpu/cappuccino.mor1kx_cpu/mor1kx_ctrl_cappuccino/spr_evbar_reg[15]
u_mor1kx/mor1kx_cpu/cappuccino.mor1kx_cpu/mor1kx_ctrl_cappuccino/spr_evbar_reg[16]
u_mor1kx/mor1kx_cpu/cappuccino.mor1kx_cpu/mor1kx_ctrl_cappuccino/spr_evbar_reg[17]
u_mor1kx/mor1kx_cpu/cappuccino.mor1kx_cpu/mor1kx_ctrl_cappuccino/spr_evbar_reg[18]
u_mor1kx/mor1kx_cpu/cappuccino.mor1kx_cpu/mor1kx_ctrl_cappuccino/spr_evbar_reg[19]
u_mor1kx/mor1kx_cpu/cappuccino.mor1kx_cpu/mor1kx_ctrl_cappuccino/spr_evbar_reg[20]
u_mor1kx/mor1kx_cpu/cappuccino.mor1kx_cpu/mor1kx_ctrl_cappuccino/spr_evbar_reg[21]
u_mor1kx/mor1kx_cpu/cappuccino.mor1kx_cpu/mor1kx_ctrl_cappuccino/spr_evbar_reg[22]
u_mor1kx/mor1kx_cpu/cappuccino.mor1kx_cpu/mor1kx_ctrl_cappuccino/spr_evbar_reg[23]
u_mor1kx/mor1kx_cpu/cappuccino.mor1kx_cpu/mor1kx_ctrl_cappuccino/spr_evbar_reg[24]
u_mor1kx/mor1kx_cpu/cappuccino.mor1kx_cpu/mor1kx_ctrl_cappuccino/spr_evbar_reg[25]
u_mor1kx/mor1kx_cpu/cappuccino.mor1kx_cpu/mor1kx_ctrl_cappuccino/spr_evbar_reg[26]
u_mor1kx/mor1kx_cpu/cappuccino.mor1kx_cpu/mor1kx_ctrl_cappuccino/spr_evbar_reg[27]
u_mor1kx/mor1kx_cpu/cappuccino.mor1kx_cpu/mor1kx_ctrl_cappuccino/spr_evbar_reg[28]
u_mor1kx/mor1kx_cpu/cappuccino.mor1kx_cpu/mor1kx_ctrl_cappuccino/spr_evbar_reg[29]
u_mor1kx/mor1kx_cpu/cappuccino.mor1kx_cpu/mor1kx_ctrl_cappuccino/spr_evbar_reg[30]
u_mor1kx/mor1kx_cpu/cappuccino.mor1kx_cpu/mor1kx_ctrl_cappuccino/spr_evbar_reg[31]
u_mor1kx/mor1kx_cpu/cappuccino.mor1kx_cpu/mor1kx_ctrl_cappuccino/last_branch_insn_pc_reg[0]
u_mor1kx/mor1kx_cpu/cappuccino.mor1kx_cpu/mor1kx_ctrl_cappuccino/last_branch_insn_pc_reg[1]
u_mor1kx/mor1kx_cpu/cappuccino.mor1kx_cpu/mor1kx_ctrl_cappuccino/last_branch_insn_pc_reg[2]
u_mor1kx/mor1kx_cpu/cappuccino.mor1kx_cpu/mor1kx_ctrl_cappuccino/last_branch_insn_pc_reg[3]
u_mor1kx/mor1kx_cpu/cappuccino.mor1kx_cpu/mor1kx_ctrl_cappuccino/last_branch_insn_pc_reg[4]
u_mor1kx/mor1kx_cpu/cappuccino.mor1kx_cpu/mor1kx_ctrl_cappuccino/last_branch_insn_pc_reg[5]
u_mor1kx/mor1kx_cpu/cappuccino.mor1kx_cpu/mor1kx_ctrl_cappuccino/last_branch_insn_pc_reg[6]
u_mor1kx/mor1kx_cpu/cappuccino.mor1kx_cpu/mor1kx_ctrl_cappuccino/last_branch_insn_pc_reg[7]
u_mor1kx/mor1kx_cpu/cappuccino.mor1kx_cpu/mor1kx_ctrl_cappuccino/last_branch_insn_pc_reg[8]
u_mor1kx/mor1kx_cpu/cappuccino.mor1kx_cpu/mor1kx_ctrl_cappuccino/last_branch_insn_pc_reg[9]
u_mor1kx/mor1kx_cpu/cappuccino.mor1kx_cpu/mor1kx_ctrl_cappuccino/last_branch_insn_pc_reg[10]
u_mor1kx/mor1kx_cpu/cappuccino.mor1kx_cpu/mor1kx_ctrl_cappuccino/last_branch_insn_pc_reg[11]
u_mor1kx/mor1kx_cpu/cappuccino.mor1kx_cpu/mor1kx_ctrl_cappuccino/last_branch_insn_pc_reg[12]
u_mor1kx/mor1kx_cpu/cappuccino.mor1kx_cpu/mor1kx_ctrl_cappuccino/last_branch_insn_pc_reg[13]
u_mor1kx/mor1kx_cpu/cappuccino.mor1kx_cpu/mor1kx_ctrl_cappuccino/last_branch_insn_pc_reg[14]
u_mor1kx/mor1kx_cpu/cappuccino.mor1kx_cpu/mor1kx_ctrl_cappuccino/last_branch_insn_pc_reg[15]
u_mor1kx/mor1kx_cpu/cappuccino.mor1kx_cpu/mor1kx_ctrl_cappuccino/last_branch_insn_pc_reg[16]
u_mor1kx/mor1kx_cpu/cappuccino.mor1kx_cpu/mor1kx_ctrl_cappuccino/last_branch_insn_pc_reg[17]
u_mor1kx/mor1kx_cpu/cappuccino.mor1kx_cpu/mor1kx_ctrl_cappuccino/last_branch_insn_pc_reg[22]
u_mor1kx/mor1kx_cpu/cappuccino.mor1kx_cpu/mor1kx_ctrl_cappuccino/last_branch_insn_pc_reg[23]
u_mor1kx/mor1kx_cpu/cappuccino.mor1kx_cpu/mor1kx_ctrl_cappuccino/last_branch_insn_pc_reg[24]
u_mor1kx/mor1kx_cpu/cappuccino.mor1kx_cpu/mor1kx_ctrl_cappuccino/last_branch_insn_pc_reg[25]
u_mor1kx/mor1kx_cpu/cappuccino.mor1kx_cpu/mor1kx_ctrl_cappuccino/last_branch_insn_pc_reg[26]
u_mor1kx/mor1kx_cpu/cappuccino.mor1kx_cpu/mor1kx_ctrl_cappuccino/last_branch_insn_pc_reg[27]
u_mor1kx/mor1kx_cpu/cappuccino.mor1kx_cpu/mor1kx_ctrl_cappuccino/last_branch_insn_pc_reg[28]
u_mor1kx/mor1kx_cpu/cappuccino.mor1kx_cpu/mor1kx_ctrl_cappuccino/last_branch_insn_pc_reg[29]
u_mor1kx/mor1kx_cpu/cappuccino.mor1kx_cpu/mor1kx_ctrl_cappuccino/last_branch_insn_pc_reg[30]
u_mor1kx/mor1kx_cpu/cappuccino.mor1kx_cpu/mor1kx_ctrl_cappuccino/last_branch_insn_pc_reg[31]
u_mor1kx/mor1kx_cpu/cappuccino.mor1kx_cpu/mor1kx_ctrl_cappuccino/spr_npc_reg[0]
u_mor1kx/mor1kx_cpu/cappuccino.mor1kx_cpu/mor1kx_ctrl_cappuccino/spr_npc_reg[1]
u_mor1kx/mor1kx_cpu/cappuccino.mor1kx_cpu/mor1kx_ctrl_cappuccino/spr_npc_reg[2]
u_mor1kx/mor1kx_cpu/cappuccino.mor1kx_cpu/mor1kx_ctrl_cappuccino/spr_npc_reg[3]
u_mor1kx/mor1kx_cpu/cappuccino.mor1kx_cpu/mor1kx_ctrl_cappuccino/spr_npc_reg[4]
u_mor1kx/mor1kx_cpu/cappuccino.mor1kx_cpu/mor1kx_ctrl_cappuccino/spr_npc_reg[5]
u_mor1kx/mor1kx_cpu/cappuccino.mor1kx_cpu/mor1kx_ctrl_cappuccino/spr_npc_reg[6]
u_mor1kx/mor1kx_cpu/cappuccino.mor1kx_cpu/mor1kx_ctrl_cappuccino/spr_npc_reg[7]
u_mor1kx/mor1kx_cpu/cappuccino.mor1kx_cpu/mor1kx_ctrl_cappuccino/spr_npc_reg[9]
u_mor1kx/mor1kx_cpu/cappuccino.mor1kx_cpu/mor1kx_ctrl_cappuccino/spr_npc_reg[10]
u_mor1kx/mor1kx_cpu/cappuccino.mor1kx_cpu/mor1kx_ctrl_cappuccino/spr_npc_reg[11]
u_mor1kx/mor1kx_cpu/cappuccino.mor1kx_cpu/mor1kx_ctrl_cappuccino/spr_npc_reg[12]
u_mor1kx/mor1kx_cpu/cappuccino.mor1kx_cpu/mor1kx_ctrl_cappuccino/spr_npc_reg[13]
u_mor1kx/mor1kx_cpu/cappuccino.mor1kx_cpu/mor1kx_ctrl_cappuccino/spr_npc_reg[14]
u_mor1kx/mor1kx_cpu/cappuccino.mor1kx_cpu/mor1kx_ctrl_cappuccino/spr_npc_reg[15]
u_mor1kx/mor1kx_cpu/cappuccino.mor1kx_cpu/mor1kx_ctrl_cappuccino/spr_npc_reg[16]
u_mor1kx/mor1kx_cpu/cappuccino.mor1kx_cpu/mor1kx_ctrl_cappuccino/spr_npc_reg[17]
u_mor1kx/mor1kx_cpu/cappuccino.mor1kx_cpu/mor1kx_ctrl_cappuccino/spr_npc_reg[18]
u_mor1kx/mor1kx_cpu/cappuccino.mor1kx_cpu/mor1kx_ctrl_cappuccino/spr_npc_reg[19]
u_mor1kx/mor1kx_cpu/cappuccino.mor1kx_cpu/mor1kx_ctrl_cappuccino/spr_npc_reg[20]
u_mor1kx/mor1kx_cpu/cappuccino.mor1kx_cpu/mor1kx_ctrl_cappuccino/spr_npc_reg[21]
u_mor1kx/mor1kx_cpu/cappuccino.mor1kx_cpu/mor1kx_ctrl_cappuccino/spr_npc_reg[22]
u_mor1kx/mor1kx_cpu/cappuccino.mor1kx_cpu/mor1kx_ctrl_cappuccino/spr_npc_reg[23]
u_mor1kx/mor1kx_cpu/cappuccino.mor1kx_cpu/mor1kx_ctrl_cappuccino/spr_npc_reg[24]
u_mor1kx/mor1kx_cpu/cappuccino.mor1kx_cpu/mor1kx_ctrl_cappuccino/spr_npc_reg[25]
u_mor1kx/mor1kx_cpu/cappuccino.mor1kx_cpu/mor1kx_ctrl_cappuccino/spr_npc_reg[26]
u_mor1kx/mor1kx_cpu/cappuccino.mor1kx_cpu/mor1kx_ctrl_cappuccino/spr_npc_reg[27]
u_mor1kx/mor1kx_cpu/cappuccino.mor1kx_cpu/mor1kx_ctrl_cappuccino/spr_npc_reg[28]
u_mor1kx/mor1kx_cpu/cappuccino.mor1kx_cpu/mor1kx_ctrl_cappuccino/spr_npc_reg[29]
u_mor1kx/mor1kx_cpu/cappuccino.mor1kx_cpu/mor1kx_ctrl_cappuccino/spr_npc_reg[30]
u_mor1kx/mor1kx_cpu/cappuccino.mor1kx_cpu/mor1kx_ctrl_cappuccino/spr_npc_reg[31]
u_mor1kx/mor1kx_cpu/cappuccino.mor1kx_cpu/mor1kx_ctrl_cappuccino/spr_npc_reg[8]
u_mor1kx/mor1kx_cpu/cappuccino.mor1kx_cpu/mor1kx_ctrl_cappuccino/spr_sr_reg[1]
u_mor1kx/mor1kx_cpu/cappuccino.mor1kx_cpu/mor1kx_ctrl_cappuccino/decode_execute_halt_reg
u_mor1kx/mor1kx_cpu/cappuccino.mor1kx_cpu/mor1kx_ctrl_cappuccino/exception_taken_reg
u_mor1kx/mor1kx_cpu/cappuccino.mor1kx_cpu/mor1kx_ctrl_cappuccino/exception_r_reg
u_mor1kx/mor1kx_cpu/cappuccino.mor1kx_cpu/mor1kx_ctrl_cappuccino/ctrl_bubble_o_reg
u_mor1kx/mor1kx_cpu/cappuccino.mor1kx_cpu/mor1kx_ctrl_cappuccino/doing_rfe_r_reg
u_mor1kx/mor1kx_cpu/cappuccino.mor1kx_cpu/mor1kx_ctrl_cappuccino/spr_ppc_reg[0]
u_mor1kx/mor1kx_cpu/cappuccino.mor1kx_cpu/mor1kx_ctrl_cappuccino/spr_ppc_reg[31]
u_mor1kx/mor1kx_cpu/cappuccino.mor1kx_cpu/mor1kx_ctrl_cappuccino/spr_ppc_reg[30]
u_mor1kx/mor1kx_cpu/cappuccino.mor1kx_cpu/mor1kx_ctrl_cappuccino/spr_ppc_reg[29]
u_mor1kx/mor1kx_cpu/cappuccino.mor1kx_cpu/mor1kx_ctrl_cappuccino/spr_ppc_reg[28]
u_mor1kx/mor1kx_cpu/cappuccino.mor1kx_cpu/mor1kx_ctrl_cappuccino/spr_ppc_reg[27]
u_mor1kx/mor1kx_cpu/cappuccino.mor1kx_cpu/mor1kx_ctrl_cappuccino/spr_ppc_reg[26]
u_mor1kx/mor1kx_cpu/cappuccino.mor1kx_cpu/mor1kx_ctrl_cappuccino/spr_ppc_reg[25]
u_mor1kx/mor1kx_cpu/cappuccino.mor1kx_cpu/mor1kx_ctrl_cappuccino/spr_ppc_reg[24]
u_mor1kx/mor1kx_cpu/cappuccino.mor1kx_cpu/mor1kx_ctrl_cappuccino/spr_ppc_reg[23]
u_mor1kx/mor1kx_cpu/cappuccino.mor1kx_cpu/mor1kx_ctrl_cappuccino/spr_ppc_reg[22]
u_mor1kx/mor1kx_cpu/cappuccino.mor1kx_cpu/mor1kx_ctrl_cappuccino/spr_ppc_reg[21]
u_mor1kx/mor1kx_cpu/cappuccino.mor1kx_cpu/mor1kx_ctrl_cappuccino/spr_ppc_reg[20]
u_mor1kx/mor1kx_cpu/cappuccino.mor1kx_cpu/mor1kx_ctrl_cappuccino/spr_ppc_reg[19]
u_mor1kx/mor1kx_cpu/cappuccino.mor1kx_cpu/mor1kx_ctrl_cappuccino/spr_ppc_reg[18]
u_mor1kx/mor1kx_cpu/cappuccino.mor1kx_cpu/mor1kx_ctrl_cappuccino/spr_ppc_reg[17]
u_mor1kx/mor1kx_cpu/cappuccino.mor1kx_cpu/mor1kx_ctrl_cappuccino/spr_ppc_reg[16]
u_mor1kx/mor1kx_cpu/cappuccino.mor1kx_cpu/mor1kx_ctrl_cappuccino/spr_ppc_reg[15]
u_mor1kx/mor1kx_cpu/cappuccino.mor1kx_cpu/mor1kx_ctrl_cappuccino/spr_ppc_reg[14]
u_mor1kx/mor1kx_cpu/cappuccino.mor1kx_cpu/mor1kx_ctrl_cappuccino/spr_ppc_reg[13]
u_mor1kx/mor1kx_cpu/cappuccino.mor1kx_cpu/mor1kx_ctrl_cappuccino/spr_ppc_reg[12]
u_mor1kx/mor1kx_cpu/cappuccino.mor1kx_cpu/mor1kx_ctrl_cappuccino/spr_ppc_reg[11]
u_mor1kx/mor1kx_cpu/cappuccino.mor1kx_cpu/mor1kx_ctrl_cappuccino/spr_ppc_reg[10]
u_mor1kx/mor1kx_cpu/cappuccino.mor1kx_cpu/mor1kx_ctrl_cappuccino/spr_ppc_reg[9]
u_mor1kx/mor1kx_cpu/cappuccino.mor1kx_cpu/mor1kx_ctrl_cappuccino/spr_ppc_reg[8]
u_mor1kx/mor1kx_cpu/cappuccino.mor1kx_cpu/mor1kx_ctrl_cappuccino/spr_ppc_reg[7]
u_mor1kx/mor1kx_cpu/cappuccino.mor1kx_cpu/mor1kx_ctrl_cappuccino/spr_ppc_reg[6]
u_mor1kx/mor1kx_cpu/cappuccino.mor1kx_cpu/mor1kx_ctrl_cappuccino/spr_ppc_reg[5]
u_mor1kx/mor1kx_cpu/cappuccino.mor1kx_cpu/mor1kx_ctrl_cappuccino/spr_ppc_reg[4]
u_mor1kx/mor1kx_cpu/cappuccino.mor1kx_cpu/mor1kx_ctrl_cappuccino/spr_ppc_reg[3]
u_mor1kx/mor1kx_cpu/cappuccino.mor1kx_cpu/mor1kx_ctrl_cappuccino/spr_ppc_reg[2]
u_mor1kx/mor1kx_cpu/cappuccino.mor1kx_cpu/mor1kx_ctrl_cappuccino/spr_ppc_reg[1]
u_mor1kx/mor1kx_cpu/cappuccino.mor1kx_cpu/mor1kx_ctrl_cappuccino/padv_ctrl_reg
u_mor1kx/mor1kx_cpu/cappuccino.mor1kx_cpu/mor1kx_ctrl_cappuccino/waiting_for_fetch_reg
u_mor1kx/mor1kx_cpu/cappuccino.mor1kx_cpu/mor1kx_ctrl_cappuccino/execute_waiting_r_reg
u_mor1kx/mor1kx_cpu/cappuccino.mor1kx_cpu/mor1kx_ctrl_cappuccino/tt.mor1kx_ticktimer/spr_ttcr_reg[24]
u_mor1kx/mor1kx_cpu/cappuccino.mor1kx_cpu/mor1kx_ctrl_cappuccino/tt.mor1kx_ticktimer/spr_ttcr_reg[25]
u_mor1kx/mor1kx_cpu/cappuccino.mor1kx_cpu/mor1kx_ctrl_cappuccino/tt.mor1kx_ticktimer/spr_ttcr_reg[26]
u_mor1kx/mor1kx_cpu/cappuccino.mor1kx_cpu/mor1kx_ctrl_cappuccino/tt.mor1kx_ticktimer/spr_ttcr_reg[27]
u_mor1kx/mor1kx_cpu/cappuccino.mor1kx_cpu/mor1kx_ctrl_cappuccino/tt.mor1kx_ticktimer/spr_ttcr_reg[28]
u_mor1kx/mor1kx_cpu/cappuccino.mor1kx_cpu/mor1kx_ctrl_cappuccino/tt.mor1kx_ticktimer/spr_ttcr_reg[29]
u_mor1kx/mor1kx_cpu/cappuccino.mor1kx_cpu/mor1kx_ctrl_cappuccino/tt.mor1kx_ticktimer/spr_ttcr_reg[30]
u_mor1kx/mor1kx_cpu/cappuccino.mor1kx_cpu/mor1kx_ctrl_cappuccino/tt.mor1kx_ticktimer/spr_ttcr_reg[31]
u_mor1kx/mor1kx_cpu/cappuccino.mor1kx_cpu/mor1kx_ctrl_cappuccino/tt.mor1kx_ticktimer/spr_ttmr_reg[0]
u_mor1kx/mor1kx_cpu/cappuccino.mor1kx_cpu/mor1kx_ctrl_cappuccino/tt.mor1kx_ticktimer/spr_ttmr_reg[1]
u_mor1kx/mor1kx_cpu/cappuccino.mor1kx_cpu/mor1kx_ctrl_cappuccino/tt.mor1kx_ticktimer/spr_ttmr_reg[2]
u_mor1kx/mor1kx_cpu/cappuccino.mor1kx_cpu/mor1kx_ctrl_cappuccino/tt.mor1kx_ticktimer/spr_ttmr_reg[3]
u_mor1kx/mor1kx_cpu/cappuccino.mor1kx_cpu/mor1kx_ctrl_cappuccino/tt.mor1kx_ticktimer/spr_ttmr_reg[4]
u_mor1kx/mor1kx_cpu/cappuccino.mor1kx_cpu/mor1kx_ctrl_cappuccino/tt.mor1kx_ticktimer/spr_ttmr_reg[5]
u_mor1kx/mor1kx_cpu/cappuccino.mor1kx_cpu/mor1kx_ctrl_cappuccino/tt.mor1kx_ticktimer/spr_ttmr_reg[8]
u_mor1kx/mor1kx_cpu/cappuccino.mor1kx_cpu/mor1kx_ctrl_cappuccino/tt.mor1kx_ticktimer/spr_ttmr_reg[9]
u_mor1kx/mor1kx_cpu/cappuccino.mor1kx_cpu/mor1kx_ctrl_cappuccino/tt.mor1kx_ticktimer/spr_ttmr_reg[10]
u_mor1kx/mor1kx_cpu/cappuccino.mor1kx_cpu/mor1kx_ctrl_cappuccino/tt.mor1kx_ticktimer/spr_ttmr_reg[11]
u_mor1kx/mor1kx_cpu/cappuccino.mor1kx_cpu/mor1kx_ctrl_cappuccino/tt.mor1kx_ticktimer/spr_ttmr_reg[13]
u_mor1kx/mor1kx_cpu/cappuccino.mor1kx_cpu/mor1kx_ctrl_cappuccino/tt.mor1kx_ticktimer/spr_ttmr_reg[24]
u_mor1kx/mor1kx_cpu/cappuccino.mor1kx_cpu/mor1kx_ctrl_cappuccino/tt.mor1kx_ticktimer/spr_ttmr_reg[25]
u_mor1kx/mor1kx_cpu/cappuccino.mor1kx_cpu/mor1kx_ctrl_cappuccino/tt.mor1kx_ticktimer/spr_ttmr_reg[26]
u_mor1kx/mor1kx_cpu/cappuccino.mor1kx_cpu/mor1kx_ctrl_cappuccino/tt.mor1kx_ticktimer/spr_ttmr_reg[21]
u_mor1kx/mor1kx_cpu/cappuccino.mor1kx_cpu/mor1kx_ctrl_cappuccino/tt.mor1kx_ticktimer/spr_ttmr_reg[22]
u_mor1kx/mor1kx_cpu/cappuccino.mor1kx_cpu/mor1kx_ctrl_cappuccino/tt.mor1kx_ticktimer/spr_ttmr_reg[23]
u_mor1kx/mor1kx_cpu/cappuccino.mor1kx_cpu/mor1kx_ctrl_cappuccino/tt.mor1kx_ticktimer/spr_ttmr_reg[29]
u_mor1kx/mor1kx_cpu/cappuccino.mor1kx_cpu/mor1kx_ctrl_cappuccino/tt.mor1kx_ticktimer/spr_ttmr_reg[30]
u_mor1kx/mor1kx_cpu/cappuccino.mor1kx_cpu/mor1kx_ctrl_cappuccino/tt.mor1kx_ticktimer/spr_ttmr_reg[31]
u_mor1kx/mor1kx_cpu/cappuccino.mor1kx_cpu/mor1kx_ctrl_cappuccino/tt.mor1kx_ticktimer/spr_ttcr_reg[23]
u_mor1kx/mor1kx_cpu/cappuccino.mor1kx_cpu/mor1kx_ctrl_cappuccino/tt.mor1kx_ticktimer/spr_ttcr_reg[22]
u_mor1kx/mor1kx_cpu/cappuccino.mor1kx_cpu/mor1kx_ctrl_cappuccino/tt.mor1kx_ticktimer/spr_ttcr_reg[21]
u_mor1kx/mor1kx_cpu/cappuccino.mor1kx_cpu/mor1kx_ctrl_cappuccino/tt.mor1kx_ticktimer/spr_ttcr_reg[20]
u_mor1kx/mor1kx_cpu/cappuccino.mor1kx_cpu/mor1kx_ctrl_cappuccino/tt.mor1kx_ticktimer/spr_ttcr_reg[19]
u_mor1kx/mor1kx_cpu/cappuccino.mor1kx_cpu/mor1kx_ctrl_cappuccino/tt.mor1kx_ticktimer/spr_ttcr_reg[18]
u_mor1kx/mor1kx_cpu/cappuccino.mor1kx_cpu/mor1kx_ctrl_cappuccino/tt.mor1kx_ticktimer/spr_ttcr_reg[17]
u_mor1kx/mor1kx_cpu/cappuccino.mor1kx_cpu/mor1kx_ctrl_cappuccino/tt.mor1kx_ticktimer/spr_ttcr_reg[16]
u_mor1kx/mor1kx_cpu/cappuccino.mor1kx_cpu/mor1kx_ctrl_cappuccino/tt.mor1kx_ticktimer/spr_ttcr_reg[15]
u_mor1kx/mor1kx_cpu/cappuccino.mor1kx_cpu/mor1kx_ctrl_cappuccino/tt.mor1kx_ticktimer/spr_ttcr_reg[14]
u_mor1kx/mor1kx_cpu/cappuccino.mor1kx_cpu/mor1kx_ctrl_cappuccino/tt.mor1kx_ticktimer/spr_ttcr_reg[13]
u_mor1kx/mor1kx_cpu/cappuccino.mor1kx_cpu/mor1kx_ctrl_cappuccino/tt.mor1kx_ticktimer/spr_ttcr_reg[12]
u_mor1kx/mor1kx_cpu/cappuccino.mor1kx_cpu/mor1kx_ctrl_cappuccino/tt.mor1kx_ticktimer/spr_ttcr_reg[11]
u_mor1kx/mor1kx_cpu/cappuccino.mor1kx_cpu/mor1kx_ctrl_cappuccino/tt.mor1kx_ticktimer/spr_ttcr_reg[10]
u_mor1kx/mor1kx_cpu/cappuccino.mor1kx_cpu/mor1kx_ctrl_cappuccino/tt.mor1kx_ticktimer/spr_ttcr_reg[9]
u_mor1kx/mor1kx_cpu/cappuccino.mor1kx_cpu/mor1kx_ctrl_cappuccino/tt.mor1kx_ticktimer/spr_ttcr_reg[8]
u_mor1kx/mor1kx_cpu/cappuccino.mor1kx_cpu/mor1kx_ctrl_cappuccino/tt.mor1kx_ticktimer/spr_ttcr_reg[7]
u_mor1kx/mor1kx_cpu/cappuccino.mor1kx_cpu/mor1kx_ctrl_cappuccino/tt.mor1kx_ticktimer/spr_ttcr_reg[6]
u_mor1kx/mor1kx_cpu/cappuccino.mor1kx_cpu/mor1kx_ctrl_cappuccino/tt.mor1kx_ticktimer/spr_ttcr_reg[5]
u_mor1kx/mor1kx_cpu/cappuccino.mor1kx_cpu/mor1kx_ctrl_cappuccino/tt.mor1kx_ticktimer/spr_ttcr_reg[4]
u_mor1kx/mor1kx_cpu/cappuccino.mor1kx_cpu/mor1kx_ctrl_cappuccino/tt.mor1kx_ticktimer/spr_ttcr_reg[3]
u_mor1kx/mor1kx_cpu/cappuccino.mor1kx_cpu/mor1kx_ctrl_cappuccino/tt.mor1kx_ticktimer/spr_ttcr_reg[2]
u_mor1kx/mor1kx_cpu/cappuccino.mor1kx_cpu/mor1kx_ctrl_cappuccino/tt.mor1kx_ticktimer/spr_ttcr_reg[1]
u_mor1kx/mor1kx_cpu/cappuccino.mor1kx_cpu/mor1kx_ctrl_cappuccino/tt.mor1kx_ticktimer/spr_ttmr_reg[28]
u_mor1kx/mor1kx_cpu/cappuccino.mor1kx_cpu/mor1kx_ctrl_cappuccino/tt.mor1kx_ticktimer/spr_ttcr_reg[0]
u_mor1kx/mor1kx_cpu/cappuccino.mor1kx_cpu/mor1kx_ctrl_cappuccino/tt.mor1kx_ticktimer/spr_ttmr_reg[6]
u_mor1kx/mor1kx_cpu/cappuccino.mor1kx_cpu/mor1kx_ctrl_cappuccino/tt.mor1kx_ticktimer/spr_ttmr_reg[7]
u_mor1kx/mor1kx_cpu/cappuccino.mor1kx_cpu/mor1kx_ctrl_cappuccino/tt.mor1kx_ticktimer/spr_ttmr_reg[12]
u_mor1kx/mor1kx_cpu/cappuccino.mor1kx_cpu/mor1kx_ctrl_cappuccino/tt.mor1kx_ticktimer/spr_ttmr_reg[14]
u_mor1kx/mor1kx_cpu/cappuccino.mor1kx_cpu/mor1kx_ctrl_cappuccino/tt.mor1kx_ticktimer/spr_ttmr_reg[15]
u_mor1kx/mor1kx_cpu/cappuccino.mor1kx_cpu/mor1kx_ctrl_cappuccino/tt.mor1kx_ticktimer/spr_ttmr_reg[16]
u_mor1kx/mor1kx_cpu/cappuccino.mor1kx_cpu/mor1kx_ctrl_cappuccino/tt.mor1kx_ticktimer/spr_ttmr_reg[17]
u_mor1kx/mor1kx_cpu/cappuccino.mor1kx_cpu/mor1kx_ctrl_cappuccino/tt.mor1kx_ticktimer/spr_ttmr_reg[18]
u_mor1kx/mor1kx_cpu/cappuccino.mor1kx_cpu/mor1kx_ctrl_cappuccino/tt.mor1kx_ticktimer/spr_ttmr_reg[19]
u_mor1kx/mor1kx_cpu/cappuccino.mor1kx_cpu/mor1kx_ctrl_cappuccino/tt.mor1kx_ticktimer/spr_ttmr_reg[20]
u_mor1kx/mor1kx_cpu/cappuccino.mor1kx_cpu/mor1kx_ctrl_cappuccino/tt.mor1kx_ticktimer/spr_ttmr_reg[27]
u_aes_peripheral/u_aes_round1/SB_REG_reg[0]
u_aes_peripheral/u_aes_round1/SB_REG_reg[1]
u_aes_peripheral/u_aes_round1/SB_REG_reg[2]
u_aes_peripheral/u_aes_round1/SB_REG_reg[3]
u_aes_peripheral/u_aes_round1/SB_REG_reg[4]
u_aes_peripheral/u_aes_round1/SB_REG_reg[5]
u_aes_peripheral/u_aes_round1/SB_REG_reg[6]
u_aes_peripheral/u_aes_round1/SB_REG_reg[7]
u_aes_peripheral/u_aes_round1/SB_REG_reg[8]
u_aes_peripheral/u_aes_round1/SB_REG_reg[9]
u_aes_peripheral/u_aes_round1/SB_REG_reg[10]
u_aes_peripheral/u_aes_round1/SB_REG_reg[11]
u_aes_peripheral/u_aes_round1/SB_REG_reg[12]
u_aes_peripheral/u_aes_round1/SB_REG_reg[13]
u_aes_peripheral/u_aes_round1/SB_REG_reg[14]
u_aes_peripheral/u_aes_round1/SB_REG_reg[15]
u_aes_peripheral/u_aes_round1/SB_REG_reg[16]
u_aes_peripheral/u_aes_round1/SB_REG_reg[17]
u_aes_peripheral/u_aes_round1/SB_REG_reg[18]
u_aes_peripheral/u_aes_round1/SB_REG_reg[19]
u_aes_peripheral/u_aes_round1/SB_REG_reg[20]
u_aes_peripheral/u_aes_round1/SB_REG_reg[21]
u_aes_peripheral/u_aes_round1/SB_REG_reg[22]
u_aes_peripheral/u_aes_round1/SB_REG_reg[23]
u_aes_peripheral/u_aes_round1/SB_REG_reg[24]
u_aes_peripheral/u_aes_round1/SB_REG_reg[25]
u_aes_peripheral/u_aes_round1/SB_REG_reg[26]
u_aes_peripheral/u_aes_round1/SB_REG_reg[27]
u_aes_peripheral/u_aes_round1/SB_REG_reg[28]
u_aes_peripheral/u_aes_round1/SB_REG_reg[29]
u_aes_peripheral/u_aes_round1/SB_REG_reg[30]
u_aes_peripheral/u_aes_round1/SB_REG_reg[31]
u_aes_peripheral/u_aes_round1/SB_REG_reg[32]
u_aes_peripheral/u_aes_round1/SB_REG_reg[33]
u_aes_peripheral/u_aes_round1/SB_REG_reg[34]
u_aes_peripheral/u_aes_round1/SB_REG_reg[35]
u_aes_peripheral/u_aes_round1/SB_REG_reg[36]
u_aes_peripheral/u_aes_round1/SB_REG_reg[37]
u_aes_peripheral/u_aes_round1/SB_REG_reg[38]
u_aes_peripheral/u_aes_round1/SB_REG_reg[39]
u_aes_peripheral/u_aes_round1/SB_REG_reg[40]
u_aes_peripheral/u_aes_round1/SB_REG_reg[41]
u_aes_peripheral/u_aes_round1/SB_REG_reg[42]
u_aes_peripheral/u_aes_round1/SB_REG_reg[43]
u_aes_peripheral/u_aes_round1/SB_REG_reg[44]
u_aes_peripheral/u_aes_round1/SB_REG_reg[45]
u_aes_peripheral/u_aes_round1/SB_REG_reg[46]
u_aes_peripheral/u_aes_round1/SB_REG_reg[47]
u_aes_peripheral/u_aes_round1/SB_REG_reg[48]
u_aes_peripheral/u_aes_round1/SB_REG_reg[49]
u_aes_peripheral/u_aes_round1/SB_REG_reg[50]
u_aes_peripheral/u_aes_round1/SB_REG_reg[51]
u_aes_peripheral/u_aes_round1/SB_REG_reg[52]
u_aes_peripheral/u_aes_round1/SB_REG_reg[53]
u_aes_peripheral/u_aes_round1/SB_REG_reg[54]
u_aes_peripheral/u_aes_round1/SB_REG_reg[55]
u_aes_peripheral/u_aes_round1/SB_REG_reg[56]
u_aes_peripheral/u_aes_round1/SB_REG_reg[57]
u_aes_peripheral/u_aes_round1/SB_REG_reg[58]
u_aes_peripheral/u_aes_round1/SB_REG_reg[59]
u_aes_peripheral/u_aes_round1/SB_REG_reg[60]
u_aes_peripheral/u_aes_round1/SB_REG_reg[61]
u_aes_peripheral/u_aes_round1/SB_REG_reg[62]
u_aes_peripheral/u_aes_round1/SB_REG_reg[63]
u_aes_peripheral/u_aes_round1/SB_REG_reg[64]
u_aes_peripheral/u_aes_round1/SB_REG_reg[65]
u_aes_peripheral/u_aes_round1/SB_REG_reg[66]
u_aes_peripheral/u_aes_round1/SB_REG_reg[67]
u_aes_peripheral/u_aes_round1/SB_REG_reg[68]
u_aes_peripheral/u_aes_round1/SB_REG_reg[69]
u_aes_peripheral/u_aes_round1/SB_REG_reg[70]
u_aes_peripheral/u_aes_round1/SB_REG_reg[71]
u_aes_peripheral/u_aes_round1/SB_REG_reg[72]
u_aes_peripheral/u_aes_round1/SB_REG_reg[73]
u_aes_peripheral/u_aes_round1/SB_REG_reg[74]
u_aes_peripheral/u_aes_round1/SB_REG_reg[75]
u_aes_peripheral/u_aes_round1/SB_REG_reg[76]
u_aes_peripheral/u_aes_round1/SB_REG_reg[77]
u_aes_peripheral/u_aes_round1/SB_REG_reg[78]
u_aes_peripheral/u_aes_round1/SB_REG_reg[79]
u_aes_peripheral/u_aes_round1/SB_REG_reg[80]
u_aes_peripheral/u_aes_round1/SB_REG_reg[81]
u_aes_peripheral/u_aes_round1/SB_REG_reg[82]
u_aes_peripheral/u_aes_round1/SB_REG_reg[83]
u_aes_peripheral/u_aes_round1/SB_REG_reg[84]
u_aes_peripheral/u_aes_round1/SB_REG_reg[85]
u_aes_peripheral/u_aes_round1/SB_REG_reg[86]
u_aes_peripheral/u_aes_round1/SB_REG_reg[87]
u_aes_peripheral/u_aes_round1/SB_REG_reg[88]
u_aes_peripheral/u_aes_round1/SB_REG_reg[89]
u_aes_peripheral/u_aes_round1/SB_REG_reg[90]
u_aes_peripheral/u_aes_round1/SB_REG_reg[91]
u_aes_peripheral/u_aes_round1/SB_REG_reg[92]
u_aes_peripheral/u_aes_round1/SB_REG_reg[93]
u_aes_peripheral/u_aes_round1/SB_REG_reg[94]
u_aes_peripheral/u_aes_round1/SB_REG_reg[95]
u_aes_peripheral/u_aes_round1/SB_REG_reg[96]
u_aes_peripheral/u_aes_round1/SB_REG_reg[97]
u_aes_peripheral/u_aes_round1/SB_REG_reg[98]
u_aes_peripheral/u_aes_round1/SB_REG_reg[99]
u_aes_peripheral/u_aes_round1/SB_REG_reg[100]
u_aes_peripheral/u_aes_round1/SB_REG_reg[101]
u_aes_peripheral/u_aes_round1/SB_REG_reg[102]
u_aes_peripheral/u_aes_round1/SB_REG_reg[103]
u_aes_peripheral/u_aes_round1/SB_REG_reg[104]
u_aes_peripheral/u_aes_round1/SB_REG_reg[105]
u_aes_peripheral/u_aes_round1/SB_REG_reg[106]
u_aes_peripheral/u_aes_round1/SB_REG_reg[107]
u_aes_peripheral/u_aes_round1/SB_REG_reg[108]
u_aes_peripheral/u_aes_round1/SB_REG_reg[109]
u_aes_peripheral/u_aes_round1/SB_REG_reg[110]
u_aes_peripheral/u_aes_round1/SB_REG_reg[111]
u_aes_peripheral/u_aes_round1/SB_REG_reg[112]
u_aes_peripheral/u_aes_round1/SB_REG_reg[113]
u_aes_peripheral/u_aes_round1/SB_REG_reg[114]
u_aes_peripheral/u_aes_round1/SB_REG_reg[115]
u_aes_peripheral/u_aes_round1/SB_REG_reg[116]
u_aes_peripheral/u_aes_round1/SB_REG_reg[117]
u_aes_peripheral/u_aes_round1/SB_REG_reg[118]
u_aes_peripheral/u_aes_round1/SB_REG_reg[119]
u_aes_peripheral/u_aes_round1/SB_REG_reg[120]
u_aes_peripheral/u_aes_round1/SB_REG_reg[121]
u_aes_peripheral/u_aes_round1/SB_REG_reg[122]
u_aes_peripheral/u_aes_round1/SB_REG_reg[123]
u_aes_peripheral/u_aes_round1/SB_REG_reg[124]
u_aes_peripheral/u_aes_round1/SB_REG_reg[125]
u_aes_peripheral/u_aes_round1/SB_REG_reg[126]
u_aes_peripheral/u_aes_round1/SB_REG_reg[127]
u_aes_peripheral/u_aes_round1/IARK_REG_reg[0]
u_aes_peripheral/u_aes_round1/IARK_REG_reg[1]
u_aes_peripheral/u_aes_round1/IARK_REG_reg[2]
u_aes_peripheral/u_aes_round1/IARK_REG_reg[3]
u_aes_peripheral/u_aes_round1/IARK_REG_reg[4]
u_aes_peripheral/u_aes_round1/IARK_REG_reg[5]
u_aes_peripheral/u_aes_round1/IARK_REG_reg[6]
u_aes_peripheral/u_aes_round1/IARK_REG_reg[7]
u_aes_peripheral/u_aes_round1/IARK_REG_reg[8]
u_aes_peripheral/u_aes_round1/IARK_REG_reg[9]
u_aes_peripheral/u_aes_round1/IARK_REG_reg[10]
u_aes_peripheral/u_aes_round1/IARK_REG_reg[11]
u_aes_peripheral/u_aes_round1/IARK_REG_reg[12]
u_aes_peripheral/u_aes_round1/IARK_REG_reg[13]
u_aes_peripheral/u_aes_round1/IARK_REG_reg[14]
u_aes_peripheral/u_aes_round1/IARK_REG_reg[15]
u_aes_peripheral/u_aes_round1/IARK_REG_reg[16]
u_aes_peripheral/u_aes_round1/IARK_REG_reg[17]
u_aes_peripheral/u_aes_round1/IARK_REG_reg[18]
u_aes_peripheral/u_aes_round1/IARK_REG_reg[19]
u_aes_peripheral/u_aes_round1/IARK_REG_reg[20]
u_aes_peripheral/u_aes_round1/IARK_REG_reg[21]
u_aes_peripheral/u_aes_round1/IARK_REG_reg[22]
u_aes_peripheral/u_aes_round1/IARK_REG_reg[23]
u_aes_peripheral/u_aes_round1/IARK_REG_reg[24]
u_aes_peripheral/u_aes_round1/IARK_REG_reg[25]
u_aes_peripheral/u_aes_round1/IARK_REG_reg[26]
u_aes_peripheral/u_aes_round1/IARK_REG_reg[27]
u_aes_peripheral/u_aes_round1/IARK_REG_reg[28]
u_aes_peripheral/u_aes_round1/IARK_REG_reg[29]
u_aes_peripheral/u_aes_round1/IARK_REG_reg[30]
u_aes_peripheral/u_aes_round1/IARK_REG_reg[31]
u_aes_peripheral/u_aes_round1/IARK_REG_reg[32]
u_aes_peripheral/u_aes_round1/IARK_REG_reg[33]
u_aes_peripheral/u_aes_round1/IARK_REG_reg[34]
u_aes_peripheral/u_aes_round1/IARK_REG_reg[35]
u_aes_peripheral/u_aes_round1/IARK_REG_reg[36]
u_aes_peripheral/u_aes_round1/IARK_REG_reg[37]
u_aes_peripheral/u_aes_round1/IARK_REG_reg[38]
u_aes_peripheral/u_aes_round1/IARK_REG_reg[39]
u_aes_peripheral/u_aes_round1/IARK_REG_reg[40]
u_aes_peripheral/u_aes_round1/IARK_REG_reg[41]
u_aes_peripheral/u_aes_round1/IARK_REG_reg[42]
u_aes_peripheral/u_aes_round1/IARK_REG_reg[43]
u_aes_peripheral/u_aes_round1/IARK_REG_reg[44]
u_aes_peripheral/u_aes_round1/IARK_REG_reg[45]
u_aes_peripheral/u_aes_round1/IARK_REG_reg[46]
u_aes_peripheral/u_aes_round1/IARK_REG_reg[47]
u_aes_peripheral/u_aes_round1/IARK_REG_reg[48]
u_aes_peripheral/u_aes_round1/IARK_REG_reg[49]
u_aes_peripheral/u_aes_round1/IARK_REG_reg[50]
u_aes_peripheral/u_aes_round1/IARK_REG_reg[51]
u_aes_peripheral/u_aes_round1/IARK_REG_reg[52]
u_aes_peripheral/u_aes_round1/IARK_REG_reg[53]
u_aes_peripheral/u_aes_round1/IARK_REG_reg[54]
u_aes_peripheral/u_aes_round1/IARK_REG_reg[55]
u_aes_peripheral/u_aes_round1/IARK_REG_reg[56]
u_aes_peripheral/u_aes_round1/IARK_REG_reg[57]
u_aes_peripheral/u_aes_round1/IARK_REG_reg[58]
u_aes_peripheral/u_aes_round1/IARK_REG_reg[59]
u_aes_peripheral/u_aes_round1/IARK_REG_reg[60]
u_aes_peripheral/u_aes_round1/IARK_REG_reg[61]
u_aes_peripheral/u_aes_round1/IARK_REG_reg[62]
u_aes_peripheral/u_aes_round1/IARK_REG_reg[63]
u_aes_peripheral/u_aes_round1/IARK_REG_reg[64]
u_aes_peripheral/u_aes_round1/IARK_REG_reg[65]
u_aes_peripheral/u_aes_round1/IARK_REG_reg[66]
u_aes_peripheral/u_aes_round1/IARK_REG_reg[67]
u_aes_peripheral/u_aes_round1/IARK_REG_reg[68]
u_aes_peripheral/u_aes_round1/IARK_REG_reg[69]
u_aes_peripheral/u_aes_round1/IARK_REG_reg[70]
u_aes_peripheral/u_aes_round1/IARK_REG_reg[71]
u_aes_peripheral/u_aes_round1/IARK_REG_reg[72]
u_aes_peripheral/u_aes_round1/IARK_REG_reg[73]
u_aes_peripheral/u_aes_round1/IARK_REG_reg[74]
u_aes_peripheral/u_aes_round1/IARK_REG_reg[75]
u_aes_peripheral/u_aes_round1/IARK_REG_reg[76]
u_aes_peripheral/u_aes_round1/IARK_REG_reg[77]
u_aes_peripheral/u_aes_round1/IARK_REG_reg[78]
u_aes_peripheral/u_aes_round1/IARK_REG_reg[79]
u_aes_peripheral/u_aes_round1/IARK_REG_reg[80]
u_aes_peripheral/u_aes_round1/IARK_REG_reg[81]
u_aes_peripheral/u_aes_round1/IARK_REG_reg[82]
u_aes_peripheral/u_aes_round1/IARK_REG_reg[83]
u_aes_peripheral/u_aes_round1/IARK_REG_reg[84]
u_aes_peripheral/u_aes_round1/IARK_REG_reg[85]
u_aes_peripheral/u_aes_round1/IARK_REG_reg[86]
u_aes_peripheral/u_aes_round1/IARK_REG_reg[87]
u_aes_peripheral/u_aes_round1/IARK_REG_reg[88]
u_aes_peripheral/u_aes_round1/IARK_REG_reg[89]
u_aes_peripheral/u_aes_round1/IARK_REG_reg[90]
u_aes_peripheral/u_aes_round1/IARK_REG_reg[91]
u_aes_peripheral/u_aes_round1/IARK_REG_reg[92]
u_aes_peripheral/u_aes_round1/IARK_REG_reg[93]
u_aes_peripheral/u_aes_round1/IARK_REG_reg[94]
u_aes_peripheral/u_aes_round1/IARK_REG_reg[95]
u_aes_peripheral/u_aes_round1/IARK_REG_reg[96]
u_aes_peripheral/u_aes_round1/IARK_REG_reg[97]
u_aes_peripheral/u_aes_round1/IARK_REG_reg[98]
u_aes_peripheral/u_aes_round1/IARK_REG_reg[99]
u_aes_peripheral/u_aes_round1/IARK_REG_reg[100]
u_aes_peripheral/u_aes_round1/IARK_REG_reg[101]
u_aes_peripheral/u_aes_round1/IARK_REG_reg[102]
u_aes_peripheral/u_aes_round1/IARK_REG_reg[103]
u_aes_peripheral/u_aes_round1/IARK_REG_reg[104]
u_aes_peripheral/u_aes_round1/IARK_REG_reg[105]
u_aes_peripheral/u_aes_round1/IARK_REG_reg[106]
u_aes_peripheral/u_aes_round1/IARK_REG_reg[107]
u_aes_peripheral/u_aes_round1/IARK_REG_reg[108]
u_aes_peripheral/u_aes_round1/IARK_REG_reg[109]
u_aes_peripheral/u_aes_round1/IARK_REG_reg[110]
u_aes_peripheral/u_aes_round1/IARK_REG_reg[111]
u_aes_peripheral/u_aes_round1/IARK_REG_reg[112]
u_aes_peripheral/u_aes_round1/IARK_REG_reg[113]
u_aes_peripheral/u_aes_round1/IARK_REG_reg[114]
u_aes_peripheral/u_aes_round1/IARK_REG_reg[115]
u_aes_peripheral/u_aes_round1/IARK_REG_reg[116]
u_aes_peripheral/u_aes_round1/IARK_REG_reg[117]
u_aes_peripheral/u_aes_round1/IARK_REG_reg[118]
u_aes_peripheral/u_aes_round1/IARK_REG_reg[119]
u_aes_peripheral/u_aes_round1/IARK_REG_reg[120]
u_aes_peripheral/u_aes_round1/IARK_REG_reg[121]
u_aes_peripheral/u_aes_round1/IARK_REG_reg[122]
u_aes_peripheral/u_aes_round1/IARK_REG_reg[123]
u_aes_peripheral/u_aes_round1/IARK_REG_reg[124]
u_aes_peripheral/u_aes_round1/IARK_REG_reg[125]
u_aes_peripheral/u_aes_round1/IARK_REG_reg[126]
u_aes_peripheral/u_aes_round1/IARK_REG_reg[127]
u_aes_peripheral/u_aes_round1/MC_REG_reg[0]
u_aes_peripheral/u_aes_round1/MC_REG_reg[1]
u_aes_peripheral/u_aes_round1/MC_REG_reg[2]
u_aes_peripheral/u_aes_round1/MC_REG_reg[3]
u_aes_peripheral/u_aes_round1/MC_REG_reg[4]
u_aes_peripheral/u_aes_round1/MC_REG_reg[5]
u_aes_peripheral/u_aes_round1/MC_REG_reg[6]
u_aes_peripheral/u_aes_round1/MC_REG_reg[7]
u_aes_peripheral/u_aes_round1/MC_REG_reg[8]
u_aes_peripheral/u_aes_round1/MC_REG_reg[9]
u_aes_peripheral/u_aes_round1/MC_REG_reg[10]
u_aes_peripheral/u_aes_round1/MC_REG_reg[11]
u_aes_peripheral/u_aes_round1/MC_REG_reg[12]
u_aes_peripheral/u_aes_round1/MC_REG_reg[13]
u_aes_peripheral/u_aes_round1/MC_REG_reg[14]
u_aes_peripheral/u_aes_round1/MC_REG_reg[15]
u_aes_peripheral/u_aes_round1/MC_REG_reg[16]
u_aes_peripheral/u_aes_round1/MC_REG_reg[17]
u_aes_peripheral/u_aes_round1/MC_REG_reg[18]
u_aes_peripheral/u_aes_round1/MC_REG_reg[19]
u_aes_peripheral/u_aes_round1/MC_REG_reg[20]
u_aes_peripheral/u_aes_round1/MC_REG_reg[21]
u_aes_peripheral/u_aes_round1/MC_REG_reg[22]
u_aes_peripheral/u_aes_round1/MC_REG_reg[23]
u_aes_peripheral/u_aes_round1/MC_REG_reg[24]
u_aes_peripheral/u_aes_round1/MC_REG_reg[25]
u_aes_peripheral/u_aes_round1/MC_REG_reg[26]
u_aes_peripheral/u_aes_round1/MC_REG_reg[27]
u_aes_peripheral/u_aes_round1/MC_REG_reg[28]
u_aes_peripheral/u_aes_round1/MC_REG_reg[29]
u_aes_peripheral/u_aes_round1/MC_REG_reg[30]
u_aes_peripheral/u_aes_round1/MC_REG_reg[31]
u_aes_peripheral/u_aes_round1/MC_REG_reg[32]
u_aes_peripheral/u_aes_round1/MC_REG_reg[33]
u_aes_peripheral/u_aes_round1/MC_REG_reg[34]
u_aes_peripheral/u_aes_round1/MC_REG_reg[35]
u_aes_peripheral/u_aes_round1/MC_REG_reg[36]
u_aes_peripheral/u_aes_round1/MC_REG_reg[37]
u_aes_peripheral/u_aes_round1/MC_REG_reg[38]
u_aes_peripheral/u_aes_round1/MC_REG_reg[39]
u_aes_peripheral/u_aes_round1/MC_REG_reg[40]
u_aes_peripheral/u_aes_round1/MC_REG_reg[41]
u_aes_peripheral/u_aes_round1/MC_REG_reg[42]
u_aes_peripheral/u_aes_round1/MC_REG_reg[43]
u_aes_peripheral/u_aes_round1/MC_REG_reg[44]
u_aes_peripheral/u_aes_round1/MC_REG_reg[45]
u_aes_peripheral/u_aes_round1/MC_REG_reg[46]
u_aes_peripheral/u_aes_round1/MC_REG_reg[47]
u_aes_peripheral/u_aes_round1/MC_REG_reg[48]
u_aes_peripheral/u_aes_round1/MC_REG_reg[49]
u_aes_peripheral/u_aes_round1/MC_REG_reg[50]
u_aes_peripheral/u_aes_round1/MC_REG_reg[51]
u_aes_peripheral/u_aes_round1/MC_REG_reg[52]
u_aes_peripheral/u_aes_round1/MC_REG_reg[53]
u_aes_peripheral/u_aes_round1/MC_REG_reg[54]
u_aes_peripheral/u_aes_round1/MC_REG_reg[55]
u_aes_peripheral/u_aes_round1/MC_REG_reg[56]
u_aes_peripheral/u_aes_round1/MC_REG_reg[57]
u_aes_peripheral/u_aes_round1/MC_REG_reg[58]
u_aes_peripheral/u_aes_round1/MC_REG_reg[59]
u_aes_peripheral/u_aes_round1/MC_REG_reg[60]
u_aes_peripheral/u_aes_round1/MC_REG_reg[61]
u_aes_peripheral/u_aes_round1/MC_REG_reg[62]
u_aes_peripheral/u_aes_round1/MC_REG_reg[63]
u_aes_peripheral/u_aes_round1/MC_REG_reg[64]
u_aes_peripheral/u_aes_round1/MC_REG_reg[65]
u_aes_peripheral/u_aes_round1/MC_REG_reg[66]
u_aes_peripheral/u_aes_round1/MC_REG_reg[67]
u_aes_peripheral/u_aes_round1/MC_REG_reg[68]
u_aes_peripheral/u_aes_round1/MC_REG_reg[69]
u_aes_peripheral/u_aes_round1/MC_REG_reg[70]
u_aes_peripheral/u_aes_round1/MC_REG_reg[71]
u_aes_peripheral/u_aes_round1/MC_REG_reg[72]
u_aes_peripheral/u_aes_round1/MC_REG_reg[73]
u_aes_peripheral/u_aes_round1/MC_REG_reg[74]
u_aes_peripheral/u_aes_round1/MC_REG_reg[75]
u_aes_peripheral/u_aes_round1/MC_REG_reg[76]
u_aes_peripheral/u_aes_round1/MC_REG_reg[77]
u_aes_peripheral/u_aes_round1/MC_REG_reg[78]
u_aes_peripheral/u_aes_round1/MC_REG_reg[79]
u_aes_peripheral/u_aes_round1/MC_REG_reg[80]
u_aes_peripheral/u_aes_round1/MC_REG_reg[81]
u_aes_peripheral/u_aes_round1/MC_REG_reg[82]
u_aes_peripheral/u_aes_round1/MC_REG_reg[83]
u_aes_peripheral/u_aes_round1/MC_REG_reg[84]
u_aes_peripheral/u_aes_round1/MC_REG_reg[85]
u_aes_peripheral/u_aes_round1/MC_REG_reg[86]
u_aes_peripheral/u_aes_round1/MC_REG_reg[87]
u_aes_peripheral/u_aes_round1/MC_REG_reg[88]
u_aes_peripheral/u_aes_round1/MC_REG_reg[89]
u_aes_peripheral/u_aes_round1/MC_REG_reg[90]
u_aes_peripheral/u_aes_round1/MC_REG_reg[91]
u_aes_peripheral/u_aes_round1/MC_REG_reg[92]
u_aes_peripheral/u_aes_round1/MC_REG_reg[93]
u_aes_peripheral/u_aes_round1/MC_REG_reg[94]
u_aes_peripheral/u_aes_round1/MC_REG_reg[95]
u_aes_peripheral/u_aes_round1/MC_REG_reg[96]
u_aes_peripheral/u_aes_round1/MC_REG_reg[97]
u_aes_peripheral/u_aes_round1/MC_REG_reg[98]
u_aes_peripheral/u_aes_round1/MC_REG_reg[99]
u_aes_peripheral/u_aes_round1/MC_REG_reg[100]
u_aes_peripheral/u_aes_round1/MC_REG_reg[101]
u_aes_peripheral/u_aes_round1/MC_REG_reg[102]
u_aes_peripheral/u_aes_round1/MC_REG_reg[103]
u_aes_peripheral/u_aes_round1/MC_REG_reg[104]
u_aes_peripheral/u_aes_round1/MC_REG_reg[105]
u_aes_peripheral/u_aes_round1/MC_REG_reg[106]
u_aes_peripheral/u_aes_round1/MC_REG_reg[107]
u_aes_peripheral/u_aes_round1/MC_REG_reg[108]
u_aes_peripheral/u_aes_round1/MC_REG_reg[109]
u_aes_peripheral/u_aes_round1/MC_REG_reg[110]
u_aes_peripheral/u_aes_round1/MC_REG_reg[111]
u_aes_peripheral/u_aes_round1/MC_REG_reg[112]
u_aes_peripheral/u_aes_round1/MC_REG_reg[113]
u_aes_peripheral/u_aes_round1/MC_REG_reg[114]
u_aes_peripheral/u_aes_round1/MC_REG_reg[115]
u_aes_peripheral/u_aes_round1/MC_REG_reg[116]
u_aes_peripheral/u_aes_round1/MC_REG_reg[117]
u_aes_peripheral/u_aes_round1/MC_REG_reg[118]
u_aes_peripheral/u_aes_round1/MC_REG_reg[119]
u_aes_peripheral/u_aes_round1/MC_REG_reg[120]
u_aes_peripheral/u_aes_round1/MC_REG_reg[121]
u_aes_peripheral/u_aes_round1/MC_REG_reg[122]
u_aes_peripheral/u_aes_round1/MC_REG_reg[123]
u_aes_peripheral/u_aes_round1/MC_REG_reg[124]
u_aes_peripheral/u_aes_round1/MC_REG_reg[125]
u_aes_peripheral/u_aes_round1/MC_REG_reg[126]
u_aes_peripheral/u_aes_round1/MC_REG_reg[127]
u_aes_peripheral/u_aes_round1/SR_REG_reg[0]
u_aes_peripheral/u_aes_round1/SR_REG_reg[1]
u_aes_peripheral/u_aes_round1/SR_REG_reg[2]
u_aes_peripheral/u_aes_round1/SR_REG_reg[3]
u_aes_peripheral/u_aes_round1/SR_REG_reg[4]
u_aes_peripheral/u_aes_round1/SR_REG_reg[5]
u_aes_peripheral/u_aes_round1/SR_REG_reg[6]
u_aes_peripheral/u_aes_round1/SR_REG_reg[7]
u_aes_peripheral/u_aes_round1/SR_REG_reg[8]
u_aes_peripheral/u_aes_round1/SR_REG_reg[9]
u_aes_peripheral/u_aes_round1/SR_REG_reg[10]
u_aes_peripheral/u_aes_round1/SR_REG_reg[11]
u_aes_peripheral/u_aes_round1/SR_REG_reg[12]
u_aes_peripheral/u_aes_round1/SR_REG_reg[13]
u_aes_peripheral/u_aes_round1/SR_REG_reg[14]
u_aes_peripheral/u_aes_round1/SR_REG_reg[15]
u_aes_peripheral/u_aes_round1/SR_REG_reg[16]
u_aes_peripheral/u_aes_round1/SR_REG_reg[17]
u_aes_peripheral/u_aes_round1/SR_REG_reg[18]
u_aes_peripheral/u_aes_round1/SR_REG_reg[19]
u_aes_peripheral/u_aes_round1/SR_REG_reg[20]
u_aes_peripheral/u_aes_round1/SR_REG_reg[21]
u_aes_peripheral/u_aes_round1/SR_REG_reg[22]
u_aes_peripheral/u_aes_round1/SR_REG_reg[23]
u_aes_peripheral/u_aes_round1/SR_REG_reg[24]
u_aes_peripheral/u_aes_round1/SR_REG_reg[25]
u_aes_peripheral/u_aes_round1/SR_REG_reg[26]
u_aes_peripheral/u_aes_round1/SR_REG_reg[27]
u_aes_peripheral/u_aes_round1/SR_REG_reg[28]
u_aes_peripheral/u_aes_round1/SR_REG_reg[29]
u_aes_peripheral/u_aes_round1/SR_REG_reg[30]
u_aes_peripheral/u_aes_round1/SR_REG_reg[31]
u_aes_peripheral/u_aes_round1/SR_REG_reg[32]
u_aes_peripheral/u_aes_round1/SR_REG_reg[33]
u_aes_peripheral/u_aes_round1/SR_REG_reg[34]
u_aes_peripheral/u_aes_round1/SR_REG_reg[35]
u_aes_peripheral/u_aes_round1/SR_REG_reg[36]
u_aes_peripheral/u_aes_round1/SR_REG_reg[37]
u_aes_peripheral/u_aes_round1/SR_REG_reg[38]
u_aes_peripheral/u_aes_round1/SR_REG_reg[39]
u_aes_peripheral/u_aes_round1/SR_REG_reg[40]
u_aes_peripheral/u_aes_round1/SR_REG_reg[41]
u_aes_peripheral/u_aes_round1/SR_REG_reg[42]
u_aes_peripheral/u_aes_round1/SR_REG_reg[43]
u_aes_peripheral/u_aes_round1/SR_REG_reg[44]
u_aes_peripheral/u_aes_round1/SR_REG_reg[45]
u_aes_peripheral/u_aes_round1/SR_REG_reg[46]
u_aes_peripheral/u_aes_round1/SR_REG_reg[47]
u_aes_peripheral/u_aes_round1/SR_REG_reg[48]
u_aes_peripheral/u_aes_round1/SR_REG_reg[49]
u_aes_peripheral/u_aes_round1/SR_REG_reg[50]
u_aes_peripheral/u_aes_round1/SR_REG_reg[51]
u_aes_peripheral/u_aes_round1/SR_REG_reg[52]
u_aes_peripheral/u_aes_round1/SR_REG_reg[53]
u_aes_peripheral/u_aes_round1/SR_REG_reg[54]
u_aes_peripheral/u_aes_round1/SR_REG_reg[55]
u_aes_peripheral/u_aes_round1/SR_REG_reg[56]
u_aes_peripheral/u_aes_round1/SR_REG_reg[57]
u_aes_peripheral/u_aes_round1/SR_REG_reg[58]
u_aes_peripheral/u_aes_round1/SR_REG_reg[59]
u_aes_peripheral/u_aes_round1/SR_REG_reg[60]
u_aes_peripheral/u_aes_round1/SR_REG_reg[61]
u_aes_peripheral/u_aes_round1/SR_REG_reg[62]
u_aes_peripheral/u_aes_round1/SR_REG_reg[63]
u_aes_peripheral/u_aes_round1/SR_REG_reg[64]
u_aes_peripheral/u_aes_round1/SR_REG_reg[65]
u_aes_peripheral/u_aes_round1/SR_REG_reg[66]
u_aes_peripheral/u_aes_round1/SR_REG_reg[67]
u_aes_peripheral/u_aes_round1/SR_REG_reg[68]
u_aes_peripheral/u_aes_round1/SR_REG_reg[69]
u_aes_peripheral/u_aes_round1/SR_REG_reg[70]
u_aes_peripheral/u_aes_round1/SR_REG_reg[71]
u_aes_peripheral/u_aes_round1/SR_REG_reg[72]
u_aes_peripheral/u_aes_round1/SR_REG_reg[73]
u_aes_peripheral/u_aes_round1/SR_REG_reg[74]
u_aes_peripheral/u_aes_round1/SR_REG_reg[75]
u_aes_peripheral/u_aes_round1/SR_REG_reg[76]
u_aes_peripheral/u_aes_round1/SR_REG_reg[77]
u_aes_peripheral/u_aes_round1/SR_REG_reg[78]
u_aes_peripheral/u_aes_round1/SR_REG_reg[79]
u_aes_peripheral/u_aes_round1/SR_REG_reg[80]
u_aes_peripheral/u_aes_round1/SR_REG_reg[81]
u_aes_peripheral/u_aes_round1/SR_REG_reg[82]
u_aes_peripheral/u_aes_round1/SR_REG_reg[83]
u_aes_peripheral/u_aes_round1/SR_REG_reg[84]
u_aes_peripheral/u_aes_round1/SR_REG_reg[85]
u_aes_peripheral/u_aes_round1/SR_REG_reg[86]
u_aes_peripheral/u_aes_round1/SR_REG_reg[87]
u_aes_peripheral/u_aes_round1/SR_REG_reg[88]
u_aes_peripheral/u_aes_round1/SR_REG_reg[89]
u_aes_peripheral/u_aes_round1/SR_REG_reg[90]
u_aes_peripheral/u_aes_round1/SR_REG_reg[91]
u_aes_peripheral/u_aes_round1/SR_REG_reg[92]
u_aes_peripheral/u_aes_round1/SR_REG_reg[93]
u_aes_peripheral/u_aes_round1/SR_REG_reg[94]
u_aes_peripheral/u_aes_round1/SR_REG_reg[95]
u_aes_peripheral/u_aes_round1/SR_REG_reg[96]
u_aes_peripheral/u_aes_round1/SR_REG_reg[97]
u_aes_peripheral/u_aes_round1/SR_REG_reg[98]
u_aes_peripheral/u_aes_round1/SR_REG_reg[99]
u_aes_peripheral/u_aes_round1/SR_REG_reg[100]
u_aes_peripheral/u_aes_round1/SR_REG_reg[101]
u_aes_peripheral/u_aes_round1/SR_REG_reg[102]
u_aes_peripheral/u_aes_round1/SR_REG_reg[103]
u_aes_peripheral/u_aes_round1/SR_REG_reg[104]
u_aes_peripheral/u_aes_round1/SR_REG_reg[105]
u_aes_peripheral/u_aes_round1/SR_REG_reg[106]
u_aes_peripheral/u_aes_round1/SR_REG_reg[107]
u_aes_peripheral/u_aes_round1/SR_REG_reg[108]
u_aes_peripheral/u_aes_round1/SR_REG_reg[109]
u_aes_peripheral/u_aes_round1/SR_REG_reg[110]
u_aes_peripheral/u_aes_round1/SR_REG_reg[111]
u_aes_peripheral/u_aes_round1/SR_REG_reg[112]
u_aes_peripheral/u_aes_round1/SR_REG_reg[113]
u_aes_peripheral/u_aes_round1/SR_REG_reg[114]
u_aes_peripheral/u_aes_round1/SR_REG_reg[115]
u_aes_peripheral/u_aes_round1/SR_REG_reg[116]
u_aes_peripheral/u_aes_round1/SR_REG_reg[117]
u_aes_peripheral/u_aes_round1/SR_REG_reg[118]
u_aes_peripheral/u_aes_round1/SR_REG_reg[119]
u_aes_peripheral/u_aes_round1/SR_REG_reg[120]
u_aes_peripheral/u_aes_round1/SR_REG_reg[121]
u_aes_peripheral/u_aes_round1/SR_REG_reg[122]
u_aes_peripheral/u_aes_round1/SR_REG_reg[123]
u_aes_peripheral/u_aes_round1/SR_REG_reg[124]
u_aes_peripheral/u_aes_round1/SR_REG_reg[125]
u_aes_peripheral/u_aes_round1/SR_REG_reg[126]
u_aes_peripheral/u_aes_round1/SR_REG_reg[127]
u_mor1kx/mor1kx_cpu/cappuccino.mor1kx_cpu/mor1kx_decode_execute_cappuccino/execute_bubble_o_reg
u_mor1kx/mor1kx_cpu/cappuccino.mor1kx_cpu/mor1kx_fetch_cappuccino/fetching_brcond_reg
u_mor1kx/mor1kx_cpu/cappuccino.mor1kx_cpu/mor1kx_lsu_cappuccino/genblk2.store_buffer_full_r_reg
u_mor1kx/bus_gen.ibus_bridge/b3_read_bursting.finish_burst_r_reg
u_mor1kx/mor1kx_cpu/cappuccino.mor1kx_cpu/mor1kx_decode_execute_cappuccino/execute_op_rfe_o_reg
u_mor1kx/mor1kx_cpu/cappuccino.mor1kx_cpu/mor1kx_fetch_cappuccino/fetch_valid_o_reg
u_mor1kx/mor1kx_cpu/cappuccino.mor1kx_cpu/mor1kx_fetch_cappuccino/ibus_req_reg
u_mor1kx/mor1kx_cpu/cappuccino.mor1kx_cpu/mor1kx_ctrl_cappuccino/last_branch_insn_pc_reg[21]
u_mor1kx/mor1kx_cpu/cappuccino.mor1kx_cpu/mor1kx_ctrl_cappuccino/last_branch_insn_pc_reg[20]
u_mor1kx/mor1kx_cpu/cappuccino.mor1kx_cpu/mor1kx_ctrl_cappuccino/last_branch_insn_pc_reg[19]
u_mor1kx/mor1kx_cpu/cappuccino.mor1kx_cpu/mor1kx_ctrl_cappuccino/last_branch_insn_pc_reg[18]
u_mor1kx/mor1kx_cpu/cappuccino.mor1kx_cpu/mor1kx_ctrl_cappuccino/spr_esr_reg[9]
u_mor1kx/mor1kx_cpu/cappuccino.mor1kx_cpu/mor1kx_ctrl_cappuccino/spr_eear_reg[28]
u_mor1kx/mor1kx_cpu/cappuccino.mor1kx_cpu/mor1kx_ctrl_cappuccino/spr_eear_reg[15]
u_mor1kx/mor1kx_cpu/cappuccino.mor1kx_cpu/mor1kx_ctrl_cappuccino/spr_eear_reg[13]
u_mor1kx/mor1kx_cpu/cappuccino.mor1kx_cpu/mor1kx_ctrl_cappuccino/spr_eear_reg[10]
u_mor1kx/mor1kx_cpu/cappuccino.mor1kx_cpu/mor1kx_execute_ctrl_cappuccino/ctrl_rf_wb_o_reg
u_mor1kx/mor1kx_cpu/cappuccino.mor1kx_cpu/mor1kx_execute_ctrl_cappuccino/ctrl_op_mtspr_o_reg
u_mor1kx/mor1kx_cpu/cappuccino.mor1kx_cpu/mor1kx_execute_ctrl_cappuccino/ctrl_op_msync_o_reg
u_mor1kx/mor1kx_cpu/cappuccino.mor1kx_cpu/mor1kx_execute_ctrl_cappuccino/ctrl_op_mfspr_o_reg
u_mor1kx/mor1kx_cpu/cappuccino.mor1kx_cpu/mor1kx_fetch_cappuccino/state_reg[0]
u_mor1kx/mor1kx_cpu/cappuccino.mor1kx_cpu/mor1kx_ctrl_cappuccino/spr_sr_reg[9]
u_mor1kx/mor1kx_cpu/cappuccino.mor1kx_cpu/mor1kx_execute_ctrl_cappuccino/ctrl_carry_clear_o_reg
u_mor1kx/mor1kx_cpu/cappuccino.mor1kx_cpu/mor1kx_fetch_cappuccino/decode_insn_o_reg[29]
u_mor1kx/mor1kx_cpu/cappuccino.mor1kx_cpu/mor1kx_fetch_cappuccino/decode_insn_o_reg[27]
u_mor1kx/mor1kx_cpu/cappuccino.mor1kx_cpu/mor1kx_fetch_cappuccino/decode_insn_o_reg[25]
u_mor1kx/mor1kx_cpu/cappuccino.mor1kx_cpu/mor1kx_fetch_cappuccino/decode_insn_o_reg[24]
u_mor1kx/mor1kx_cpu/cappuccino.mor1kx_cpu/mor1kx_fetch_cappuccino/decode_insn_o_reg[3]
u_mor1kx/mor1kx_cpu/cappuccino.mor1kx_cpu/mor1kx_fetch_cappuccino/decode_insn_o_reg[2]
u_mor1kx/mor1kx_cpu/cappuccino.mor1kx_cpu/mor1kx_fetch_cappuccino/decode_insn_o_reg[1]
u_mor1kx/mor1kx_cpu/cappuccino.mor1kx_cpu/mor1kx_fetch_cappuccino/decode_insn_o_reg[0]
u_mor1kx/mor1kx_cpu/cappuccino.mor1kx_cpu/mor1kx_fetch_cappuccino/decode_insn_o_reg[10]
u_mor1kx/mor1kx_cpu/cappuccino.mor1kx_cpu/mor1kx_fetch_cappuccino/decode_insn_o_reg[31]
u_mor1kx/mor1kx_cpu/cappuccino.mor1kx_cpu/mor1kx_fetch_cappuccino/decode_insn_o_reg[30]
u_mor1kx/mor1kx_cpu/cappuccino.mor1kx_cpu/mor1kx_fetch_cappuccino/decode_insn_o_reg[23]
u_mor1kx/mor1kx_cpu/cappuccino.mor1kx_cpu/mor1kx_fetch_cappuccino/decode_insn_o_reg[22]
u_mor1kx/mor1kx_cpu/cappuccino.mor1kx_cpu/mor1kx_fetch_cappuccino/decode_insn_o_reg[21]
u_mor1kx/mor1kx_cpu/cappuccino.mor1kx_cpu/mor1kx_fetch_cappuccino/decode_insn_o_reg[5]
u_mor1kx/mor1kx_cpu/cappuccino.mor1kx_cpu/mor1kx_fetch_cappuccino/decode_insn_o_reg[4]
u_mor1kx/mor1kx_cpu/cappuccino.mor1kx_cpu/mor1kx_fetch_cappuccino/decode_insn_o_reg[9]
u_mor1kx/mor1kx_cpu/cappuccino.mor1kx_cpu/mor1kx_fetch_cappuccino/decode_insn_o_reg[8]
u_mor1kx/mor1kx_cpu/cappuccino.mor1kx_cpu/mor1kx_fetch_cappuccino/decode_insn_o_reg[7]
u_mor1kx/mor1kx_cpu/cappuccino.mor1kx_cpu/mor1kx_fetch_cappuccino/decode_insn_o_reg[6]
u_mor1kx/mor1kx_cpu/cappuccino.mor1kx_cpu/mor1kx_execute_ctrl_cappuccino/pc_ctrl_o_reg[8]
u_mor1kx/mor1kx_cpu/cappuccino.mor1kx_cpu/mor1kx_execute_ctrl_cappuccino/pc_ctrl_o_reg[30]
u_mor1kx/mor1kx_cpu/cappuccino.mor1kx_cpu/mor1kx_execute_ctrl_cappuccino/pc_ctrl_o_reg[27]
u_mor1kx/mor1kx_cpu/cappuccino.mor1kx_cpu/mor1kx_execute_ctrl_cappuccino/pc_ctrl_o_reg[24]
u_mor1kx/mor1kx_cpu/cappuccino.mor1kx_cpu/mor1kx_execute_ctrl_cappuccino/pc_ctrl_o_reg[21]
u_mor1kx/mor1kx_cpu/cappuccino.mor1kx_cpu/mor1kx_execute_ctrl_cappuccino/pc_ctrl_o_reg[18]
u_mor1kx/mor1kx_cpu/cappuccino.mor1kx_cpu/mor1kx_execute_ctrl_cappuccino/pc_ctrl_o_reg[15]
u_mor1kx/mor1kx_cpu/cappuccino.mor1kx_cpu/mor1kx_execute_ctrl_cappuccino/pc_ctrl_o_reg[12]
u_mor1kx/mor1kx_cpu/cappuccino.mor1kx_cpu/mor1kx_execute_ctrl_cappuccino/pc_ctrl_o_reg[9]
u_mor1kx/mor1kx_cpu/cappuccino.mor1kx_cpu/mor1kx_execute_ctrl_cappuccino/pc_ctrl_o_reg[6]
u_mor1kx/mor1kx_cpu/cappuccino.mor1kx_cpu/mor1kx_execute_ctrl_cappuccino/pc_ctrl_o_reg[3]
u_mor1kx/mor1kx_cpu/cappuccino.mor1kx_cpu/mor1kx_execute_ctrl_cappuccino/pc_ctrl_o_reg[0]
u_mor1kx/mor1kx_cpu/cappuccino.mor1kx_cpu/mor1kx_lsu_cappuccino/state_reg[2]
u_mor1kx/mor1kx_cpu/cappuccino.mor1kx_cpu/mor1kx_execute_ctrl_cappuccino/pc_ctrl_o_reg[29]
u_mor1kx/mor1kx_cpu/cappuccino.mor1kx_cpu/mor1kx_execute_ctrl_cappuccino/pc_ctrl_o_reg[26]
u_mor1kx/mor1kx_cpu/cappuccino.mor1kx_cpu/mor1kx_execute_ctrl_cappuccino/pc_ctrl_o_reg[23]
u_mor1kx/mor1kx_cpu/cappuccino.mor1kx_cpu/mor1kx_execute_ctrl_cappuccino/pc_ctrl_o_reg[20]
u_mor1kx/mor1kx_cpu/cappuccino.mor1kx_cpu/mor1kx_execute_ctrl_cappuccino/pc_ctrl_o_reg[17]
u_mor1kx/mor1kx_cpu/cappuccino.mor1kx_cpu/mor1kx_execute_ctrl_cappuccino/pc_ctrl_o_reg[14]
u_mor1kx/mor1kx_cpu/cappuccino.mor1kx_cpu/mor1kx_execute_ctrl_cappuccino/pc_ctrl_o_reg[11]
u_mor1kx/mor1kx_cpu/cappuccino.mor1kx_cpu/mor1kx_execute_ctrl_cappuccino/pc_ctrl_o_reg[5]
u_mor1kx/mor1kx_cpu/cappuccino.mor1kx_cpu/mor1kx_execute_ctrl_cappuccino/pc_ctrl_o_reg[2]
u_mor1kx/mor1kx_cpu/cappuccino.mor1kx_cpu/mor1kx_execute_ctrl_cappuccino/pc_ctrl_o_reg[31]
u_mor1kx/mor1kx_cpu/cappuccino.mor1kx_cpu/mor1kx_execute_ctrl_cappuccino/pc_ctrl_o_reg[28]
u_mor1kx/mor1kx_cpu/cappuccino.mor1kx_cpu/mor1kx_execute_ctrl_cappuccino/pc_ctrl_o_reg[25]
u_mor1kx/mor1kx_cpu/cappuccino.mor1kx_cpu/mor1kx_execute_ctrl_cappuccino/pc_ctrl_o_reg[22]
u_mor1kx/mor1kx_cpu/cappuccino.mor1kx_cpu/mor1kx_execute_ctrl_cappuccino/pc_ctrl_o_reg[19]
u_mor1kx/mor1kx_cpu/cappuccino.mor1kx_cpu/mor1kx_execute_ctrl_cappuccino/pc_ctrl_o_reg[16]
u_mor1kx/mor1kx_cpu/cappuccino.mor1kx_cpu/mor1kx_execute_ctrl_cappuccino/pc_ctrl_o_reg[13]
u_mor1kx/mor1kx_cpu/cappuccino.mor1kx_cpu/mor1kx_execute_ctrl_cappuccino/pc_ctrl_o_reg[10]
u_mor1kx/mor1kx_cpu/cappuccino.mor1kx_cpu/mor1kx_execute_ctrl_cappuccino/pc_ctrl_o_reg[7]
u_mor1kx/mor1kx_cpu/cappuccino.mor1kx_cpu/mor1kx_execute_ctrl_cappuccino/pc_ctrl_o_reg[4]
u_mor1kx/mor1kx_cpu/cappuccino.mor1kx_cpu/mor1kx_execute_ctrl_cappuccino/pc_ctrl_o_reg[1]
u_mor1kx/mor1kx_cpu/cappuccino.mor1kx_cpu/mor1kx_execute_ctrl_cappuccino/ctrl_op_lsu_store_o_reg
u_mor1kx/mor1kx_cpu/cappuccino.mor1kx_cpu/mor1kx_execute_ctrl_cappuccino/ctrl_op_lsu_load_o_reg
u_mor1kx/mor1kx_cpu/cappuccino.mor1kx_cpu/mor1kx_fetch_cappuccino/pc_fetch_reg[28]
u_mor1kx/mor1kx_cpu/cappuccino.mor1kx_cpu/mor1kx_fetch_cappuccino/pc_fetch_reg[24]
u_mor1kx/mor1kx_cpu/cappuccino.mor1kx_cpu/mor1kx_lsu_cappuccino/state_reg[1]
u_mor1kx/mor1kx_cpu/cappuccino.mor1kx_cpu/mor1kx_fetch_cappuccino/pc_fetch_reg[8]
u_mor1kx/mor1kx_cpu/cappuccino.mor1kx_cpu/mor1kx_fetch_cappuccino/pc_fetch_reg[30]
u_mor1kx/mor1kx_cpu/cappuccino.mor1kx_cpu/mor1kx_fetch_cappuccino/pc_fetch_reg[26]
u_mor1kx/mor1kx_cpu/cappuccino.mor1kx_cpu/mor1kx_fetch_cappuccino/pc_fetch_reg[22]
u_mor1kx/mor1kx_cpu/cappuccino.mor1kx_cpu/mor1kx_fetch_cappuccino/pc_fetch_reg[20]
u_mor1kx/mor1kx_cpu/cappuccino.mor1kx_cpu/mor1kx_fetch_cappuccino/pc_fetch_reg[18]
u_mor1kx/mor1kx_cpu/cappuccino.mor1kx_cpu/mor1kx_fetch_cappuccino/pc_fetch_reg[16]
u_mor1kx/mor1kx_cpu/cappuccino.mor1kx_cpu/mor1kx_fetch_cappuccino/pc_fetch_reg[14]
u_mor1kx/mor1kx_cpu/cappuccino.mor1kx_cpu/mor1kx_fetch_cappuccino/pc_fetch_reg[12]
u_mor1kx/mor1kx_cpu/cappuccino.mor1kx_cpu/mor1kx_fetch_cappuccino/pc_fetch_reg[10]
u_mor1kx/mor1kx_cpu/cappuccino.mor1kx_cpu/mor1kx_fetch_cappuccino/pc_fetch_reg[6]
u_mor1kx/mor1kx_cpu/cappuccino.mor1kx_cpu/mor1kx_fetch_cappuccino/pc_fetch_reg[4]
u_mor1kx/mor1kx_cpu/cappuccino.mor1kx_cpu/mor1kx_fetch_cappuccino/pc_fetch_reg[2]
u_mor1kx/mor1kx_cpu/cappuccino.mor1kx_cpu/mor1kx_fetch_cappuccino/pc_fetch_reg[0]
u_mor1kx/mor1kx_cpu/cappuccino.mor1kx_cpu/mor1kx_execute_ctrl_cappuccino/ctrl_op_lsu_atomic_o_reg
u_mor1kx/mor1kx_cpu/cappuccino.mor1kx_cpu/mor1kx_fetch_cappuccino/pc_fetch_reg[31]
u_mor1kx/mor1kx_cpu/cappuccino.mor1kx_cpu/mor1kx_fetch_cappuccino/pc_fetch_reg[29]
u_mor1kx/mor1kx_cpu/cappuccino.mor1kx_cpu/mor1kx_fetch_cappuccino/pc_fetch_reg[27]
u_mor1kx/mor1kx_cpu/cappuccino.mor1kx_cpu/mor1kx_fetch_cappuccino/pc_fetch_reg[25]
u_mor1kx/mor1kx_cpu/cappuccino.mor1kx_cpu/mor1kx_fetch_cappuccino/pc_fetch_reg[23]
u_mor1kx/mor1kx_cpu/cappuccino.mor1kx_cpu/mor1kx_fetch_cappuccino/pc_fetch_reg[21]
u_mor1kx/mor1kx_cpu/cappuccino.mor1kx_cpu/mor1kx_fetch_cappuccino/pc_fetch_reg[19]
u_mor1kx/mor1kx_cpu/cappuccino.mor1kx_cpu/mor1kx_fetch_cappuccino/pc_fetch_reg[17]
u_mor1kx/mor1kx_cpu/cappuccino.mor1kx_cpu/mor1kx_fetch_cappuccino/pc_fetch_reg[15]
u_mor1kx/mor1kx_cpu/cappuccino.mor1kx_cpu/mor1kx_fetch_cappuccino/pc_fetch_reg[13]
u_mor1kx/mor1kx_cpu/cappuccino.mor1kx_cpu/mor1kx_fetch_cappuccino/pc_fetch_reg[11]
u_mor1kx/mor1kx_cpu/cappuccino.mor1kx_cpu/mor1kx_fetch_cappuccino/pc_fetch_reg[9]
u_mor1kx/mor1kx_cpu/cappuccino.mor1kx_cpu/mor1kx_fetch_cappuccino/pc_fetch_reg[7]
u_mor1kx/mor1kx_cpu/cappuccino.mor1kx_cpu/mor1kx_fetch_cappuccino/pc_fetch_reg[5]
u_mor1kx/mor1kx_cpu/cappuccino.mor1kx_cpu/mor1kx_fetch_cappuccino/pc_fetch_reg[3]
u_mor1kx/mor1kx_cpu/cappuccino.mor1kx_cpu/mor1kx_lsu_cappuccino/state_reg[0]
u_mor1kx/mor1kx_cpu/cappuccino.mor1kx_cpu/mor1kx_execute_ctrl_cappuccino/ctrl_flag_set_o_reg
u_mor1kx/mor1kx_cpu/cappuccino.mor1kx_cpu/mor1kx_fetch_cappuccino/pc_fetch_reg[1]
u_mor1kx/mor1kx_cpu/cappuccino.mor1kx_cpu/mor1kx_decode_execute_cappuccino/execute_except_ibus_align_o_reg
u_mor1kx/mor1kx_cpu/cappuccino.mor1kx_cpu/mor1kx_ctrl_cappuccino/spr_eear_reg[31]
u_mor1kx/mor1kx_cpu/cappuccino.mor1kx_cpu/mor1kx_ctrl_cappuccino/spr_eear_reg[30]
u_mor1kx/mor1kx_cpu/cappuccino.mor1kx_cpu/mor1kx_ctrl_cappuccino/spr_eear_reg[29]
u_mor1kx/mor1kx_cpu/cappuccino.mor1kx_cpu/mor1kx_ctrl_cappuccino/spr_eear_reg[27]
u_mor1kx/mor1kx_cpu/cappuccino.mor1kx_cpu/mor1kx_ctrl_cappuccino/spr_eear_reg[26]
u_mor1kx/mor1kx_cpu/cappuccino.mor1kx_cpu/mor1kx_ctrl_cappuccino/spr_eear_reg[25]
u_mor1kx/mor1kx_cpu/cappuccino.mor1kx_cpu/mor1kx_ctrl_cappuccino/spr_eear_reg[24]
u_mor1kx/mor1kx_cpu/cappuccino.mor1kx_cpu/mor1kx_ctrl_cappuccino/spr_eear_reg[23]
u_mor1kx/mor1kx_cpu/cappuccino.mor1kx_cpu/mor1kx_ctrl_cappuccino/spr_eear_reg[22]
u_mor1kx/mor1kx_cpu/cappuccino.mor1kx_cpu/mor1kx_ctrl_cappuccino/spr_eear_reg[21]
u_mor1kx/mor1kx_cpu/cappuccino.mor1kx_cpu/mor1kx_ctrl_cappuccino/spr_eear_reg[20]
u_mor1kx/mor1kx_cpu/cappuccino.mor1kx_cpu/mor1kx_ctrl_cappuccino/spr_eear_reg[19]
u_mor1kx/mor1kx_cpu/cappuccino.mor1kx_cpu/mor1kx_ctrl_cappuccino/spr_eear_reg[18]
u_mor1kx/mor1kx_cpu/cappuccino.mor1kx_cpu/mor1kx_ctrl_cappuccino/spr_eear_reg[17]
u_mor1kx/mor1kx_cpu/cappuccino.mor1kx_cpu/mor1kx_ctrl_cappuccino/spr_eear_reg[16]
u_mor1kx/mor1kx_cpu/cappuccino.mor1kx_cpu/mor1kx_ctrl_cappuccino/spr_eear_reg[14]
u_mor1kx/mor1kx_cpu/cappuccino.mor1kx_cpu/mor1kx_ctrl_cappuccino/spr_eear_reg[12]
u_mor1kx/mor1kx_cpu/cappuccino.mor1kx_cpu/mor1kx_ctrl_cappuccino/spr_eear_reg[11]
u_mor1kx/mor1kx_cpu/cappuccino.mor1kx_cpu/mor1kx_ctrl_cappuccino/spr_eear_reg[9]
u_mor1kx/mor1kx_cpu/cappuccino.mor1kx_cpu/mor1kx_ctrl_cappuccino/spr_eear_reg[8]
u_mor1kx/mor1kx_cpu/cappuccino.mor1kx_cpu/mor1kx_ctrl_cappuccino/spr_eear_reg[7]
u_mor1kx/mor1kx_cpu/cappuccino.mor1kx_cpu/mor1kx_ctrl_cappuccino/spr_eear_reg[6]
u_mor1kx/mor1kx_cpu/cappuccino.mor1kx_cpu/mor1kx_ctrl_cappuccino/spr_eear_reg[5]
u_mor1kx/mor1kx_cpu/cappuccino.mor1kx_cpu/mor1kx_ctrl_cappuccino/spr_eear_reg[4]
u_mor1kx/mor1kx_cpu/cappuccino.mor1kx_cpu/mor1kx_ctrl_cappuccino/spr_eear_reg[3]
u_mor1kx/mor1kx_cpu/cappuccino.mor1kx_cpu/mor1kx_ctrl_cappuccino/spr_eear_reg[2]
u_mor1kx/mor1kx_cpu/cappuccino.mor1kx_cpu/mor1kx_ctrl_cappuccino/spr_eear_reg[1]
u_mor1kx/mor1kx_cpu/cappuccino.mor1kx_cpu/mor1kx_ctrl_cappuccino/spr_eear_reg[0]
rst_fanin_count=493
unmapped_count=512
